ARM GAS  C:\Users\212596~1\AppData\Local\Temp\cc9UBzGf.s 			page 1


   1              		.syntax unified
   2              		.cpu cortex-m3
   3              		.fpu softvfp
   4              		.eabi_attribute 20, 1
   5              		.eabi_attribute 21, 1
   6              		.eabi_attribute 23, 3
   7              		.eabi_attribute 24, 1
   8              		.eabi_attribute 25, 1
   9              		.eabi_attribute 26, 1
  10              		.eabi_attribute 30, 6
  11              		.eabi_attribute 34, 1
  12              		.eabi_attribute 18, 4
  13              		.thumb
  14              		.syntax unified
  15              		.file	"Opamp.c"
  16              		.text
  17              	.Ltext0:
  18              		.cfi_sections	.debug_frame
  19              		.global	Opamp_initVar
  20              		.bss
  21              		.type	Opamp_initVar, %object
  22              		.size	Opamp_initVar, 1
  23              	Opamp_initVar:
  24 0000 00       		.space	1
  25              		.section	.text.Opamp_Init,"ax",%progbits
  26              		.align	2
  27              		.global	Opamp_Init
  28              		.thumb
  29              		.thumb_func
  30              		.type	Opamp_Init, %function
  31              	Opamp_Init:
  32              	.LFB0:
  33              		.file 1 "Generated_Source\\PSoC5\\Opamp.c"
   1:Generated_Source\PSoC5/Opamp.c **** /*******************************************************************************
   2:Generated_Source\PSoC5/Opamp.c **** * File Name: Opamp.c
   3:Generated_Source\PSoC5/Opamp.c **** * Version 1.90
   4:Generated_Source\PSoC5/Opamp.c **** *
   5:Generated_Source\PSoC5/Opamp.c **** * Description:
   6:Generated_Source\PSoC5/Opamp.c **** *  This file provides the source code to the API for OpAmp (Analog Buffer) 
   7:Generated_Source\PSoC5/Opamp.c **** *  Component.
   8:Generated_Source\PSoC5/Opamp.c **** *
   9:Generated_Source\PSoC5/Opamp.c **** * Note:
  10:Generated_Source\PSoC5/Opamp.c **** *
  11:Generated_Source\PSoC5/Opamp.c **** ********************************************************************************
  12:Generated_Source\PSoC5/Opamp.c **** * Copyright 2008-2012, Cypress Semiconductor Corporation.  All rights reserved.
  13:Generated_Source\PSoC5/Opamp.c **** * You may use this file only in accordance with the license, terms, conditions, 
  14:Generated_Source\PSoC5/Opamp.c **** * disclaimers, and limitations in the end user license agreement accompanying 
  15:Generated_Source\PSoC5/Opamp.c **** * the software package with which this file was provided.
  16:Generated_Source\PSoC5/Opamp.c **** *******************************************************************************/
  17:Generated_Source\PSoC5/Opamp.c **** 
  18:Generated_Source\PSoC5/Opamp.c **** #include "Opamp.h"
  19:Generated_Source\PSoC5/Opamp.c **** 
  20:Generated_Source\PSoC5/Opamp.c **** uint8 Opamp_initVar = 0u;
  21:Generated_Source\PSoC5/Opamp.c **** 
  22:Generated_Source\PSoC5/Opamp.c **** 
  23:Generated_Source\PSoC5/Opamp.c **** /*******************************************************************************   
  24:Generated_Source\PSoC5/Opamp.c **** * Function Name: Opamp_Init
ARM GAS  C:\Users\212596~1\AppData\Local\Temp\cc9UBzGf.s 			page 2


  25:Generated_Source\PSoC5/Opamp.c **** ********************************************************************************
  26:Generated_Source\PSoC5/Opamp.c **** *
  27:Generated_Source\PSoC5/Opamp.c **** * Summary:
  28:Generated_Source\PSoC5/Opamp.c **** *  Initialize component's parameters to the parameters set by user in the 
  29:Generated_Source\PSoC5/Opamp.c **** *  customizer of the component placed onto schematic. Usually called in 
  30:Generated_Source\PSoC5/Opamp.c **** *  Opamp_Start().
  31:Generated_Source\PSoC5/Opamp.c **** *
  32:Generated_Source\PSoC5/Opamp.c **** * Parameters:
  33:Generated_Source\PSoC5/Opamp.c **** *  void
  34:Generated_Source\PSoC5/Opamp.c **** *
  35:Generated_Source\PSoC5/Opamp.c **** * Return:
  36:Generated_Source\PSoC5/Opamp.c **** *  void
  37:Generated_Source\PSoC5/Opamp.c **** *
  38:Generated_Source\PSoC5/Opamp.c **** *******************************************************************************/
  39:Generated_Source\PSoC5/Opamp.c **** void Opamp_Init(void) 
  40:Generated_Source\PSoC5/Opamp.c **** {
  34              		.loc 1 40 0
  35              		.cfi_startproc
  36              		@ args = 0, pretend = 0, frame = 0
  37              		@ frame_needed = 1, uses_anonymous_args = 0
  38 0000 80B5     		push	{r7, lr}
  39              		.cfi_def_cfa_offset 8
  40              		.cfi_offset 7, -8
  41              		.cfi_offset 14, -4
  42 0002 00AF     		add	r7, sp, #0
  43              		.cfi_def_cfa_register 7
  41:Generated_Source\PSoC5/Opamp.c ****     Opamp_SetPower(Opamp_DEFAULT_POWER);
  44              		.loc 1 41 0
  45 0004 0320     		movs	r0, #3
  46 0006 FFF7FEFF 		bl	Opamp_SetPower
  42:Generated_Source\PSoC5/Opamp.c **** }
  47              		.loc 1 42 0
  48 000a 00BF     		nop
  49 000c 80BD     		pop	{r7, pc}
  50              		.cfi_endproc
  51              	.LFE0:
  52              		.size	Opamp_Init, .-Opamp_Init
  53 000e 00BF     		.section	.text.Opamp_Enable,"ax",%progbits
  54              		.align	2
  55              		.global	Opamp_Enable
  56              		.thumb
  57              		.thumb_func
  58              		.type	Opamp_Enable, %function
  59              	Opamp_Enable:
  60              	.LFB1:
  43:Generated_Source\PSoC5/Opamp.c **** 
  44:Generated_Source\PSoC5/Opamp.c **** 
  45:Generated_Source\PSoC5/Opamp.c **** /*******************************************************************************   
  46:Generated_Source\PSoC5/Opamp.c **** * Function Name: Opamp_Enable
  47:Generated_Source\PSoC5/Opamp.c **** ********************************************************************************
  48:Generated_Source\PSoC5/Opamp.c **** *
  49:Generated_Source\PSoC5/Opamp.c **** * Summary:
  50:Generated_Source\PSoC5/Opamp.c **** *  Enables the OpAmp block operation
  51:Generated_Source\PSoC5/Opamp.c **** *
  52:Generated_Source\PSoC5/Opamp.c **** * Parameters:
  53:Generated_Source\PSoC5/Opamp.c **** *  void
  54:Generated_Source\PSoC5/Opamp.c **** *
ARM GAS  C:\Users\212596~1\AppData\Local\Temp\cc9UBzGf.s 			page 3


  55:Generated_Source\PSoC5/Opamp.c **** * Return:
  56:Generated_Source\PSoC5/Opamp.c **** *  void
  57:Generated_Source\PSoC5/Opamp.c **** *
  58:Generated_Source\PSoC5/Opamp.c **** *******************************************************************************/
  59:Generated_Source\PSoC5/Opamp.c **** void Opamp_Enable(void) 
  60:Generated_Source\PSoC5/Opamp.c **** {
  61              		.loc 1 60 0
  62              		.cfi_startproc
  63              		@ args = 0, pretend = 0, frame = 0
  64              		@ frame_needed = 1, uses_anonymous_args = 0
  65              		@ link register save eliminated.
  66 0000 80B4     		push	{r7}
  67              		.cfi_def_cfa_offset 4
  68              		.cfi_offset 7, -4
  69 0002 00AF     		add	r7, sp, #0
  70              		.cfi_def_cfa_register 7
  61:Generated_Source\PSoC5/Opamp.c ****     /* Enable negative charge pumps in ANIF */
  62:Generated_Source\PSoC5/Opamp.c ****     Opamp_PUMP_CR1_REG  |= (Opamp_PUMP_CR1_CLKSEL | Opamp_PUMP_CR1_FORCE);
  71              		.loc 1 62 0
  72 0004 0D4A     		ldr	r2, .L3
  73 0006 0D4B     		ldr	r3, .L3
  74 0008 1B78     		ldrb	r3, [r3]
  75 000a DBB2     		uxtb	r3, r3
  76 000c 43F06003 		orr	r3, r3, #96
  77 0010 DBB2     		uxtb	r3, r3
  78 0012 1370     		strb	r3, [r2]
  63:Generated_Source\PSoC5/Opamp.c **** 
  64:Generated_Source\PSoC5/Opamp.c ****     /* Enable power to buffer in active mode */
  65:Generated_Source\PSoC5/Opamp.c ****     Opamp_PM_ACT_CFG_REG |= Opamp_ACT_PWR_EN;
  79              		.loc 1 65 0
  80 0014 0A4A     		ldr	r2, .L3+4
  81 0016 0A4B     		ldr	r3, .L3+4
  82 0018 1B78     		ldrb	r3, [r3]
  83 001a DBB2     		uxtb	r3, r3
  84 001c 43F00803 		orr	r3, r3, #8
  85 0020 DBB2     		uxtb	r3, r3
  86 0022 1370     		strb	r3, [r2]
  66:Generated_Source\PSoC5/Opamp.c **** 
  67:Generated_Source\PSoC5/Opamp.c ****     /* Enable power to buffer in alternative active mode */
  68:Generated_Source\PSoC5/Opamp.c ****     Opamp_PM_STBY_CFG_REG |= Opamp_STBY_PWR_EN;
  87              		.loc 1 68 0
  88 0024 074A     		ldr	r2, .L3+8
  89 0026 074B     		ldr	r3, .L3+8
  90 0028 1B78     		ldrb	r3, [r3]
  91 002a DBB2     		uxtb	r3, r3
  92 002c 43F00803 		orr	r3, r3, #8
  93 0030 DBB2     		uxtb	r3, r3
  94 0032 1370     		strb	r3, [r2]
  69:Generated_Source\PSoC5/Opamp.c **** }
  95              		.loc 1 69 0
  96 0034 00BF     		nop
  97 0036 BD46     		mov	sp, r7
  98              		.cfi_def_cfa_register 13
  99              		@ sp needed
 100 0038 80BC     		pop	{r7}
 101              		.cfi_restore 7
 102              		.cfi_def_cfa_offset 0
ARM GAS  C:\Users\212596~1\AppData\Local\Temp\cc9UBzGf.s 			page 4


 103 003a 7047     		bx	lr
 104              	.L4:
 105              		.align	2
 106              	.L3:
 107 003c 77580040 		.word	1073764471
 108 0040 A4430040 		.word	1073759140
 109 0044 B4430040 		.word	1073759156
 110              		.cfi_endproc
 111              	.LFE1:
 112              		.size	Opamp_Enable, .-Opamp_Enable
 113              		.section	.text.Opamp_Start,"ax",%progbits
 114              		.align	2
 115              		.global	Opamp_Start
 116              		.thumb
 117              		.thumb_func
 118              		.type	Opamp_Start, %function
 119              	Opamp_Start:
 120              	.LFB2:
  70:Generated_Source\PSoC5/Opamp.c **** 
  71:Generated_Source\PSoC5/Opamp.c **** 
  72:Generated_Source\PSoC5/Opamp.c **** /*******************************************************************************
  73:Generated_Source\PSoC5/Opamp.c **** * Function Name:   Opamp_Start
  74:Generated_Source\PSoC5/Opamp.c **** ********************************************************************************
  75:Generated_Source\PSoC5/Opamp.c **** *
  76:Generated_Source\PSoC5/Opamp.c **** * Summary:
  77:Generated_Source\PSoC5/Opamp.c **** *  The start function initializes the Analog Buffer with the default values and 
  78:Generated_Source\PSoC5/Opamp.c **** *  sets the power to the given level. A power level of 0, is same as 
  79:Generated_Source\PSoC5/Opamp.c **** *  executing the stop function.
  80:Generated_Source\PSoC5/Opamp.c **** *
  81:Generated_Source\PSoC5/Opamp.c **** * Parameters:
  82:Generated_Source\PSoC5/Opamp.c **** *  void
  83:Generated_Source\PSoC5/Opamp.c **** *
  84:Generated_Source\PSoC5/Opamp.c **** * Return:
  85:Generated_Source\PSoC5/Opamp.c **** *  void
  86:Generated_Source\PSoC5/Opamp.c **** *
  87:Generated_Source\PSoC5/Opamp.c **** * Global variables:
  88:Generated_Source\PSoC5/Opamp.c **** *  Opamp_initVar: Used to check the initial configuration, modified 
  89:Generated_Source\PSoC5/Opamp.c **** *  when this function is called for the first time.
  90:Generated_Source\PSoC5/Opamp.c **** *
  91:Generated_Source\PSoC5/Opamp.c **** *******************************************************************************/
  92:Generated_Source\PSoC5/Opamp.c **** void Opamp_Start(void) 
  93:Generated_Source\PSoC5/Opamp.c **** {
 121              		.loc 1 93 0
 122              		.cfi_startproc
 123              		@ args = 0, pretend = 0, frame = 0
 124              		@ frame_needed = 1, uses_anonymous_args = 0
 125 0000 80B5     		push	{r7, lr}
 126              		.cfi_def_cfa_offset 8
 127              		.cfi_offset 7, -8
 128              		.cfi_offset 14, -4
 129 0002 00AF     		add	r7, sp, #0
 130              		.cfi_def_cfa_register 7
  94:Generated_Source\PSoC5/Opamp.c ****     if(Opamp_initVar == 0u)
 131              		.loc 1 94 0
 132 0004 064B     		ldr	r3, .L7
 133 0006 1B78     		ldrb	r3, [r3]	@ zero_extendqisi2
 134 0008 002B     		cmp	r3, #0
ARM GAS  C:\Users\212596~1\AppData\Local\Temp\cc9UBzGf.s 			page 5


 135 000a 04D1     		bne	.L6
  95:Generated_Source\PSoC5/Opamp.c ****     {
  96:Generated_Source\PSoC5/Opamp.c ****         Opamp_initVar = 1u;
 136              		.loc 1 96 0
 137 000c 044B     		ldr	r3, .L7
 138 000e 0122     		movs	r2, #1
 139 0010 1A70     		strb	r2, [r3]
  97:Generated_Source\PSoC5/Opamp.c ****         Opamp_Init();
 140              		.loc 1 97 0
 141 0012 FFF7FEFF 		bl	Opamp_Init
 142              	.L6:
  98:Generated_Source\PSoC5/Opamp.c ****     }
  99:Generated_Source\PSoC5/Opamp.c **** 
 100:Generated_Source\PSoC5/Opamp.c ****     Opamp_Enable();
 143              		.loc 1 100 0
 144 0016 FFF7FEFF 		bl	Opamp_Enable
 101:Generated_Source\PSoC5/Opamp.c **** }
 145              		.loc 1 101 0
 146 001a 00BF     		nop
 147 001c 80BD     		pop	{r7, pc}
 148              	.L8:
 149 001e 00BF     		.align	2
 150              	.L7:
 151 0020 00000000 		.word	Opamp_initVar
 152              		.cfi_endproc
 153              	.LFE2:
 154              		.size	Opamp_Start, .-Opamp_Start
 155              		.section	.text.Opamp_Stop,"ax",%progbits
 156              		.align	2
 157              		.global	Opamp_Stop
 158              		.thumb
 159              		.thumb_func
 160              		.type	Opamp_Stop, %function
 161              	Opamp_Stop:
 162              	.LFB3:
 102:Generated_Source\PSoC5/Opamp.c **** 
 103:Generated_Source\PSoC5/Opamp.c **** 
 104:Generated_Source\PSoC5/Opamp.c **** /*******************************************************************************
 105:Generated_Source\PSoC5/Opamp.c **** * Function Name: Opamp_Stop
 106:Generated_Source\PSoC5/Opamp.c **** ********************************************************************************
 107:Generated_Source\PSoC5/Opamp.c **** *
 108:Generated_Source\PSoC5/Opamp.c **** * Summary:
 109:Generated_Source\PSoC5/Opamp.c **** *  Powers down amplifier to lowest power state.
 110:Generated_Source\PSoC5/Opamp.c **** *
 111:Generated_Source\PSoC5/Opamp.c **** * Parameters:
 112:Generated_Source\PSoC5/Opamp.c **** *  void
 113:Generated_Source\PSoC5/Opamp.c **** *
 114:Generated_Source\PSoC5/Opamp.c **** * Return:
 115:Generated_Source\PSoC5/Opamp.c **** *  void
 116:Generated_Source\PSoC5/Opamp.c **** *
 117:Generated_Source\PSoC5/Opamp.c **** *******************************************************************************/
 118:Generated_Source\PSoC5/Opamp.c **** void Opamp_Stop(void) 
 119:Generated_Source\PSoC5/Opamp.c **** {
 163              		.loc 1 119 0
 164              		.cfi_startproc
 165              		@ args = 0, pretend = 0, frame = 0
 166              		@ frame_needed = 1, uses_anonymous_args = 0
ARM GAS  C:\Users\212596~1\AppData\Local\Temp\cc9UBzGf.s 			page 6


 167              		@ link register save eliminated.
 168 0000 80B4     		push	{r7}
 169              		.cfi_def_cfa_offset 4
 170              		.cfi_offset 7, -4
 171 0002 00AF     		add	r7, sp, #0
 172              		.cfi_def_cfa_register 7
 120:Generated_Source\PSoC5/Opamp.c ****     /* Disable power to buffer in active mode template */
 121:Generated_Source\PSoC5/Opamp.c ****     Opamp_PM_ACT_CFG_REG &= (uint8)(~Opamp_ACT_PWR_EN);
 173              		.loc 1 121 0
 174 0004 104A     		ldr	r2, .L12
 175 0006 104B     		ldr	r3, .L12
 176 0008 1B78     		ldrb	r3, [r3]
 177 000a DBB2     		uxtb	r3, r3
 178 000c 23F00803 		bic	r3, r3, #8
 179 0010 DBB2     		uxtb	r3, r3
 180 0012 1370     		strb	r3, [r2]
 122:Generated_Source\PSoC5/Opamp.c **** 
 123:Generated_Source\PSoC5/Opamp.c ****     /* Disable power to buffer in alternative active mode template */
 124:Generated_Source\PSoC5/Opamp.c ****     Opamp_PM_STBY_CFG_REG &= (uint8)(~Opamp_STBY_PWR_EN);
 181              		.loc 1 124 0
 182 0014 0D4A     		ldr	r2, .L12+4
 183 0016 0D4B     		ldr	r3, .L12+4
 184 0018 1B78     		ldrb	r3, [r3]
 185 001a DBB2     		uxtb	r3, r3
 186 001c 23F00803 		bic	r3, r3, #8
 187 0020 DBB2     		uxtb	r3, r3
 188 0022 1370     		strb	r3, [r2]
 125:Generated_Source\PSoC5/Opamp.c ****     
 126:Generated_Source\PSoC5/Opamp.c ****     /* Disable negative charge pumps for ANIF only if all ABuf is turned OFF */
 127:Generated_Source\PSoC5/Opamp.c ****     if(Opamp_PM_ACT_CFG_REG == 0u)
 189              		.loc 1 127 0
 190 0024 084B     		ldr	r3, .L12
 191 0026 1B78     		ldrb	r3, [r3]
 192 0028 DBB2     		uxtb	r3, r3
 193 002a 002B     		cmp	r3, #0
 194 002c 07D1     		bne	.L11
 128:Generated_Source\PSoC5/Opamp.c ****     {
 129:Generated_Source\PSoC5/Opamp.c ****         Opamp_PUMP_CR1_REG &= (uint8)(~(Opamp_PUMP_CR1_CLKSEL | Opamp_PUMP_CR1_FORCE));
 195              		.loc 1 129 0
 196 002e 084A     		ldr	r2, .L12+8
 197 0030 074B     		ldr	r3, .L12+8
 198 0032 1B78     		ldrb	r3, [r3]
 199 0034 DBB2     		uxtb	r3, r3
 200 0036 23F06003 		bic	r3, r3, #96
 201 003a DBB2     		uxtb	r3, r3
 202 003c 1370     		strb	r3, [r2]
 203              	.L11:
 130:Generated_Source\PSoC5/Opamp.c ****     }
 131:Generated_Source\PSoC5/Opamp.c **** }
 204              		.loc 1 131 0
 205 003e 00BF     		nop
 206 0040 BD46     		mov	sp, r7
 207              		.cfi_def_cfa_register 13
 208              		@ sp needed
 209 0042 80BC     		pop	{r7}
 210              		.cfi_restore 7
 211              		.cfi_def_cfa_offset 0
ARM GAS  C:\Users\212596~1\AppData\Local\Temp\cc9UBzGf.s 			page 7


 212 0044 7047     		bx	lr
 213              	.L13:
 214 0046 00BF     		.align	2
 215              	.L12:
 216 0048 A4430040 		.word	1073759140
 217 004c B4430040 		.word	1073759156
 218 0050 77580040 		.word	1073764471
 219              		.cfi_endproc
 220              	.LFE3:
 221              		.size	Opamp_Stop, .-Opamp_Stop
 222              		.section	.text.Opamp_SetPower,"ax",%progbits
 223              		.align	2
 224              		.global	Opamp_SetPower
 225              		.thumb
 226              		.thumb_func
 227              		.type	Opamp_SetPower, %function
 228              	Opamp_SetPower:
 229              	.LFB4:
 132:Generated_Source\PSoC5/Opamp.c **** 
 133:Generated_Source\PSoC5/Opamp.c **** 
 134:Generated_Source\PSoC5/Opamp.c **** /*******************************************************************************
 135:Generated_Source\PSoC5/Opamp.c **** * Function Name: Opamp_SetPower
 136:Generated_Source\PSoC5/Opamp.c **** ********************************************************************************
 137:Generated_Source\PSoC5/Opamp.c **** *
 138:Generated_Source\PSoC5/Opamp.c **** * Summary:
 139:Generated_Source\PSoC5/Opamp.c **** *  Sets power level of Analog buffer.
 140:Generated_Source\PSoC5/Opamp.c **** *
 141:Generated_Source\PSoC5/Opamp.c **** * Parameters: 
 142:Generated_Source\PSoC5/Opamp.c **** *  power: PSoC3: Sets power level between low (1) and high power (3).
 143:Generated_Source\PSoC5/Opamp.c **** *         PSoC5: Sets power level High (0)
 144:Generated_Source\PSoC5/Opamp.c **** *
 145:Generated_Source\PSoC5/Opamp.c **** * Return:
 146:Generated_Source\PSoC5/Opamp.c **** *  void
 147:Generated_Source\PSoC5/Opamp.c **** *
 148:Generated_Source\PSoC5/Opamp.c **** **********************************************************************************/
 149:Generated_Source\PSoC5/Opamp.c **** void Opamp_SetPower(uint8 power) 
 150:Generated_Source\PSoC5/Opamp.c **** {
 230              		.loc 1 150 0
 231              		.cfi_startproc
 232              		@ args = 0, pretend = 0, frame = 8
 233              		@ frame_needed = 1, uses_anonymous_args = 0
 234              		@ link register save eliminated.
 235 0000 80B4     		push	{r7}
 236              		.cfi_def_cfa_offset 4
 237              		.cfi_offset 7, -4
 238 0002 83B0     		sub	sp, sp, #12
 239              		.cfi_def_cfa_offset 16
 240 0004 00AF     		add	r7, sp, #0
 241              		.cfi_def_cfa_register 7
 242 0006 0346     		mov	r3, r0
 243 0008 FB71     		strb	r3, [r7, #7]
 151:Generated_Source\PSoC5/Opamp.c ****     #if (CY_PSOC3 || CY_PSOC5LP)
 152:Generated_Source\PSoC5/Opamp.c ****         Opamp_CR_REG &= (uint8)(~Opamp_PWR_MASK);
 244              		.loc 1 152 0
 245 000a 0C4A     		ldr	r2, .L15
 246 000c 0B4B     		ldr	r3, .L15
 247 000e 1B78     		ldrb	r3, [r3]
ARM GAS  C:\Users\212596~1\AppData\Local\Temp\cc9UBzGf.s 			page 8


 248 0010 DBB2     		uxtb	r3, r3
 249 0012 23F00303 		bic	r3, r3, #3
 250 0016 DBB2     		uxtb	r3, r3
 251 0018 1370     		strb	r3, [r2]
 153:Generated_Source\PSoC5/Opamp.c ****         Opamp_CR_REG |= power & Opamp_PWR_MASK;      /* Set device power */
 252              		.loc 1 153 0
 253 001a 0849     		ldr	r1, .L15
 254 001c 074B     		ldr	r3, .L15
 255 001e 1B78     		ldrb	r3, [r3]
 256 0020 DAB2     		uxtb	r2, r3
 257 0022 FB79     		ldrb	r3, [r7, #7]
 258 0024 03F00303 		and	r3, r3, #3
 259 0028 DBB2     		uxtb	r3, r3
 260 002a 1343     		orrs	r3, r3, r2
 261 002c DBB2     		uxtb	r3, r3
 262 002e 0B70     		strb	r3, [r1]
 154:Generated_Source\PSoC5/Opamp.c ****     #else
 155:Generated_Source\PSoC5/Opamp.c ****         CYASSERT(Opamp_HIGHPOWER == power);
 156:Generated_Source\PSoC5/Opamp.c ****     #endif /* CY_PSOC3 || CY_PSOC5LP */
 157:Generated_Source\PSoC5/Opamp.c **** }
 263              		.loc 1 157 0
 264 0030 00BF     		nop
 265 0032 0C37     		adds	r7, r7, #12
 266              		.cfi_def_cfa_offset 4
 267 0034 BD46     		mov	sp, r7
 268              		.cfi_def_cfa_register 13
 269              		@ sp needed
 270 0036 80BC     		pop	{r7}
 271              		.cfi_restore 7
 272              		.cfi_def_cfa_offset 0
 273 0038 7047     		bx	lr
 274              	.L16:
 275 003a 00BF     		.align	2
 276              	.L15:
 277 003c 5E580040 		.word	1073764446
 278              		.cfi_endproc
 279              	.LFE4:
 280              		.size	Opamp_SetPower, .-Opamp_SetPower
 281              		.text
 282              	.Letext0:
 283              		.file 2 "Generated_Source\\PSoC5\\cytypes.h"
 284              		.section	.debug_info,"",%progbits
 285              	.Ldebug_info0:
 286 0000 21010000 		.4byte	0x121
 287 0004 0400     		.2byte	0x4
 288 0006 00000000 		.4byte	.Ldebug_abbrev0
 289 000a 04       		.byte	0x4
 290 000b 01       		.uleb128 0x1
 291 000c 94000000 		.4byte	.LASF20
 292 0010 0C       		.byte	0xc
 293 0011 28000000 		.4byte	.LASF21
 294 0015 3C010000 		.4byte	.LASF22
 295 0019 00000000 		.4byte	.Ldebug_ranges0+0
 296 001d 00000000 		.4byte	0
 297 0021 00000000 		.4byte	.Ldebug_line0
 298 0025 02       		.uleb128 0x2
 299 0026 01       		.byte	0x1
ARM GAS  C:\Users\212596~1\AppData\Local\Temp\cc9UBzGf.s 			page 9


 300 0027 06       		.byte	0x6
 301 0028 A0010000 		.4byte	.LASF0
 302 002c 02       		.uleb128 0x2
 303 002d 01       		.byte	0x1
 304 002e 08       		.byte	0x8
 305 002f 22010000 		.4byte	.LASF1
 306 0033 02       		.uleb128 0x2
 307 0034 02       		.byte	0x2
 308 0035 05       		.byte	0x5
 309 0036 7C010000 		.4byte	.LASF2
 310 003a 02       		.uleb128 0x2
 311 003b 02       		.byte	0x2
 312 003c 07       		.byte	0x7
 313 003d 8D010000 		.4byte	.LASF3
 314 0041 02       		.uleb128 0x2
 315 0042 04       		.byte	0x4
 316 0043 05       		.byte	0x5
 317 0044 73010000 		.4byte	.LASF4
 318 0048 02       		.uleb128 0x2
 319 0049 04       		.byte	0x4
 320 004a 07       		.byte	0x7
 321 004b 5B000000 		.4byte	.LASF5
 322 004f 02       		.uleb128 0x2
 323 0050 08       		.byte	0x8
 324 0051 05       		.byte	0x5
 325 0052 00000000 		.4byte	.LASF6
 326 0056 02       		.uleb128 0x2
 327 0057 08       		.byte	0x8
 328 0058 07       		.byte	0x7
 329 0059 6D000000 		.4byte	.LASF7
 330 005d 03       		.uleb128 0x3
 331 005e 04       		.byte	0x4
 332 005f 05       		.byte	0x5
 333 0060 696E7400 		.ascii	"int\000"
 334 0064 02       		.uleb128 0x2
 335 0065 04       		.byte	0x4
 336 0066 07       		.byte	0x7
 337 0067 1B000000 		.4byte	.LASF8
 338 006b 04       		.uleb128 0x4
 339 006c 55000000 		.4byte	.LASF12
 340 0070 02       		.byte	0x2
 341 0071 9201     		.2byte	0x192
 342 0073 2C000000 		.4byte	0x2c
 343 0077 02       		.uleb128 0x2
 344 0078 04       		.byte	0x4
 345 0079 04       		.byte	0x4
 346 007a D2010000 		.4byte	.LASF9
 347 007e 02       		.uleb128 0x2
 348 007f 08       		.byte	0x8
 349 0080 04       		.byte	0x4
 350 0081 86010000 		.4byte	.LASF10
 351 0085 02       		.uleb128 0x2
 352 0086 01       		.byte	0x1
 353 0087 08       		.byte	0x8
 354 0088 8F000000 		.4byte	.LASF11
 355 008c 04       		.uleb128 0x4
 356 008d D8010000 		.4byte	.LASF13
ARM GAS  C:\Users\212596~1\AppData\Local\Temp\cc9UBzGf.s 			page 10


 357 0091 02       		.byte	0x2
 358 0092 3C02     		.2byte	0x23c
 359 0094 98000000 		.4byte	0x98
 360 0098 05       		.uleb128 0x5
 361 0099 6B000000 		.4byte	0x6b
 362 009d 02       		.uleb128 0x2
 363 009e 08       		.byte	0x8
 364 009f 04       		.byte	0x4
 365 00a0 C6010000 		.4byte	.LASF14
 366 00a4 02       		.uleb128 0x2
 367 00a5 04       		.byte	0x4
 368 00a6 07       		.byte	0x7
 369 00a7 DD010000 		.4byte	.LASF15
 370 00ab 06       		.uleb128 0x6
 371 00ac AC010000 		.4byte	.LASF16
 372 00b0 01       		.byte	0x1
 373 00b1 27       		.byte	0x27
 374 00b2 00000000 		.4byte	.LFB0
 375 00b6 0E000000 		.4byte	.LFE0-.LFB0
 376 00ba 01       		.uleb128 0x1
 377 00bb 9C       		.byte	0x9c
 378 00bc 07       		.uleb128 0x7
 379 00bd 0E000000 		.4byte	.LASF17
 380 00c1 01       		.byte	0x1
 381 00c2 3B       		.byte	0x3b
 382 00c3 00000000 		.4byte	.LFB1
 383 00c7 48000000 		.4byte	.LFE1-.LFB1
 384 00cb 01       		.uleb128 0x1
 385 00cc 9C       		.byte	0x9c
 386 00cd 06       		.uleb128 0x6
 387 00ce 30010000 		.4byte	.LASF18
 388 00d2 01       		.byte	0x1
 389 00d3 5C       		.byte	0x5c
 390 00d4 00000000 		.4byte	.LFB2
 391 00d8 24000000 		.4byte	.LFE2-.LFB2
 392 00dc 01       		.uleb128 0x1
 393 00dd 9C       		.byte	0x9c
 394 00de 07       		.uleb128 0x7
 395 00df 84000000 		.4byte	.LASF19
 396 00e3 01       		.byte	0x1
 397 00e4 76       		.byte	0x76
 398 00e5 00000000 		.4byte	.LFB3
 399 00e9 54000000 		.4byte	.LFE3-.LFB3
 400 00ed 01       		.uleb128 0x1
 401 00ee 9C       		.byte	0x9c
 402 00ef 08       		.uleb128 0x8
 403 00f0 B7010000 		.4byte	.LASF23
 404 00f4 01       		.byte	0x1
 405 00f5 95       		.byte	0x95
 406 00f6 00000000 		.4byte	.LFB4
 407 00fa 40000000 		.4byte	.LFE4-.LFB4
 408 00fe 01       		.uleb128 0x1
 409 00ff 9C       		.byte	0x9c
 410 0100 13010000 		.4byte	0x113
 411 0104 09       		.uleb128 0x9
 412 0105 E6010000 		.4byte	.LASF24
 413 0109 01       		.byte	0x1
ARM GAS  C:\Users\212596~1\AppData\Local\Temp\cc9UBzGf.s 			page 11


 414 010a 95       		.byte	0x95
 415 010b 6B000000 		.4byte	0x6b
 416 010f 02       		.uleb128 0x2
 417 0110 91       		.byte	0x91
 418 0111 77       		.sleb128 -9
 419 0112 00       		.byte	0
 420 0113 0A       		.uleb128 0xa
 421 0114 47000000 		.4byte	.LASF25
 422 0118 01       		.byte	0x1
 423 0119 14       		.byte	0x14
 424 011a 6B000000 		.4byte	0x6b
 425 011e 05       		.uleb128 0x5
 426 011f 03       		.byte	0x3
 427 0120 00000000 		.4byte	Opamp_initVar
 428 0124 00       		.byte	0
 429              		.section	.debug_abbrev,"",%progbits
 430              	.Ldebug_abbrev0:
 431 0000 01       		.uleb128 0x1
 432 0001 11       		.uleb128 0x11
 433 0002 01       		.byte	0x1
 434 0003 25       		.uleb128 0x25
 435 0004 0E       		.uleb128 0xe
 436 0005 13       		.uleb128 0x13
 437 0006 0B       		.uleb128 0xb
 438 0007 03       		.uleb128 0x3
 439 0008 0E       		.uleb128 0xe
 440 0009 1B       		.uleb128 0x1b
 441 000a 0E       		.uleb128 0xe
 442 000b 55       		.uleb128 0x55
 443 000c 17       		.uleb128 0x17
 444 000d 11       		.uleb128 0x11
 445 000e 01       		.uleb128 0x1
 446 000f 10       		.uleb128 0x10
 447 0010 17       		.uleb128 0x17
 448 0011 00       		.byte	0
 449 0012 00       		.byte	0
 450 0013 02       		.uleb128 0x2
 451 0014 24       		.uleb128 0x24
 452 0015 00       		.byte	0
 453 0016 0B       		.uleb128 0xb
 454 0017 0B       		.uleb128 0xb
 455 0018 3E       		.uleb128 0x3e
 456 0019 0B       		.uleb128 0xb
 457 001a 03       		.uleb128 0x3
 458 001b 0E       		.uleb128 0xe
 459 001c 00       		.byte	0
 460 001d 00       		.byte	0
 461 001e 03       		.uleb128 0x3
 462 001f 24       		.uleb128 0x24
 463 0020 00       		.byte	0
 464 0021 0B       		.uleb128 0xb
 465 0022 0B       		.uleb128 0xb
 466 0023 3E       		.uleb128 0x3e
 467 0024 0B       		.uleb128 0xb
 468 0025 03       		.uleb128 0x3
 469 0026 08       		.uleb128 0x8
 470 0027 00       		.byte	0
ARM GAS  C:\Users\212596~1\AppData\Local\Temp\cc9UBzGf.s 			page 12


 471 0028 00       		.byte	0
 472 0029 04       		.uleb128 0x4
 473 002a 16       		.uleb128 0x16
 474 002b 00       		.byte	0
 475 002c 03       		.uleb128 0x3
 476 002d 0E       		.uleb128 0xe
 477 002e 3A       		.uleb128 0x3a
 478 002f 0B       		.uleb128 0xb
 479 0030 3B       		.uleb128 0x3b
 480 0031 05       		.uleb128 0x5
 481 0032 49       		.uleb128 0x49
 482 0033 13       		.uleb128 0x13
 483 0034 00       		.byte	0
 484 0035 00       		.byte	0
 485 0036 05       		.uleb128 0x5
 486 0037 35       		.uleb128 0x35
 487 0038 00       		.byte	0
 488 0039 49       		.uleb128 0x49
 489 003a 13       		.uleb128 0x13
 490 003b 00       		.byte	0
 491 003c 00       		.byte	0
 492 003d 06       		.uleb128 0x6
 493 003e 2E       		.uleb128 0x2e
 494 003f 00       		.byte	0
 495 0040 3F       		.uleb128 0x3f
 496 0041 19       		.uleb128 0x19
 497 0042 03       		.uleb128 0x3
 498 0043 0E       		.uleb128 0xe
 499 0044 3A       		.uleb128 0x3a
 500 0045 0B       		.uleb128 0xb
 501 0046 3B       		.uleb128 0x3b
 502 0047 0B       		.uleb128 0xb
 503 0048 27       		.uleb128 0x27
 504 0049 19       		.uleb128 0x19
 505 004a 11       		.uleb128 0x11
 506 004b 01       		.uleb128 0x1
 507 004c 12       		.uleb128 0x12
 508 004d 06       		.uleb128 0x6
 509 004e 40       		.uleb128 0x40
 510 004f 18       		.uleb128 0x18
 511 0050 9642     		.uleb128 0x2116
 512 0052 19       		.uleb128 0x19
 513 0053 00       		.byte	0
 514 0054 00       		.byte	0
 515 0055 07       		.uleb128 0x7
 516 0056 2E       		.uleb128 0x2e
 517 0057 00       		.byte	0
 518 0058 3F       		.uleb128 0x3f
 519 0059 19       		.uleb128 0x19
 520 005a 03       		.uleb128 0x3
 521 005b 0E       		.uleb128 0xe
 522 005c 3A       		.uleb128 0x3a
 523 005d 0B       		.uleb128 0xb
 524 005e 3B       		.uleb128 0x3b
 525 005f 0B       		.uleb128 0xb
 526 0060 27       		.uleb128 0x27
 527 0061 19       		.uleb128 0x19
ARM GAS  C:\Users\212596~1\AppData\Local\Temp\cc9UBzGf.s 			page 13


 528 0062 11       		.uleb128 0x11
 529 0063 01       		.uleb128 0x1
 530 0064 12       		.uleb128 0x12
 531 0065 06       		.uleb128 0x6
 532 0066 40       		.uleb128 0x40
 533 0067 18       		.uleb128 0x18
 534 0068 9742     		.uleb128 0x2117
 535 006a 19       		.uleb128 0x19
 536 006b 00       		.byte	0
 537 006c 00       		.byte	0
 538 006d 08       		.uleb128 0x8
 539 006e 2E       		.uleb128 0x2e
 540 006f 01       		.byte	0x1
 541 0070 3F       		.uleb128 0x3f
 542 0071 19       		.uleb128 0x19
 543 0072 03       		.uleb128 0x3
 544 0073 0E       		.uleb128 0xe
 545 0074 3A       		.uleb128 0x3a
 546 0075 0B       		.uleb128 0xb
 547 0076 3B       		.uleb128 0x3b
 548 0077 0B       		.uleb128 0xb
 549 0078 27       		.uleb128 0x27
 550 0079 19       		.uleb128 0x19
 551 007a 11       		.uleb128 0x11
 552 007b 01       		.uleb128 0x1
 553 007c 12       		.uleb128 0x12
 554 007d 06       		.uleb128 0x6
 555 007e 40       		.uleb128 0x40
 556 007f 18       		.uleb128 0x18
 557 0080 9742     		.uleb128 0x2117
 558 0082 19       		.uleb128 0x19
 559 0083 01       		.uleb128 0x1
 560 0084 13       		.uleb128 0x13
 561 0085 00       		.byte	0
 562 0086 00       		.byte	0
 563 0087 09       		.uleb128 0x9
 564 0088 05       		.uleb128 0x5
 565 0089 00       		.byte	0
 566 008a 03       		.uleb128 0x3
 567 008b 0E       		.uleb128 0xe
 568 008c 3A       		.uleb128 0x3a
 569 008d 0B       		.uleb128 0xb
 570 008e 3B       		.uleb128 0x3b
 571 008f 0B       		.uleb128 0xb
 572 0090 49       		.uleb128 0x49
 573 0091 13       		.uleb128 0x13
 574 0092 02       		.uleb128 0x2
 575 0093 18       		.uleb128 0x18
 576 0094 00       		.byte	0
 577 0095 00       		.byte	0
 578 0096 0A       		.uleb128 0xa
 579 0097 34       		.uleb128 0x34
 580 0098 00       		.byte	0
 581 0099 03       		.uleb128 0x3
 582 009a 0E       		.uleb128 0xe
 583 009b 3A       		.uleb128 0x3a
 584 009c 0B       		.uleb128 0xb
ARM GAS  C:\Users\212596~1\AppData\Local\Temp\cc9UBzGf.s 			page 14


 585 009d 3B       		.uleb128 0x3b
 586 009e 0B       		.uleb128 0xb
 587 009f 49       		.uleb128 0x49
 588 00a0 13       		.uleb128 0x13
 589 00a1 3F       		.uleb128 0x3f
 590 00a2 19       		.uleb128 0x19
 591 00a3 02       		.uleb128 0x2
 592 00a4 18       		.uleb128 0x18
 593 00a5 00       		.byte	0
 594 00a6 00       		.byte	0
 595 00a7 00       		.byte	0
 596              		.section	.debug_aranges,"",%progbits
 597 0000 3C000000 		.4byte	0x3c
 598 0004 0200     		.2byte	0x2
 599 0006 00000000 		.4byte	.Ldebug_info0
 600 000a 04       		.byte	0x4
 601 000b 00       		.byte	0
 602 000c 0000     		.2byte	0
 603 000e 0000     		.2byte	0
 604 0010 00000000 		.4byte	.LFB0
 605 0014 0E000000 		.4byte	.LFE0-.LFB0
 606 0018 00000000 		.4byte	.LFB1
 607 001c 48000000 		.4byte	.LFE1-.LFB1
 608 0020 00000000 		.4byte	.LFB2
 609 0024 24000000 		.4byte	.LFE2-.LFB2
 610 0028 00000000 		.4byte	.LFB3
 611 002c 54000000 		.4byte	.LFE3-.LFB3
 612 0030 00000000 		.4byte	.LFB4
 613 0034 40000000 		.4byte	.LFE4-.LFB4
 614 0038 00000000 		.4byte	0
 615 003c 00000000 		.4byte	0
 616              		.section	.debug_ranges,"",%progbits
 617              	.Ldebug_ranges0:
 618 0000 00000000 		.4byte	.LFB0
 619 0004 0E000000 		.4byte	.LFE0
 620 0008 00000000 		.4byte	.LFB1
 621 000c 48000000 		.4byte	.LFE1
 622 0010 00000000 		.4byte	.LFB2
 623 0014 24000000 		.4byte	.LFE2
 624 0018 00000000 		.4byte	.LFB3
 625 001c 54000000 		.4byte	.LFE3
 626 0020 00000000 		.4byte	.LFB4
 627 0024 40000000 		.4byte	.LFE4
 628 0028 00000000 		.4byte	0
 629 002c 00000000 		.4byte	0
 630              		.section	.debug_line,"",%progbits
 631              	.Ldebug_line0:
 632 0000 A9000000 		.section	.debug_str,"MS",%progbits,1
 632      02004200 
 632      00000201 
 632      FB0E0D00 
 632      01010101 
 633              	.LASF6:
 634 0000 6C6F6E67 		.ascii	"long long int\000"
 634      206C6F6E 
 634      6720696E 
 634      7400
ARM GAS  C:\Users\212596~1\AppData\Local\Temp\cc9UBzGf.s 			page 15


 635              	.LASF17:
 636 000e 4F70616D 		.ascii	"Opamp_Enable\000"
 636      705F456E 
 636      61626C65 
 636      00
 637              	.LASF8:
 638 001b 756E7369 		.ascii	"unsigned int\000"
 638      676E6564 
 638      20696E74 
 638      00
 639              	.LASF21:
 640 0028 47656E65 		.ascii	"Generated_Source\\PSoC5\\Opamp.c\000"
 640      72617465 
 640      645F536F 
 640      75726365 
 640      5C50536F 
 641              	.LASF25:
 642 0047 4F70616D 		.ascii	"Opamp_initVar\000"
 642      705F696E 
 642      69745661 
 642      7200
 643              	.LASF12:
 644 0055 75696E74 		.ascii	"uint8\000"
 644      3800
 645              	.LASF5:
 646 005b 6C6F6E67 		.ascii	"long unsigned int\000"
 646      20756E73 
 646      69676E65 
 646      6420696E 
 646      7400
 647              	.LASF7:
 648 006d 6C6F6E67 		.ascii	"long long unsigned int\000"
 648      206C6F6E 
 648      6720756E 
 648      7369676E 
 648      65642069 
 649              	.LASF19:
 650 0084 4F70616D 		.ascii	"Opamp_Stop\000"
 650      705F5374 
 650      6F7000
 651              	.LASF11:
 652 008f 63686172 		.ascii	"char\000"
 652      00
 653              	.LASF20:
 654 0094 474E5520 		.ascii	"GNU C11 5.4.1 20160609 (release) [ARM/embedded-5-br"
 654      43313120 
 654      352E342E 
 654      31203230 
 654      31363036 
 655 00c7 616E6368 		.ascii	"anch revision 237715] -mcpu=cortex-m3 -mthumb -g -O"
 655      20726576 
 655      6973696F 
 655      6E203233 
 655      37373135 
 656 00fa 30202D66 		.ascii	"0 -ffunction-sections -ffat-lto-objects\000"
 656      66756E63 
 656      74696F6E 
ARM GAS  C:\Users\212596~1\AppData\Local\Temp\cc9UBzGf.s 			page 16


 656      2D736563 
 656      74696F6E 
 657              	.LASF1:
 658 0122 756E7369 		.ascii	"unsigned char\000"
 658      676E6564 
 658      20636861 
 658      7200
 659              	.LASF18:
 660 0130 4F70616D 		.ascii	"Opamp_Start\000"
 660      705F5374 
 660      61727400 
 661              	.LASF22:
 662 013c 433A5C55 		.ascii	"C:\\Users\\212596486\\Documents\\PSoC Creator\\Temp"
 662      73657273 
 662      5C323132 
 662      35393634 
 662      38365C44 
 663 016a 20322E63 		.ascii	" 2.cydsn\000"
 663      7964736E 
 663      00
 664              	.LASF4:
 665 0173 6C6F6E67 		.ascii	"long int\000"
 665      20696E74 
 665      00
 666              	.LASF2:
 667 017c 73686F72 		.ascii	"short int\000"
 667      7420696E 
 667      7400
 668              	.LASF10:
 669 0186 646F7562 		.ascii	"double\000"
 669      6C6500
 670              	.LASF3:
 671 018d 73686F72 		.ascii	"short unsigned int\000"
 671      7420756E 
 671      7369676E 
 671      65642069 
 671      6E7400
 672              	.LASF0:
 673 01a0 7369676E 		.ascii	"signed char\000"
 673      65642063 
 673      68617200 
 674              	.LASF16:
 675 01ac 4F70616D 		.ascii	"Opamp_Init\000"
 675      705F496E 
 675      697400
 676              	.LASF23:
 677 01b7 4F70616D 		.ascii	"Opamp_SetPower\000"
 677      705F5365 
 677      74506F77 
 677      657200
 678              	.LASF14:
 679 01c6 6C6F6E67 		.ascii	"long double\000"
 679      20646F75 
 679      626C6500 
 680              	.LASF9:
 681 01d2 666C6F61 		.ascii	"float\000"
 681      7400
ARM GAS  C:\Users\212596~1\AppData\Local\Temp\cc9UBzGf.s 			page 17


 682              	.LASF13:
 683 01d8 72656738 		.ascii	"reg8\000"
 683      00
 684              	.LASF15:
 685 01dd 73697A65 		.ascii	"sizetype\000"
 685      74797065 
 685      00
 686              	.LASF24:
 687 01e6 706F7765 		.ascii	"power\000"
 687      7200
 688              		.ident	"GCC: (GNU Tools for ARM Embedded Processors) 5.4.1 20160609 (release) [ARM/embedded-5-bran
