Archive member included to satisfy reference by file (symbol)

.\CortexM3\ARM_GCC_541\Debug\Temp 2.a(Thermistor.o)
                              .\CortexM3\ARM_GCC_541\Debug\main.o (Thermistor_GetResistance)
.\CortexM3\ARM_GCC_541\Debug\Temp 2.a(ADC_DelSig.o)
                              .\CortexM3\ARM_GCC_541\Debug\main.o (ADC_DelSig_Start)
.\CortexM3\ARM_GCC_541\Debug\Temp 2.a(ADC_DelSig_INT.o)
                              .\CortexM3\ARM_GCC_541\Debug\Temp 2.a(ADC_DelSig.o) (ADC_DelSig_ISR1)
.\CortexM3\ARM_GCC_541\Debug\Temp 2.a(Opamp.o)
                              .\CortexM3\ARM_GCC_541\Debug\main.o (Opamp_Start)
.\CortexM3\ARM_GCC_541\Debug\Temp 2.a(AMux.o)
                              .\CortexM3\ARM_GCC_541\Debug\main.o (AMux_Start)
.\CortexM3\ARM_GCC_541\Debug\Temp 2.a(ADC_DelSig_Ext_CP_Clk.o)
                              .\CortexM3\ARM_GCC_541\Debug\Temp 2.a(ADC_DelSig.o) (ADC_DelSig_Ext_CP_Clk_SetDividerRegister)
.\CortexM3\ARM_GCC_541\Debug\Temp 2.a(ADC_DelSig_theACLK.o)
                              .\CortexM3\ARM_GCC_541\Debug\Temp 2.a(ADC_DelSig.o) (ADC_DelSig_theACLK_SetDividerRegister)
.\CortexM3\ARM_GCC_541\Debug\Temp 2.a(CyLib.o)
                              .\CortexM3\ARM_GCC_541\Debug\Cm3Start.o (CyResetStatus)
.\CortexM3\ARM_GCC_541\Debug\Temp 2.a(cyPm.o)
                              .\CortexM3\ARM_GCC_541\Debug\Temp 2.a(CyLib.o) (CyPmReadStatus)
.\CortexM3\ARM_GCC_541\Debug\Temp 2.a(UART_1.o)
                              .\CortexM3\ARM_GCC_541\Debug\main.o (UART_1_Start)
.\CortexM3\ARM_GCC_541\Debug\Temp 2.a(Timer_1.o)
                              .\CortexM3\ARM_GCC_541\Debug\main.o (Timer_1_Start)
.\CortexM3\ARM_GCC_541\Debug\Temp 2.a(timer_isr.o)
                              .\CortexM3\ARM_GCC_541\Debug\main.o (timer_isr_StartEx)
.\CortexM3\ARM_GCC_541\Debug\Temp 2.a(CyBootAsmGnu.o)
                              .\CortexM3\ARM_GCC_541\Debug\cyfitter_cfg.o (CyDelayCycles)
.\CortexM3\ARM_GCC_541\Debug\Temp 2.a(CyFlash.o)
                              .\CortexM3\ARM_GCC_541\Debug\Temp 2.a(cyPm.o) (CyFlash_SetWaitCycles)
.\CortexM3\ARM_GCC_541\Debug\Temp 2.a(CySpc.o)
                              .\CortexM3\ARM_GCC_541\Debug\Temp 2.a(CyFlash.o) (CySpcStart)
c:/program files (x86)/cypress/psoc creator/4.1/psoc creator/import/gnu/arm/5.4.1/bin/../lib/gcc/arm-none-eabi/5.4.1/../../../../arm-none-eabi/lib/armv7-m\libm.a(lib_a-w_log.o)
                              .\CortexM3\ARM_GCC_541\Debug\Temp 2.a(Thermistor.o) (log)
c:/program files (x86)/cypress/psoc creator/4.1/psoc creator/import/gnu/arm/5.4.1/bin/../lib/gcc/arm-none-eabi/5.4.1/../../../../arm-none-eabi/lib/armv7-m\libm.a(lib_a-w_pow.o)
                              .\CortexM3\ARM_GCC_541\Debug\Temp 2.a(Thermistor.o) (pow)
c:/program files (x86)/cypress/psoc creator/4.1/psoc creator/import/gnu/arm/5.4.1/bin/../lib/gcc/arm-none-eabi/5.4.1/../../../../arm-none-eabi/lib/armv7-m\libm.a(lib_a-e_log.o)
                              c:/program files (x86)/cypress/psoc creator/4.1/psoc creator/import/gnu/arm/5.4.1/bin/../lib/gcc/arm-none-eabi/5.4.1/../../../../arm-none-eabi/lib/armv7-m\libm.a(lib_a-w_log.o) (__ieee754_log)
c:/program files (x86)/cypress/psoc creator/4.1/psoc creator/import/gnu/arm/5.4.1/bin/../lib/gcc/arm-none-eabi/5.4.1/../../../../arm-none-eabi/lib/armv7-m\libm.a(lib_a-e_pow.o)
                              c:/program files (x86)/cypress/psoc creator/4.1/psoc creator/import/gnu/arm/5.4.1/bin/../lib/gcc/arm-none-eabi/5.4.1/../../../../arm-none-eabi/lib/armv7-m\libm.a(lib_a-w_pow.o) (__ieee754_pow)
c:/program files (x86)/cypress/psoc creator/4.1/psoc creator/import/gnu/arm/5.4.1/bin/../lib/gcc/arm-none-eabi/5.4.1/../../../../arm-none-eabi/lib/armv7-m\libm.a(lib_a-e_sqrt.o)
                              c:/program files (x86)/cypress/psoc creator/4.1/psoc creator/import/gnu/arm/5.4.1/bin/../lib/gcc/arm-none-eabi/5.4.1/../../../../arm-none-eabi/lib/armv7-m\libm.a(lib_a-e_pow.o) (__ieee754_sqrt)
c:/program files (x86)/cypress/psoc creator/4.1/psoc creator/import/gnu/arm/5.4.1/bin/../lib/gcc/arm-none-eabi/5.4.1/../../../../arm-none-eabi/lib/armv7-m\libm.a(lib_a-s_fabs.o)
                              c:/program files (x86)/cypress/psoc creator/4.1/psoc creator/import/gnu/arm/5.4.1/bin/../lib/gcc/arm-none-eabi/5.4.1/../../../../arm-none-eabi/lib/armv7-m\libm.a(lib_a-e_pow.o) (fabs)
c:/program files (x86)/cypress/psoc creator/4.1/psoc creator/import/gnu/arm/5.4.1/bin/../lib/gcc/arm-none-eabi/5.4.1/../../../../arm-none-eabi/lib/armv7-m\libm.a(lib_a-s_finite.o)
                              c:/program files (x86)/cypress/psoc creator/4.1/psoc creator/import/gnu/arm/5.4.1/bin/../lib/gcc/arm-none-eabi/5.4.1/../../../../arm-none-eabi/lib/armv7-m\libm.a(lib_a-w_pow.o) (finite)
c:/program files (x86)/cypress/psoc creator/4.1/psoc creator/import/gnu/arm/5.4.1/bin/../lib/gcc/arm-none-eabi/5.4.1/../../../../arm-none-eabi/lib/armv7-m\libm.a(lib_a-s_lib_ver.o)
[...]
Memory Configuration

Name             Origin             Length             Attributes
rom              0x00000000         0x00040000         xr
ram              0x1fff8000         0x00010000         xrw
*default*        0x00000000         0xffffffff

Linker script and memory map

LOAD c:/program files (x86)/cypress/psoc creator/4.1/psoc creator/import/gnu/arm/5.4.1/bin/../lib/gcc/arm-none-eabi/5.4.1/armv7-m/crti.o
LOAD c:/program files (x86)/cypress/psoc creator/4.1/psoc creator/import/gnu/arm/5.4.1/bin/../lib/gcc/arm-none-eabi/5.4.1/armv7-m/crtbegin.o
LOAD c:/program files (x86)/cypress/psoc creator/4.1/psoc creator/import/gnu/arm/5.4.1/bin/../lib/gcc/arm-none-eabi/5.4.1/../../../../arm-none-eabi/lib/armv7-m/crt0.o
START GROUP
LOAD .\CortexM3\ARM_GCC_541\Debug\main.o
LOAD .\CortexM3\ARM_GCC_541\Debug\cyfitter_cfg.o
LOAD .\CortexM3\ARM_GCC_541\Debug\cymetadata.o
LOAD .\CortexM3\ARM_GCC_541\Debug\Cm3Start.o
LOAD .\CortexM3\ARM_GCC_541\Debug\Temp 2.a
LOAD C:\Program Files (x86)\Cypress\PSoC Creator\4.1\PSoC Creator\psoc\content\cycomponentlibrary\CyComponentLibrary.cylib\CortexM3\ARM_GCC_541\Debug\CyComponentLibrary.a
LOAD c:/program files (x86)/cypress/psoc creator/4.1/psoc creator/import/gnu/arm/5.4.1/bin/../lib/gcc/arm-none-eabi/5.4.1/../../../../arm-none-eabi/lib/armv7-m\libm.a
END GROUP
START GROUP
LOAD c:/program files (x86)/cypress/psoc creator/4.1/psoc creator/import/gnu/arm/5.4.1/bin/../lib/gcc/arm-none-eabi/5.4.1/armv7-m\libgcc.a
LOAD c:/program files (x86)/cypress/psoc creator/4.1/psoc creator/import/gnu/arm/5.4.1/bin/../lib/gcc/arm-none-eabi/5.4.1/../../../../arm-none-eabi/lib/armv7-m\libg_nano.a
LOAD c:/program files (x86)/cypress/psoc creator/4.1/psoc creator/import/gnu/arm/5.4.1/bin/../lib/gcc/arm-none-eabi/5.4.1/../../../../arm-none-eabi/lib/armv7-m\libc_nano.a
END GROUP
START GROUP
LOAD c:/program files (x86)/cypress/psoc creator/4.1/psoc creator/import/gnu/arm/5.4.1/bin/../lib/gcc/arm-none-eabi/5.4.1/armv7-m\libgcc.a
LOAD c:/program files (x86)/cypress/psoc creator/4.1/psoc creator/import/gnu/arm/5.4.1/bin/../lib/gcc/arm-none-eabi/5.4.1/../../../../arm-none-eabi/lib/armv7-m\libc_nano.a
END GROUP
LOAD c:/program files (x86)/cypress/psoc creator/4.1/psoc creator/import/gnu/arm/5.4.1/bin/../lib/gcc/arm-none-eabi/5.4.1/armv7-m/crtend.o
LOAD c:/program files (x86)/cypress/psoc creator/4.1/psoc creator/import/gnu/arm/5.4.1/bin/../lib/gcc/arm-none-eabi/5.4.1/armv7-m/crtn.o
START GROUP
LOAD c:/program files (x86)/cypress/psoc creator/4.1/psoc creator/import/gnu/arm/5.4.1/bin/../lib/gcc/arm-none-eabi/5.4.1/armv7-m\libgcc.a
LOAD c:/program files (x86)/cypress/psoc creator/4.1/psoc creator/import/gnu/arm/5.4.1/bin/../lib/gcc/arm-none-eabi/5.4.1/../../../../arm-none-eabi/lib/armv7-m\libc.a
LOAD c:/program files (x86)/cypress/psoc creator/4.1/psoc creator/import/gnu/arm/5.4.1/bin/../lib/gcc/arm-none-eabi/5.4.1/../../../../arm-none-eabi/lib/armv7-m\libnosys.a
END GROUP
                0x00000000                CY_APPL_ORIGIN = 0x0
                0x00000100                CY_FLASH_ROW_SIZE = 0x100
                0x00000020                CY_ECC_ROW_SIZE = 0x20
                0x00000000                CY_EE_IN_BTLDR = 0x0
                0x00000000                CY_APPL_LOADABLE = 0x0
                0x00000800                CY_EE_SIZE = 0x800
                0x00000001                CY_APPL_NUM = 0x1
                0x00000001                CY_APPL_MAX = 0x1
                0x00000040                CY_METADATA_SIZE = 0x40
                0x00000000                CY_APPL_LOADABLE = 0x0
                0x00000000                CY_CHECKSUM_EXCLUDE_SIZE = ALIGN (0x0, CY_FLASH_ROW_SIZE)
                [!provide]                PROVIDE (__cy_heap_start, _end)
                0x00000001                PROVIDE (__cy_region_num, ((__cy_regions_end - __cy_regions) / 0x10))
                0x20008000                PROVIDE (__cy_stack, (ORIGIN (ram) + LENGTH (ram)))
                [!provide]                PROVIDE (__cy_heap_end, (__cy_stack - 0x800))

.cybootloader   0x00000000        0x0
 *(.cybootloader)
                0x00000000                appl1_start = CY_APPL_ORIGIN?CY_APPL_ORIGIN:ALIGN (CY_FLASH_ROW_SIZE)
                0x0001ff00                appl2_start = (appl1_start + ALIGN ((((LENGTH (rom) - appl1_start) - (0x2 * CY_FLASH_ROW_SIZE)) / 0x2), CY_FLASH_ROW_SIZE))
                0x00000000                appl_start = (CY_APPL_NUM == 0x1)?appl1_start:appl2_start
                0x00000000                ecc_offset = ((appl_start / CY_FLASH_ROW_SIZE) * CY_ECC_ROW_SIZE)
                0x00000000                ee_offset = (CY_APPL_LOADABLE && ! (CY_EE_IN_BTLDR))?((CY_EE_SIZE / CY_APPL_MAX) * (CY_APPL_NUM - 0x1)):0x0
                0x00000800                ee_size = (CY_APPL_LOADABLE && ! (CY_EE_IN_BTLDR))?(CY_EE_SIZE / CY_APPL_MAX):CY_EE_SIZE
                [!provide]                PROVIDE (CY_ECC_OFFSET, ecc_offset)

.text           0x00000000     0x4380
 CREATE_OBJECT_SYMBOLS
                0x00000000                PROVIDE (__cy_interrupt_vector, RomVectors)
 *(.romvectors)
 .romvectors    0x00000000       0x10 .\CortexM3\ARM_GCC_541\Debug\Cm3Start.o
                0x00000000                RomVectors
                0x00000001                ASSERT ((. != __cy_interrupt_vector), No interrupt vector)
                0x00000001                ASSERT (CY_APPL_ORIGIN?(SIZEOF (.cybootloader) <= CY_APPL_ORIGIN):0x1, Wrong image location)
                0x00000010                PROVIDE (__cy_reset, Reset)
 *(.text.Reset)
 .text.Reset    0x00000010       0x18 .\CortexM3\ARM_GCC_541\Debug\Cm3Start.o
                0x00000010                Reset
                0x00000001                ASSERT ((. != __cy_reset), No reset code)
 *(.dma_init)
                0x00000001                ASSERT ((((appl_start + .) <= 0x10000) || 0x1), DMA Init must be within the first 64k of flash)
 *(.text .text.* .gnu.linkonce.t.*)
 .text          0x00000028       0x5c c:/program files (x86)/cypress/psoc creator/4.1/psoc creator/import/gnu/arm/5.4.1/bin/../lib/gcc/arm-none-eabi/5.4.1/armv7-m/crtbegin.o
 .text.function
                0x00000084       0x58 .\CortexM3\ARM_GCC_541\Debug\main.o
                0x00000084                function
 .text.main     0x000000dc       0xe0 .\CortexM3\ARM_GCC_541\Debug\main.o
                0x000000dc                main
 .text.CYMEMZERO
                0x000001bc       0x1c .\CortexM3\ARM_GCC_541\Debug\cyfitter_cfg.o
 .text.CYCONFIGCPY
                0x000001d8       0x20 .\CortexM3\ARM_GCC_541\Debug\cyfitter_cfg.o
 .text.CyClockStartupError
                0x000001f8        0xc .\CortexM3\ARM_GCC_541\Debug\cyfitter_cfg.o
 .text.cfg_write_bytes32
                0x00000204       0x74 .\CortexM3\ARM_GCC_541\Debug\cyfitter_cfg.o
 .text.ClockSetup
                0x00000278      0x170 .\CortexM3\ARM_GCC_541\Debug\cyfitter_cfg.o
 .text.AnalogSetDefault
                0x000003e8       0x78 .\CortexM3\ARM_GCC_541\Debug\cyfitter_cfg.o
 .text.AMux_CYAMUXSIDE_A_Set
                0x00000460       0x40 .\CortexM3\ARM_GCC_541\Debug\cyfitter_cfg.o
                0x00000460                AMux_CYAMUXSIDE_A_Set
 .text.AMux_CYAMUXSIDE_A_Unset
                0x000004a0       0x44 .\CortexM3\ARM_GCC_541\Debug\cyfitter_cfg.o
                0x000004a0                AMux_CYAMUXSIDE_A_Unset
 .text.AMux_CYAMUXSIDE_B_Set
                0x000004e4       0x6c .\CortexM3\ARM_GCC_541\Debug\cyfitter_cfg.o
                0x000004e4                AMux_CYAMUXSIDE_B_Set
 .text.AMux_CYAMUXSIDE_B_Unset
                0x00000550       0x74 .\CortexM3\ARM_GCC_541\Debug\cyfitter_cfg.o
                0x00000550                AMux_CYAMUXSIDE_B_Unset
 .text.cyfitter_cfg
                0x000005c4      0x188 .\CortexM3\ARM_GCC_541\Debug\cyfitter_cfg.o
                0x000005c4                cyfitter_cfg
 .text.IntDefaultHandler
                0x0000074c       0x14 .\CortexM3\ARM_GCC_541\Debug\Cm3Start.o
                0x0000074c                IntDefaultHandler
 .text._sbrk    0x00000760       0x54 .\CortexM3\ARM_GCC_541\Debug\Cm3Start.o
                0x00000760                _sbrk
 .text.Start_c  0x000007b4       0x98 .\CortexM3\ARM_GCC_541\Debug\Cm3Start.o
                0x000007b4                Start_c
 .text.initialize_psoc
                0x0000084c       0x90 .\CortexM3\ARM_GCC_541\Debug\Cm3Start.o
                0x0000084c                initialize_psoc
 .text.Thermistor_GetResistance
                0x000008dc       0x6c .\CortexM3\ARM_GCC_541\Debug\Temp 2.a(Thermistor.o)
                0x000008dc                Thermistor_GetResistance
 .text.Thermistor_GetTemperature
                0x00000948      0x130 .\CortexM3\ARM_GCC_541\Debug\Temp 2.a(Thermistor.o)
                0x00000948                Thermistor_GetTemperature
 .text.ADC_DelSig_Init
                0x00000a78      0x11c .\CortexM3\ARM_GCC_541\Debug\Temp 2.a(ADC_DelSig.o)
                0x00000a78                ADC_DelSig_Init
 .text.ADC_DelSig_Enable
                0x00000b94      0x158 .\CortexM3\ARM_GCC_541\Debug\Temp 2.a(ADC_DelSig.o)
                0x00000b94                ADC_DelSig_Enable
 .text.ADC_DelSig_Start
                0x00000cec       0x30 .\CortexM3\ARM_GCC_541\Debug\Temp 2.a(ADC_DelSig.o)
                0x00000cec                ADC_DelSig_Start
 .text.ADC_DelSig_StartConvert
                0x00000d1c       0x20 .\CortexM3\ARM_GCC_541\Debug\Temp 2.a(ADC_DelSig.o)
                0x00000d1c                ADC_DelSig_StartConvert
 .text.ADC_DelSig_IsEndConversion
                0x00000d3c       0x4c .\CortexM3\ARM_GCC_541\Debug\Temp 2.a(ADC_DelSig.o)
                0x00000d3c                ADC_DelSig_IsEndConversion
 .text.ADC_DelSig_GetResult32
                0x00000d88       0xa8 .\CortexM3\ARM_GCC_541\Debug\Temp 2.a(ADC_DelSig.o)
                0x00000d88                ADC_DelSig_GetResult32
 .text.ADC_DelSig_InitConfig
                0x00000e30      0x160 .\CortexM3\ARM_GCC_541\Debug\Temp 2.a(ADC_DelSig.o)
 .text.ADC_DelSig_GainCompensation
                0x00000f90      0x170 .\CortexM3\ARM_GCC_541\Debug\Temp 2.a(ADC_DelSig.o)
 .text.ADC_DelSig_SetDSMRef0Reg
                0x00001100       0x7c .\CortexM3\ARM_GCC_541\Debug\Temp 2.a(ADC_DelSig.o)
 .text.ADC_DelSig_ISR1
                0x0000117c        0xc .\CortexM3\ARM_GCC_541\Debug\Temp 2.a(ADC_DelSig_INT.o)
                0x0000117c                ADC_DelSig_ISR1
 .text.Opamp_Init
                0x00001188       0x10 .\CortexM3\ARM_GCC_541\Debug\Temp 2.a(Opamp.o)
                0x00001188                Opamp_Init
 .text.Opamp_Enable
                0x00001198       0x48 .\CortexM3\ARM_GCC_541\Debug\Temp 2.a(Opamp.o)
                0x00001198                Opamp_Enable
 .text.Opamp_Start
                0x000011e0       0x24 .\CortexM3\ARM_GCC_541\Debug\Temp 2.a(Opamp.o)
                0x000011e0                Opamp_Start
 .text.Opamp_SetPower
                0x00001204       0x40 .\CortexM3\ARM_GCC_541\Debug\Temp 2.a(Opamp.o)
                0x00001204                Opamp_SetPower
 .text.AMux_Start
                0x00001244       0x3c .\CortexM3\ARM_GCC_541\Debug\Temp 2.a(AMux.o)
                0x00001244                AMux_Start
 .text.AMux_FastSelect
                0x00001280       0x40 .\CortexM3\ARM_GCC_541\Debug\Temp 2.a(AMux.o)
                0x00001280                AMux_FastSelect
 .text.AMux_Disconnect
                0x000012c0       0x24 .\CortexM3\ARM_GCC_541\Debug\Temp 2.a(AMux.o)
                0x000012c0                AMux_Disconnect
 .text.ADC_DelSig_Ext_CP_Clk_SetDividerRegister
                0x000012e4      0x164 .\CortexM3\ARM_GCC_541\Debug\Temp 2.a(ADC_DelSig_Ext_CP_Clk.o)
                0x000012e4                ADC_DelSig_Ext_CP_Clk_SetDividerRegister
 .text.ADC_DelSig_Ext_CP_Clk_GetDividerRegister
                0x00001448       0x18 .\CortexM3\ARM_GCC_541\Debug\Temp 2.a(ADC_DelSig_Ext_CP_Clk.o)
                0x00001448                ADC_DelSig_Ext_CP_Clk_GetDividerRegister
 .text.ADC_DelSig_Ext_CP_Clk_SetModeRegister
                0x00001460       0x34 .\CortexM3\ARM_GCC_541\Debug\Temp 2.a(ADC_DelSig_Ext_CP_Clk.o)
                0x00001460                ADC_DelSig_Ext_CP_Clk_SetModeRegister
 .text.ADC_DelSig_Ext_CP_Clk_GetSourceRegister
                0x00001494       0x1c .\CortexM3\ARM_GCC_541\Debug\Temp 2.a(ADC_DelSig_Ext_CP_Clk.o)
                0x00001494                ADC_DelSig_Ext_CP_Clk_GetSourceRegister
 .text.ADC_DelSig_theACLK_SetDividerRegister
                0x000014b0      0x164 .\CortexM3\ARM_GCC_541\Debug\Temp 2.a(ADC_DelSig_theACLK.o)
                0x000014b0                ADC_DelSig_theACLK_SetDividerRegister
 .text.ADC_DelSig_theACLK_GetDividerRegister
                0x00001614       0x18 .\CortexM3\ARM_GCC_541\Debug\Temp 2.a(ADC_DelSig_theACLK.o)
                0x00001614                ADC_DelSig_theACLK_GetDividerRegister
 .text.ADC_DelSig_theACLK_SetModeRegister
                0x0000162c       0x34 .\CortexM3\ARM_GCC_541\Debug\Temp 2.a(ADC_DelSig_theACLK.o)
                0x0000162c                ADC_DelSig_theACLK_SetModeRegister
 .text.ADC_DelSig_theACLK_GetSourceRegister
                0x00001660       0x1c .\CortexM3\ARM_GCC_541\Debug\Temp 2.a(ADC_DelSig_theACLK.o)
                0x00001660                ADC_DelSig_theACLK_GetSourceRegister
 .text.CyHalt   0x0000167c       0x18 .\CortexM3\ARM_GCC_541\Debug\Temp 2.a(CyLib.o)
                0x0000167c                CyHalt
 .text.CyDelayUs
                0x00001694       0x28 .\CortexM3\ARM_GCC_541\Debug\Temp 2.a(CyLib.o)
                0x00001694                CyDelayUs
 .text.CyIntSetVector
                0x000016bc       0x50 .\CortexM3\ARM_GCC_541\Debug\Temp 2.a(CyLib.o)
                0x000016bc                CyIntSetVector
 .text.CyIntSetPriority
                0x0000170c       0x48 .\CortexM3\ARM_GCC_541\Debug\Temp 2.a(CyLib.o)
                0x0000170c                CyIntSetPriority
 .text.UART_1_Start
                0x00001754       0x24 .\CortexM3\ARM_GCC_541\Debug\Temp 2.a(UART_1.o)
                0x00001754                UART_1_Start
 .text.UART_1_Init
                0x00001778       0x2c .\CortexM3\ARM_GCC_541\Debug\Temp 2.a(UART_1.o)
                0x00001778                UART_1_Init
 .text.UART_1_Enable
                0x000017a4       0x34 .\CortexM3\ARM_GCC_541\Debug\Temp 2.a(UART_1.o)
                0x000017a4                UART_1_Enable
 .text.UART_1_PutChar
                0x000017d8       0x34 .\CortexM3\ARM_GCC_541\Debug\Temp 2.a(UART_1.o)
                0x000017d8                UART_1_PutChar
 .text.UART_1_PutString
                0x0000180c       0x44 .\CortexM3\ARM_GCC_541\Debug\Temp 2.a(UART_1.o)
                0x0000180c                UART_1_PutString
 .text.Timer_1_Init
                0x00001850       0x4c .\CortexM3\ARM_GCC_541\Debug\Temp 2.a(Timer_1.o)
                0x00001850                Timer_1_Init
 .text.Timer_1_Enable
                0x0000189c       0x20 .\CortexM3\ARM_GCC_541\Debug\Temp 2.a(Timer_1.o)
                0x0000189c                Timer_1_Enable
 .text.Timer_1_Start
                0x000018bc       0x24 .\CortexM3\ARM_GCC_541\Debug\Temp 2.a(Timer_1.o)
                0x000018bc                Timer_1_Start
 .text.Timer_1_SetInterruptMode
                0x000018e0       0x20 .\CortexM3\ARM_GCC_541\Debug\Temp 2.a(Timer_1.o)
                0x000018e0                Timer_1_SetInterruptMode
 .text.Timer_1_ReadStatusRegister
                0x00001900       0x18 .\CortexM3\ARM_GCC_541\Debug\Temp 2.a(Timer_1.o)
                0x00001900                Timer_1_ReadStatusRegister
 .text.Timer_1_WritePeriod
                0x00001918       0x20 .\CortexM3\ARM_GCC_541\Debug\Temp 2.a(Timer_1.o)
                0x00001918                Timer_1_WritePeriod
 .text.Timer_1_ReadCapture
                0x00001938       0x18 .\CortexM3\ARM_GCC_541\Debug\Temp 2.a(Timer_1.o)
                0x00001938                Timer_1_ReadCapture
 .text.Timer_1_WriteCounter
                0x00001950       0x20 .\CortexM3\ARM_GCC_541\Debug\Temp 2.a(Timer_1.o)
                0x00001950                Timer_1_WriteCounter
 .text.Timer_1_ClearFIFO
                0x00001970       0x1c .\CortexM3\ARM_GCC_541\Debug\Temp 2.a(Timer_1.o)
                0x00001970                Timer_1_ClearFIFO
 .text.timer_isr_StartEx
                0x0000198c       0x24 .\CortexM3\ARM_GCC_541\Debug\Temp 2.a(timer_isr.o)
                0x0000198c                timer_isr_StartEx
 .text.timer_isr_SetVector
                0x000019b0       0x24 .\CortexM3\ARM_GCC_541\Debug\Temp 2.a(timer_isr.o)
                0x000019b0                timer_isr_SetVector
 .text.timer_isr_SetPriority
                0x000019d4       0x24 .\CortexM3\ARM_GCC_541\Debug\Temp 2.a(timer_isr.o)
                0x000019d4                timer_isr_SetPriority
 .text.timer_isr_Enable
                0x000019f8       0x18 .\CortexM3\ARM_GCC_541\Debug\Temp 2.a(timer_isr.o)
                0x000019f8                timer_isr_Enable
 .text.timer_isr_Disable
                0x00001a10       0x18 .\CortexM3\ARM_GCC_541\Debug\Temp 2.a(timer_isr.o)
                0x00001a10                timer_isr_Disable
 .text.timer_isr_ClearPending
                0x00001a28       0x18 .\CortexM3\ARM_GCC_541\Debug\Temp 2.a(timer_isr.o)
                0x00001a28                timer_isr_ClearPending
 .text          0x00001a40       0x20 .\CortexM3\ARM_GCC_541\Debug\Temp 2.a(CyBootAsmGnu.o)
                0x00001a40                CyDelayCycles
                0x00001a50                CyEnterCriticalSection
                0x00001a58                CyExitCriticalSection
 .text.log      0x00001a60      0x100 c:/program files (x86)/cypress/psoc creator/4.1/psoc creator/import/gnu/arm/5.4.1/bin/../lib/gcc/arm-none-eabi/5.4.1/../../../../arm-none-eabi/lib/armv7-m\libm.a(lib_a-w_log.o)
                0x00001a60                log
 .text.pow      0x00001b60      0x330 c:/program files (x86)/cypress/psoc creator/4.1/psoc creator/import/gnu/arm/5.4.1/bin/../lib/gcc/arm-none-eabi/5.4.1/../../../../arm-none-eabi/lib/armv7-m\libm.a(lib_a-w_pow.o)
                0x00001b60                pow
 .text.__ieee754_log
                0x00001e90      0x3e8 c:/program files (x86)/cypress/psoc creator/4.1/psoc creator/import/gnu/arm/5.4.1/bin/../lib/gcc/arm-none-eabi/5.4.1/../../../../arm-none-eabi/lib/armv7-m\libm.a(lib_a-e_log.o)
                0x00001e90                __ieee754_log
 .text.__ieee754_pow
                0x00002278      0xac4 c:/program files (x86)/cypress/psoc creator/4.1/psoc creator/import/gnu/arm/5.4.1/bin/../lib/gcc/arm-none-eabi/5.4.1/../../../../arm-none-eabi/lib/armv7-m\libm.a(lib_a-e_pow.o)
                0x00002278                __ieee754_pow
 .text.__ieee754_sqrt
                0x00002d3c      0x188 c:/program files (x86)/cypress/psoc creator/4.1/psoc creator/import/gnu/arm/5.4.1/bin/../lib/gcc/arm-none-eabi/5.4.1/../../../../arm-none-eabi/lib/armv7-m\libm.a(lib_a-e_sqrt.o)
                0x00002d3c                __ieee754_sqrt
 .text.fabs     0x00002ec4        0x8 c:/program files (x86)/cypress/psoc creator/4.1/psoc creator/import/gnu/arm/5.4.1/bin/../lib/gcc/arm-none-eabi/5.4.1/../../../../arm-none-eabi/lib/armv7-m\libm.a(lib_a-s_fabs.o)
                0x00002ec4                fabs
 .text.finite   0x00002ecc        0xc c:/program files (x86)/cypress/psoc creator/4.1/psoc creator/import/gnu/arm/5.4.1/bin/../lib/gcc/arm-none-eabi/5.4.1/../../../../arm-none-eabi/lib/armv7-m\libm.a(lib_a-s_finite.o)
                0x00002ecc                finite
 .text.matherr  0x00002ed8        0x4 c:/program files (x86)/cypress/psoc creator/4.1/psoc creator/import/gnu/arm/5.4.1/bin/../lib/gcc/arm-none-eabi/5.4.1/../../../../arm-none-eabi/lib/armv7-m\libm.a(lib_a-s_matherr.o)
                0x00002ed8                matherr
 .text.nan      0x00002edc        0xc c:/program files (x86)/cypress/psoc creator/4.1/psoc creator/import/gnu/arm/5.4.1/bin/../lib/gcc/arm-none-eabi/5.4.1/../../../../arm-none-eabi/lib/armv7-m\libm.a(lib_a-s_nan.o)
                0x00002edc                nan
 .text.rint     0x00002ee8      0x120 c:/program files (x86)/cypress/psoc creator/4.1/psoc creator/import/gnu/arm/5.4.1/bin/../lib/gcc/arm-none-eabi/5.4.1/../../../../arm-none-eabi/lib/armv7-m\libm.a(lib_a-s_rint.o)
                0x00002ee8                rint
 .text.scalbn   0x00003008       0xe4 c:/program files (x86)/cypress/psoc creator/4.1/psoc creator/import/gnu/arm/5.4.1/bin/../lib/gcc/arm-none-eabi/5.4.1/../../../../arm-none-eabi/lib/armv7-m\libm.a(lib_a-s_scalbn.o)
                0x00003008                scalbn
 .text.copysign
                0x000030ec       0x10 c:/program files (x86)/cypress/psoc creator/4.1/psoc creator/import/gnu/arm/5.4.1/bin/../lib/gcc/arm-none-eabi/5.4.1/../../../../arm-none-eabi/lib/armv7-m\libm.a(lib_a-s_copysign.o)
                0x000030ec                copysign
 .text          0x000030fc      0x370 c:/program files (x86)/cypress/psoc creator/4.1/psoc creator/import/gnu/arm/5.4.1/bin/../lib/gcc/arm-none-eabi/5.4.1/armv7-m\libgcc.a(_arm_addsubdf3.o)
                0x000030fc                __aeabi_drsub
                0x00003104                __aeabi_dsub
                0x00003104                __subdf3
                0x00003108                __aeabi_dadd
                0x00003108                __adddf3
                0x00003380                __floatunsidf
                0x00003380                __aeabi_ui2d
                0x000033a0                __floatsidf
                0x000033a0                __aeabi_i2d
                0x000033c4                __aeabi_f2d
                0x000033c4                __extendsfdf2
                0x00003400                __floatundidf
                0x00003400                __aeabi_ul2d
                0x00003410                __floatdidf
                0x00003410                __aeabi_l2d
 .text          0x0000346c      0x424 c:/program files (x86)/cypress/psoc creator/4.1/psoc creator/import/gnu/arm/5.4.1/bin/../lib/gcc/arm-none-eabi/5.4.1/armv7-m\libgcc.a(_arm_muldivdf3.o)
                0x0000346c                __aeabi_dmul
                0x0000346c                __muldf3
                0x000036c0                __divdf3
                0x000036c0                __aeabi_ddiv
 .text          0x00003890      0x110 c:/program files (x86)/cypress/psoc creator/4.1/psoc creator/import/gnu/arm/5.4.1/bin/../lib/gcc/arm-none-eabi/5.4.1/armv7-m\libgcc.a(_arm_cmpdf2.o)
                0x00003890                __gtdf2
                0x00003890                __gedf2
                0x00003898                __ltdf2
                0x00003898                __ledf2
                0x000038a0                __nedf2
                0x000038a0                __eqdf2
                0x000038a0                __cmpdf2
                0x0000391c                __aeabi_cdrcmple
                0x0000392c                __aeabi_cdcmpeq
                0x0000392c                __aeabi_cdcmple
                0x0000393c                __aeabi_dcmpeq
                0x00003950                __aeabi_dcmplt
                0x00003964                __aeabi_dcmple
                0x00003978                __aeabi_dcmpge
                0x0000398c                __aeabi_dcmpgt
 .text          0x000039a0       0x2c c:/program files (x86)/cypress/psoc creator/4.1/psoc creator/import/gnu/arm/5.4.1/bin/../lib/gcc/arm-none-eabi/5.4.1/armv7-m\libgcc.a(_arm_unorddf2.o)
                0x000039a0                __unorddf2
                0x000039a0                __aeabi_dcmpun
 .text          0x000039cc       0xa0 c:/program files (x86)/cypress/psoc creator/4.1/psoc creator/import/gnu/arm/5.4.1/bin/../lib/gcc/arm-none-eabi/5.4.1/armv7-m\libgcc.a(_arm_truncdfsf2.o)
                0x000039cc                __truncdfsf2
                0x000039cc                __aeabi_d2f
 .text          0x00003a6c       0x4c c:/program files (x86)/cypress/psoc creator/4.1/psoc creator/import/gnu/arm/5.4.1/bin/../lib/gcc/arm-none-eabi/5.4.1/armv7-m\libgcc.a(_arm_fixsfsi.o)
                0x00003a6c                __aeabi_f2iz
                0x00003a6c                __fixsfsi
 .text.__errno  0x00003ab8        0xc c:/program files (x86)/cypress/psoc creator/4.1/psoc creator/import/gnu/arm/5.4.1/bin/../lib/gcc/arm-none-eabi/5.4.1/../../../../arm-none-eabi/lib/armv7-m\libg_nano.a(lib_a-errno.o)
                0x00003ab8                __errno
 .text.__libc_init_array
                0x00003ac4       0x4c c:/program files (x86)/cypress/psoc creator/4.1/psoc creator/import/gnu/arm/5.4.1/bin/../lib/gcc/arm-none-eabi/5.4.1/../../../../arm-none-eabi/lib/armv7-m\libg_nano.a(lib_a-init.o)
                0x00003ac4                __libc_init_array
 .text.memcpy   0x00003b10       0x16 c:/program files (x86)/cypress/psoc creator/4.1/psoc creator/import/gnu/arm/5.4.1/bin/../lib/gcc/arm-none-eabi/5.4.1/../../../../arm-none-eabi/lib/armv7-m\libg_nano.a(lib_a-memcpy-stub.o)
                0x00003b10                memcpy
 .text.memset   0x00003b26       0x10 c:/program files (x86)/cypress/psoc creator/4.1/psoc creator/import/gnu/arm/5.4.1/bin/../lib/gcc/arm-none-eabi/5.4.1/../../../../arm-none-eabi/lib/armv7-m\libg_nano.a(lib_a-memset.o)
                0x00003b26                memset
 *fill*         0x00003b36        0x2 
 .text.sprintf  0x00003b38       0x48 c:/program files (x86)/cypress/psoc creator/4.1/psoc creator/import/gnu/arm/5.4.1/bin/../lib/gcc/arm-none-eabi/5.4.1/../../../../arm-none-eabi/lib/armv7-m\libg_nano.a(lib_a-sprintf.o)
                0x00003b38                siprintf
                0x00003b38                sprintf
 .text.__ssputs_r
                0x00003b80       0xb2 c:/program files (x86)/cypress/psoc creator/4.1/psoc creator/import/gnu/arm/5.4.1/bin/../lib/gcc/arm-none-eabi/5.4.1/../../../../arm-none-eabi/lib/armv7-m\libg_nano.a(lib_a-nano-svfprintf.o)
                0x00003b80                __ssputs_r
 *fill*         0x00003c32        0x2 
 .text._svfprintf_r
                0x00003c34      0x1e8 c:/program files (x86)/cypress/psoc creator/4.1/psoc creator/import/gnu/arm/5.4.1/bin/../lib/gcc/arm-none-eabi/5.4.1/../../../../arm-none-eabi/lib/armv7-m\libg_nano.a(lib_a-nano-svfprintf.o)
                0x00003c34                _svfiprintf_r
                0x00003c34                _svfprintf_r
 .text._printf_common
                0x00003e1c       0xec c:/program files (x86)/cypress/psoc creator/4.1/psoc creator/import/gnu/arm/5.4.1/bin/../lib/gcc/arm-none-eabi/5.4.1/../../../../arm-none-eabi/lib/armv7-m\libg_nano.a(lib_a-nano-vfprintf_i.o)
                0x00003e1c                _printf_common
 .text._printf_i
                0x00003f08      0x24c c:/program files (x86)/cypress/psoc creator/4.1/psoc creator/import/gnu/arm/5.4.1/bin/../lib/gcc/arm-none-eabi/5.4.1/../../../../arm-none-eabi/lib/armv7-m\libg_nano.a(lib_a-nano-vfprintf_i.o)
                0x00003f08                _printf_i
 .text.memchr   0x00004154       0x1c c:/program files (x86)/cypress/psoc creator/4.1/psoc creator/import/gnu/arm/5.4.1/bin/../lib/gcc/arm-none-eabi/5.4.1/../../../../arm-none-eabi/lib/armv7-m\libg_nano.a(lib_a-memchr-stub.o)
                0x00004154                memchr
 .text.memmove  0x00004170       0x36 c:/program files (x86)/cypress/psoc creator/4.1/psoc creator/import/gnu/arm/5.4.1/bin/../lib/gcc/arm-none-eabi/5.4.1/../../../../arm-none-eabi/lib/armv7-m\libg_nano.a(lib_a-memmove.o)
                0x00004170                memmove
 *fill*         0x000041a6        0x2 
 .text._free_r  0x000041a8       0x98 c:/program files (x86)/cypress/psoc creator/4.1/psoc creator/import/gnu/arm/5.4.1/bin/../lib/gcc/arm-none-eabi/5.4.1/../../../../arm-none-eabi/lib/armv7-m\libg_nano.a(lib_a-nano-freer.o)
                0x000041a8                _free_r
 .text._malloc_r
                0x00004240       0xbc c:/program files (x86)/cypress/psoc creator/4.1/psoc creator/import/gnu/arm/5.4.1/bin/../lib/gcc/arm-none-eabi/5.4.1/../../../../arm-none-eabi/lib/armv7-m\libg_nano.a(lib_a-nano-mallocr.o)
                0x00004240                _malloc_r
 .text._realloc_r
                0x000042fc       0x4c c:/program files (x86)/cypress/psoc creator/4.1/psoc creator/import/gnu/arm/5.4.1/bin/../lib/gcc/arm-none-eabi/5.4.1/../../../../arm-none-eabi/lib/armv7-m\libg_nano.a(lib_a-nano-reallocr.o)
                0x000042fc                _realloc_r
 .text._sbrk_r  0x00004348       0x20 c:/program files (x86)/cypress/psoc creator/4.1/psoc creator/import/gnu/arm/5.4.1/bin/../lib/gcc/arm-none-eabi/5.4.1/../../../../arm-none-eabi/lib/armv7-m\libg_nano.a(lib_a-sbrkr.o)
                0x00004348                _sbrk_r
 .text.__malloc_lock
                0x00004368        0x2 c:/program files (x86)/cypress/psoc creator/4.1/psoc creator/import/gnu/arm/5.4.1/bin/../lib/gcc/arm-none-eabi/5.4.1/../../../../arm-none-eabi/lib/armv7-m\libg_nano.a(lib_a-mlock.o)
                0x00004368                __malloc_lock
 .text.__malloc_unlock
                0x0000436a        0x2 c:/program files (x86)/cypress/psoc creator/4.1/psoc creator/import/gnu/arm/5.4.1/bin/../lib/gcc/arm-none-eabi/5.4.1/../../../../arm-none-eabi/lib/armv7-m\libg_nano.a(lib_a-mlock.o)
                0x0000436a                __malloc_unlock
 .text._malloc_usable_size_r
                0x0000436c       0x14 c:/program files (x86)/cypress/psoc creator/4.1/psoc creator/import/gnu/arm/5.4.1/bin/../lib/gcc/arm-none-eabi/5.4.1/../../../../arm-none-eabi/lib/armv7-m\libg_nano.a(lib_a-nano-msizer.o)
                0x0000436c                _malloc_usable_size_r
 *(.plt)
 *(.gnu.warning)
 *(.glue_7t)
 .glue_7t       0x00004380        0x0 linker stubs
 *(.glue_7)
 .glue_7        0x00004380        0x0 linker stubs
 *(.vfp11_veneer)
 .vfp11_veneer  0x00004380        0x0 linker stubs
 *(.bootloader)
 *(.ARM.extab* .gnu.linkonce.armextab.*)
 *(.gcc_except_table)

.v4_bx          0x00004380        0x0
 .v4_bx         0x00004380        0x0 linker stubs

.iplt           0x00004380        0x0
 .iplt          0x00004380        0x0 c:/program files (x86)/cypress/psoc creator/4.1/psoc creator/import/gnu/arm/5.4.1/bin/../lib/gcc/arm-none-eabi/5.4.1/armv7-m/crtbegin.o

.eh_frame_hdr
 *(.eh_frame_hdr)

.eh_frame       0x00004380        0x4
 *(.eh_frame)
 .eh_frame      0x00004380        0x0 c:/program files (x86)/cypress/psoc creator/4.1/psoc creator/import/gnu/arm/5.4.1/bin/../lib/gcc/arm-none-eabi/5.4.1/armv7-m/crtbegin.o
 .eh_frame      0x00004380        0x4 c:/program files (x86)/cypress/psoc creator/4.1/psoc creator/import/gnu/arm/5.4.1/bin/../lib/gcc/arm-none-eabi/5.4.1/armv7-m/crtend.o
                [!provide]                PROVIDE (__exidx_start, .)

.ARM.exidx
 *(.ARM.exidx* .gnu.linkonce.armexidx.*)
                0x00004384                __exidx_end = .

.rodata         0x00004388       0xf8
 *(.rodata .rodata.* .gnu.linkonce.r.*)
 .rodata        0x00004388        0xd .\CortexM3\ARM_GCC_541\Debug\main.o
 *fill*         0x00004395        0x3 
 .rodata        0x00004398       0x5a .\CortexM3\ARM_GCC_541\Debug\cyfitter_cfg.o
                0x00004398                AMux_CYAMUXSIDE_A__addrTable
                0x000043a0                AMux_CYAMUXSIDE_A__maskTable
                0x000043a4                AMux_CYAMUXSIDE_B__addrTable
                0x000043b4                AMux_CYAMUXSIDE_B__maskTable
 *fill*         0x000043f2        0x2 
 .rodata.str1.4
                0x000043f4        0x5 c:/program files (x86)/cypress/psoc creator/4.1/psoc creator/import/gnu/arm/5.4.1/bin/../lib/gcc/arm-none-eabi/5.4.1/../../../../arm-none-eabi/lib/armv7-m\libm.a(lib_a-w_log.o)
 *fill*         0x000043f9        0x3 
 .rodata.str1.4
                0x000043fc        0x4 c:/program files (x86)/cypress/psoc creator/4.1/psoc creator/import/gnu/arm/5.4.1/bin/../lib/gcc/arm-none-eabi/5.4.1/../../../../arm-none-eabi/lib/armv7-m\libm.a(lib_a-w_pow.o)
 .rodata.str1.4
                0x00004400        0x1 c:/program files (x86)/cypress/psoc creator/4.1/psoc creator/import/gnu/arm/5.4.1/bin/../lib/gcc/arm-none-eabi/5.4.1/../../../../arm-none-eabi/lib/armv7-m\libm.a(lib_a-e_pow.o)
 .rodata.TWO52  0x00004400       0x10 c:/program files (x86)/cypress/psoc creator/4.1/psoc creator/import/gnu/arm/5.4.1/bin/../lib/gcc/arm-none-eabi/5.4.1/../../../../arm-none-eabi/lib/armv7-m\libm.a(lib_a-s_rint.o)
 .rodata.str1.1
                0x00004410        0x2 c:/program files (x86)/cypress/psoc creator/4.1/psoc creator/import/gnu/arm/5.4.1/bin/../lib/gcc/arm-none-eabi/5.4.1/../../../../arm-none-eabi/lib/armv7-m\libg_nano.a(lib_a-impure.o)
 .rodata.str1.1
                0x00004412       0x11 c:/program files (x86)/cypress/psoc creator/4.1/psoc creator/import/gnu/arm/5.4.1/bin/../lib/gcc/arm-none-eabi/5.4.1/../../../../arm-none-eabi/lib/armv7-m\libg_nano.a(lib_a-nano-svfprintf.o)
 .rodata.str1.1
                0x00004423       0x22 c:/program files (x86)/cypress/psoc creator/4.1/psoc creator/import/gnu/arm/5.4.1/bin/../lib/gcc/arm-none-eabi/5.4.1/../../../../arm-none-eabi/lib/armv7-m\libg_nano.a(lib_a-nano-vfprintf_i.o)
                0x00004448                . = ALIGN (0x4)
 *fill*         0x00004445        0x3 
 *(.init)
 .init          0x00004448        0x4 c:/program files (x86)/cypress/psoc creator/4.1/psoc creator/import/gnu/arm/5.4.1/bin/../lib/gcc/arm-none-eabi/5.4.1/armv7-m/crti.o
                0x00004448                _init
 .init          0x0000444c        0x8 c:/program files (x86)/cypress/psoc creator/4.1/psoc creator/import/gnu/arm/5.4.1/bin/../lib/gcc/arm-none-eabi/5.4.1/armv7-m/crtn.o
                0x00004454                . = ALIGN (0x4)
                0x00004454                __preinit_array_start = .
 *(.preinit_array)
                0x00004454                __preinit_array_end = .
                0x00004454                . = ALIGN (0x4)
                0x00004454                __init_array_start = .
 *(SORT(.init_array.*))
 *(.init_array)
 .init_array    0x00004454        0x4 c:/program files (x86)/cypress/psoc creator/4.1/psoc creator/import/gnu/arm/5.4.1/bin/../lib/gcc/arm-none-eabi/5.4.1/armv7-m/crtbegin.o
 .init_array    0x00004458        0x4 .\CortexM3\ARM_GCC_541\Debug\Cm3Start.o
                0x0000445c                __init_array_end = .
                0x0000445c                . = ALIGN (0x4)
 *(.fini)
 .fini          0x0000445c        0x4 c:/program files (x86)/cypress/psoc creator/4.1/psoc creator/import/gnu/arm/5.4.1/bin/../lib/gcc/arm-none-eabi/5.4.1/armv7-m/crti.o
                0x0000445c                _fini
 .fini          0x00004460        0x8 c:/program files (x86)/cypress/psoc creator/4.1/psoc creator/import/gnu/arm/5.4.1/bin/../lib/gcc/arm-none-eabi/5.4.1/armv7-m/crtn.o
                0x00004468                . = ALIGN (0x4)
                0x00004468                __fini_array_start = .
 *(.fini_array)
 .fini_array    0x00004468        0x4 c:/program files (x86)/cypress/psoc creator/4.1/psoc creator/import/gnu/arm/5.4.1/bin/../lib/gcc/arm-none-eabi/5.4.1/armv7-m/crtbegin.o
 *(SORT(.fini_array.*))
                0x0000446c                __fini_array_end = .
                0x0000446c                . = ALIGN (0x4)
 *crtbegin.o(.ctors)
 *(EXCLUDE_FILE(*crtend.o) .ctors)
 *(SORT(.ctors.*))
 *crtend.o(.ctors)
                0x0000446c                . = ALIGN (0x4)
 *crtbegin.o(.dtors)
 *(EXCLUDE_FILE(*crtend.o) .dtors)
 *(SORT(.dtors.*))
 *crtend.o(.dtors)
                0x0000446c                . = ALIGN (0x4)
                0x0000446c                __cy_regions = .
                0x0000446c        0x4 LONG 0x4480 __cy_region_init_ram
                0x00004470        0x4 LONG 0x1fff80c8 __cy_region_start_data
                0x00004474        0x4 LONG 0x88 __cy_region_init_size_ram
                0x00004478        0x4 LONG 0x60 __cy_region_zero_size_ram
                0x0000447c                __cy_regions_end = .
                0x00004480                . = ALIGN (0x8)
 *fill*         0x0000447c        0x4 
                0x00004480                _etext = .

.cy_checksum_exclude
                0x00004480        0x0
 *(.cy_checksum_exclude)

.ramvectors     0x1fff8000       0xc0
                0x1fff8000                __cy_region_start_ram = .
 *(.ramvectors)
 .ramvectors    0x1fff8000       0xc0 .\CortexM3\ARM_GCC_541\Debug\Cm3Start.o
                0x1fff8000                CyRamVectors

.noinit         0x1fff80c0        0x5
 *(.noinit)
 .noinit        0x1fff80c0        0x4 .\CortexM3\ARM_GCC_541\Debug\Cm3Start.o
 .noinit        0x1fff80c4        0x1 .\CortexM3\ARM_GCC_541\Debug\Temp 2.a(CyLib.o)
                0x1fff80c4                CyResetStatus

.data           0x1fff80c8       0x88 load address 0x00004480
                0x1fff80c8                __cy_region_start_data = .
 *(.jcr)
 .jcr           0x1fff80c8        0x0 c:/program files (x86)/cypress/psoc creator/4.1/psoc creator/import/gnu/arm/5.4.1/bin/../lib/gcc/arm-none-eabi/5.4.1/armv7-m/crtbegin.o
 .jcr           0x1fff80c8        0x4 c:/program files (x86)/cypress/psoc creator/4.1/psoc creator/import/gnu/arm/5.4.1/bin/../lib/gcc/arm-none-eabi/5.4.1/armv7-m/crtend.o
 *(.got.plt)
 *(.got)
 *(.shdata)
 *(.data .data.* .gnu.linkonce.d.*)
 .data          0x1fff80cc        0x4 .\CortexM3\ARM_GCC_541\Debug\Cm3Start.o
 .data          0x1fff80d0        0x1 .\CortexM3\ARM_GCC_541\Debug\Temp 2.a(ADC_DelSig.o)
                0x1fff80d0                ADC_DelSig_Config
 .data          0x1fff80d1        0x1 .\CortexM3\ARM_GCC_541\Debug\Temp 2.a(AMux.o)
 *fill*         0x1fff80d2        0x2 
 .data          0x1fff80d4       0x10 .\CortexM3\ARM_GCC_541\Debug\Temp 2.a(CyLib.o)
                0x1fff80d4                cydelay_freq_hz
                0x1fff80d8                cydelay_freq_khz
                0x1fff80dc                cydelay_freq_mhz
                0x1fff80e0                cydelay_32k_ms
 .data.__fdlib_version
                0x1fff80e4        0x1 c:/program files (x86)/cypress/psoc creator/4.1/psoc creator/import/gnu/arm/5.4.1/bin/../lib/gcc/arm-none-eabi/5.4.1/../../../../arm-none-eabi/lib/armv7-m\libm.a(lib_a-s_lib_ver.o)
                0x1fff80e4                __fdlib_version
 *fill*         0x1fff80e5        0x3 
 .data.impure_data
                0x1fff80e8       0x60 c:/program files (x86)/cypress/psoc creator/4.1/psoc creator/import/gnu/arm/5.4.1/bin/../lib/gcc/arm-none-eabi/5.4.1/../../../../arm-none-eabi/lib/armv7-m\libg_nano.a(lib_a-impure.o)
 .data._impure_ptr
                0x1fff8148        0x4 c:/program files (x86)/cypress/psoc creator/4.1/psoc creator/import/gnu/arm/5.4.1/bin/../lib/gcc/arm-none-eabi/5.4.1/../../../../arm-none-eabi/lib/armv7-m\libg_nano.a(lib_a-impure.o)
                0x1fff8148                _impure_ptr
                0x1fff8150                . = ALIGN (0x8)
 *fill*         0x1fff814c        0x4 
 *(.ram)
                0x1fff8150                _edata = .

.igot.plt       0x1fff8150        0x0 load address 0x00004508
 .igot.plt      0x1fff8150        0x0 c:/program files (x86)/cypress/psoc creator/4.1/psoc creator/import/gnu/arm/5.4.1/bin/../lib/gcc/arm-none-eabi/5.4.1/armv7-m/crtbegin.o

.bss            0x1fff8150       0x60 load address 0x00004508
                0x1fff8150                PROVIDE (__bss_start__, .)
 *(.shbss)
 *(.bss .bss.* .gnu.linkonce.b.*)
 .bss           0x1fff8150       0x1c c:/program files (x86)/cypress/psoc creator/4.1/psoc creator/import/gnu/arm/5.4.1/bin/../lib/gcc/arm-none-eabi/5.4.1/armv7-m/crtbegin.o
 .bss           0x1fff816c        0x4 .\CortexM3\ARM_GCC_541\Debug\main.o
                0x1fff816c                temperature
 .bss           0x1fff8170        0x8 .\CortexM3\ARM_GCC_541\Debug\Temp 2.a(ADC_DelSig.o)
                0x1fff8170                ADC_DelSig_convDone
                0x1fff8171                ADC_DelSig_stopConversion
                0x1fff8172                ADC_DelSig_initVar
                0x1fff8173                ADC_DelSig_started
 .bss           0x1fff8178        0x1 .\CortexM3\ARM_GCC_541\Debug\Temp 2.a(Opamp.o)
                0x1fff8178                Opamp_initVar
 .bss           0x1fff8179        0x2 .\CortexM3\ARM_GCC_541\Debug\Temp 2.a(UART_1.o)
                0x1fff8179                UART_1_initVar
 .bss           0x1fff817b        0x1 .\CortexM3\ARM_GCC_541\Debug\Temp 2.a(Timer_1.o)
                0x1fff817b                Timer_1_initVar
 .bss.__malloc_sbrk_start
                0x1fff817c        0x4 c:/program files (x86)/cypress/psoc creator/4.1/psoc creator/import/gnu/arm/5.4.1/bin/../lib/gcc/arm-none-eabi/5.4.1/../../../../arm-none-eabi/lib/armv7-m\libg_nano.a(lib_a-nano-mallocr.o)
                0x1fff817c                __malloc_sbrk_start
 .bss.__malloc_free_list
                0x1fff8180        0x4 c:/program files (x86)/cypress/psoc creator/4.1/psoc creator/import/gnu/arm/5.4.1/bin/../lib/gcc/arm-none-eabi/5.4.1/../../../../arm-none-eabi/lib/armv7-m\libg_nano.a(lib_a-nano-mallocr.o)
                0x1fff8180                __malloc_free_list
 *(COMMON)
 COMMON         0x1fff8184       0x1a .\CortexM3\ARM_GCC_541\Debug\main.o
                0x1fff8184                vTherm
                0x1fff8188                absTemp
                0x1fff818c                str
                0x1fff819c                vRef
 *fill*         0x1fff819e        0x2 
 COMMON         0x1fff81a0        0x8 .\CortexM3\ARM_GCC_541\Debug\Temp 2.a(ADC_DelSig.o)
                0x1fff81a0                ADC_DelSig_CountsPerVolt
                0x1fff81a4                ADC_DelSig_Offset
 COMMON         0x1fff81a8        0x4 c:/program files (x86)/cypress/psoc creator/4.1/psoc creator/import/gnu/arm/5.4.1/bin/../lib/gcc/arm-none-eabi/5.4.1/../../../../arm-none-eabi/lib/armv7-m\libg_nano.a(lib_a-reent.o)
                0x1fff81a8                errno
                0x1fff81b0                . = ALIGN (0x8)
 *fill*         0x1fff81ac        0x4 
 *(.ram.b)
                0x1fff81b0                _end = .
                0x1fff81b0                __end = .
                0x1fff81b0                PROVIDE (end, .)
                0x1fff81b0                PROVIDE (__bss_end__, .)
                0x00004480                __cy_region_init_ram = LOADADDR (.data)
                0x00000088                __cy_region_init_size_ram = (_edata - ADDR (.data))
                0x00000060                __cy_region_zero_size_ram = (_end - _edata)

.heap           0x1fff81b0      0x200 load address 0x00004508
                0x1fff81b0                . = _end
                0x1fff83b0                . = (. + 0x200)
 *fill*         0x1fff81b0      0x200 
                0x1fff83b0                __cy_heap_limit = .

.stack          0x20007800      0x800
                0x20007800                __cy_stack_limit = .
                0x20008000                . = (. + 0x800)
 *fill*         0x20007800      0x800 
                0x00000001                ASSERT ((__cy_stack_limit >= __cy_heap_limit), region RAM overflowed with stack)
                0x00000000                cy_checksum_exclude_size = (CY_APPL_LOADABLE == 0x1)?SIZEOF (.cy_checksum_exclude):0x0
                0x00000001                ASSERT ((cy_checksum_exclude_size <= CY_CHECKSUM_EXCLUDE_SIZE), CY_BOOT: Section .cy_checksum_exclude size exceedes specified limit.)

.cyloadermeta
 *(.cyloadermeta)

.cyloadablemeta
 *(.cyloadablemeta)

.cyconfigecc    0x80000000      0x298
 *(.cyconfigecc)
 .cyconfigecc   0x80000000      0x298 .\CortexM3\ARM_GCC_541\Debug\cymetadata.o
                0x80000000                cy_meta_configecc

.cycustnvl      0x90000000        0x4
 *(.cycustnvl)
 .cycustnvl     0x90000000        0x4 .\CortexM3\ARM_GCC_541\Debug\cymetadata.o
                0x90000000                cy_meta_custnvl

.cywolatch      0x90100000        0x4
 *(.cywolatch)
 .cywolatch     0x90100000        0x4 .\CortexM3\ARM_GCC_541\Debug\cymetadata.o
                0x90100000                cy_meta_wonvl

.cyeeprom       0x90200000        0x0
 *(.cyeeprom)
                0x00000001                ASSERT ((. <= ((0x90200000 + ee_offset) + ee_size)), .cyeeprom data will not fit in EEPROM)

.cyflashprotect
                0x90400000      0x100
 *(.cyflashprotect)
 .cyflashprotect
                0x90400000      0x100 .\CortexM3\ARM_GCC_541\Debug\cymetadata.o
                0x90400000                cy_meta_flashprotect

.cymeta         0x90500000        0xc
 *(.cymeta)
 .cymeta        0x90500000        0xc .\CortexM3\ARM_GCC_541\Debug\cymetadata.o
                0x90500000                cy_metadata

.rel.dyn        0x00004508        0x0 load address 0x9050000c
 .rel.iplt      0x00004508        0x0 c:/program files (x86)/cypress/psoc creator/4.1/psoc creator/import/gnu/arm/5.4.1/bin/../lib/gcc/arm-none-eabi/5.4.1/armv7-m/crtbegin.o

.stab
 *(.stab)

.stabstr
 *(.stabstr)

.debug
 *(.debug)

.line
 *(.line)

.debug_srcinfo
 *(.debug_srcinfo)

.debug_sfnames
 *(.debug_sfnames)

.debug_aranges  0x00000000      0x9c0
 *(.debug_aranges)
 .debug_aranges
                0x00000000       0x28 .\CortexM3\ARM_GCC_541\Debug\main.o
 .debug_aranges
                0x00000028       0x80 .\CortexM3\ARM_GCC_541\Debug\cyfitter_cfg.o
 .debug_aranges
                0x000000a8       0x18 .\CortexM3\ARM_GCC_541\Debug\cymetadata.o
 .debug_aranges
                0x000000c0       0x48 .\CortexM3\ARM_GCC_541\Debug\Cm3Start.o
 .debug_aranges
                0x00000108       0x28 .\CortexM3\ARM_GCC_541\Debug\Temp 2.a(Thermistor.o)
 .debug_aranges
                0x00000130       0xe8 .\CortexM3\ARM_GCC_541\Debug\Temp 2.a(ADC_DelSig.o)
 .debug_aranges
                0x00000218       0x38 .\CortexM3\ARM_GCC_541\Debug\Temp 2.a(ADC_DelSig_INT.o)
 .debug_aranges
                0x00000250       0x40 .\CortexM3\ARM_GCC_541\Debug\Temp 2.a(Opamp.o)
 .debug_aranges
                0x00000290       0x40 .\CortexM3\ARM_GCC_541\Debug\Temp 2.a(AMux.o)
 .debug_aranges
                0x000002d0       0x70 .\CortexM3\ARM_GCC_541\Debug\Temp 2.a(ADC_DelSig_Ext_CP_Clk.o)
 .debug_aranges
                0x00000340       0x80 .\CortexM3\ARM_GCC_541\Debug\Temp 2.a(ADC_DelSig_theACLK.o)
 .debug_aranges
                0x000003c0      0x2a0 .\CortexM3\ARM_GCC_541\Debug\Temp 2.a(CyLib.o)
 .debug_aranges
                0x00000660       0x98 .\CortexM3\ARM_GCC_541\Debug\Temp 2.a(cyPm.o)
 .debug_aranges
                0x000006f8       0xa0 .\CortexM3\ARM_GCC_541\Debug\Temp 2.a(UART_1.o)
 .debug_aranges
                0x00000798       0x90 .\CortexM3\ARM_GCC_541\Debug\Temp 2.a(Timer_1.o)
 .debug_aranges
                0x00000828       0x80 .\CortexM3\ARM_GCC_541\Debug\Temp 2.a(timer_isr.o)
 .debug_aranges
                0x000008a8       0x20 .\CortexM3\ARM_GCC_541\Debug\Temp 2.a(CyBootAsmGnu.o)
 .debug_aranges
                0x000008c8       0x80 .\CortexM3\ARM_GCC_541\Debug\Temp 2.a(CyFlash.o)
 .debug_aranges
                0x00000948       0x78 .\CortexM3\ARM_GCC_541\Debug\Temp 2.a(CySpc.o)

.debug_pubnames
 *(.debug_pubnames)

.debug_info     0x00000000     0x408b
 *(.debug_info .gnu.linkonce.wi.*)
 .debug_info    0x00000000      0x178 .\CortexM3\ARM_GCC_541\Debug\main.o
 .debug_info    0x00000178      0x59a .\CortexM3\ARM_GCC_541\Debug\cyfitter_cfg.o
 .debug_info    0x00000712      0x135 .\CortexM3\ARM_GCC_541\Debug\cymetadata.o
 .debug_info    0x00000847      0x32b .\CortexM3\ARM_GCC_541\Debug\Cm3Start.o
 .debug_info    0x00000b72      0x177 .\CortexM3\ARM_GCC_541\Debug\Temp 2.a(Thermistor.o)
 .debug_info    0x00000ce9      0x72c .\CortexM3\ARM_GCC_541\Debug\Temp 2.a(ADC_DelSig.o)
 .debug_info    0x00001415       0xd3 .\CortexM3\ARM_GCC_541\Debug\Temp 2.a(ADC_DelSig_INT.o)
 .debug_info    0x000014e8      0x125 .\CortexM3\ARM_GCC_541\Debug\Temp 2.a(Opamp.o)
 .debug_info    0x0000160d      0x152 .\CortexM3\ARM_GCC_541\Debug\Temp 2.a(AMux.o)
 .debug_info    0x0000175f      0x25d .\CortexM3\ARM_GCC_541\Debug\Temp 2.a(ADC_DelSig_Ext_CP_Clk.o)
 .debug_info    0x000019bc      0x299 .\CortexM3\ARM_GCC_541\Debug\Temp 2.a(ADC_DelSig_theACLK.o)
 .debug_info    0x00001c55      0xe51 .\CortexM3\ARM_GCC_541\Debug\Temp 2.a(CyLib.o)
 .debug_info    0x00002aa6      0x57a .\CortexM3\ARM_GCC_541\Debug\Temp 2.a(cyPm.o)
 .debug_info    0x00003020      0x37f .\CortexM3\ARM_GCC_541\Debug\Temp 2.a(UART_1.o)
 .debug_info    0x0000339f      0x25b .\CortexM3\ARM_GCC_541\Debug\Temp 2.a(Timer_1.o)
 .debug_info    0x000035fa      0x241 .\CortexM3\ARM_GCC_541\Debug\Temp 2.a(timer_isr.o)
 .debug_info    0x0000383b       0x85 .\CortexM3\ARM_GCC_541\Debug\Temp 2.a(CyBootAsmGnu.o)
 .debug_info    0x000038c0      0x371 .\CortexM3\ARM_GCC_541\Debug\Temp 2.a(CyFlash.o)
 .debug_info    0x00003c31      0x45a .\CortexM3\ARM_GCC_541\Debug\Temp 2.a(CySpc.o)

.debug_abbrev   0x00000000     0x149c
 *(.debug_abbrev)
 .debug_abbrev  0x00000000       0xd1 .\CortexM3\ARM_GCC_541\Debug\main.o
 .debug_abbrev  0x000000d1      0x1ca .\CortexM3\ARM_GCC_541\Debug\cyfitter_cfg.o
 .debug_abbrev  0x0000029b       0x66 .\CortexM3\ARM_GCC_541\Debug\cymetadata.o
 .debug_abbrev  0x00000301      0x1d6 .\CortexM3\ARM_GCC_541\Debug\Cm3Start.o
 .debug_abbrev  0x000004d7       0x8b .\CortexM3\ARM_GCC_541\Debug\Temp 2.a(Thermistor.o)
 .debug_abbrev  0x00000562      0x19d .\CortexM3\ARM_GCC_541\Debug\Temp 2.a(ADC_DelSig.o)
 .debug_abbrev  0x000006ff       0x42 .\CortexM3\ARM_GCC_541\Debug\Temp 2.a(ADC_DelSig_INT.o)
 .debug_abbrev  0x00000741       0xa8 .\CortexM3\ARM_GCC_541\Debug\Temp 2.a(Opamp.o)
 .debug_abbrev  0x000007e9       0x6f .\CortexM3\ARM_GCC_541\Debug\Temp 2.a(AMux.o)
 .debug_abbrev  0x00000858      0x11d .\CortexM3\ARM_GCC_541\Debug\Temp 2.a(ADC_DelSig_Ext_CP_Clk.o)
 .debug_abbrev  0x00000975      0x11d .\CortexM3\ARM_GCC_541\Debug\Temp 2.a(ADC_DelSig_theACLK.o)
 .debug_abbrev  0x00000a92      0x217 .\CortexM3\ARM_GCC_541\Debug\Temp 2.a(CyLib.o)
 .debug_abbrev  0x00000ca9      0x161 .\CortexM3\ARM_GCC_541\Debug\Temp 2.a(cyPm.o)
 .debug_abbrev  0x00000e0a      0x149 .\CortexM3\ARM_GCC_541\Debug\Temp 2.a(UART_1.o)
 .debug_abbrev  0x00000f53      0x11b .\CortexM3\ARM_GCC_541\Debug\Temp 2.a(Timer_1.o)
 .debug_abbrev  0x0000106e      0x172 .\CortexM3\ARM_GCC_541\Debug\Temp 2.a(timer_isr.o)
 .debug_abbrev  0x000011e0       0x14 .\CortexM3\ARM_GCC_541\Debug\Temp 2.a(CyBootAsmGnu.o)
 .debug_abbrev  0x000011f4      0x13c .\CortexM3\ARM_GCC_541\Debug\Temp 2.a(CyFlash.o)
 .debug_abbrev  0x00001330      0x16c .\CortexM3\ARM_GCC_541\Debug\Temp 2.a(CySpc.o)

.debug_line     0x00000000     0x25db
 *(.debug_line)
 .debug_line    0x00000000      0x193 .\CortexM3\ARM_GCC_541\Debug\main.o
 .debug_line    0x00000193      0x27d .\CortexM3\ARM_GCC_541\Debug\cyfitter_cfg.o
 .debug_line    0x00000410      0x141 .\CortexM3\ARM_GCC_541\Debug\cymetadata.o
 .debug_line    0x00000551      0x1dc .\CortexM3\ARM_GCC_541\Debug\Cm3Start.o
 .debug_line    0x0000072d       0x89 .\CortexM3\ARM_GCC_541\Debug\Temp 2.a(Thermistor.o)
 .debug_line    0x000007b6      0x35e .\CortexM3\ARM_GCC_541\Debug\Temp 2.a(ADC_DelSig.o)
 .debug_line    0x00000b14       0x93 .\CortexM3\ARM_GCC_541\Debug\Temp 2.a(ADC_DelSig_INT.o)
 .debug_line    0x00000ba7       0xad .\CortexM3\ARM_GCC_541\Debug\Temp 2.a(Opamp.o)
 .debug_line    0x00000c54       0xc7 .\CortexM3\ARM_GCC_541\Debug\Temp 2.a(AMux.o)
 .debug_line    0x00000d1b      0x1b4 .\CortexM3\ARM_GCC_541\Debug\Temp 2.a(ADC_DelSig_Ext_CP_Clk.o)
 .debug_line    0x00000ecf      0x1d5 .\CortexM3\ARM_GCC_541\Debug\Temp 2.a(ADC_DelSig_theACLK.o)
 .debug_line    0x000010a4      0x883 .\CortexM3\ARM_GCC_541\Debug\Temp 2.a(CyLib.o)
 .debug_line    0x00001927      0x38e .\CortexM3\ARM_GCC_541\Debug\Temp 2.a(cyPm.o)
 .debug_line    0x00001cb5      0x1f5 .\CortexM3\ARM_GCC_541\Debug\Temp 2.a(UART_1.o)
 .debug_line    0x00001eaa      0x170 .\CortexM3\ARM_GCC_541\Debug\Temp 2.a(Timer_1.o)
 .debug_line    0x0000201a      0x144 .\CortexM3\ARM_GCC_541\Debug\Temp 2.a(timer_isr.o)
 .debug_line    0x0000215e       0x66 .\CortexM3\ARM_GCC_541\Debug\Temp 2.a(CyBootAsmGnu.o)
 .debug_line    0x000021c4      0x205 .\CortexM3\ARM_GCC_541\Debug\Temp 2.a(CyFlash.o)
 .debug_line    0x000023c9      0x212 .\CortexM3\ARM_GCC_541\Debug\Temp 2.a(CySpc.o)

.debug_frame    0x00000000     0x2cec
 *(.debug_frame)
 .debug_frame   0x00000000       0x4c .\CortexM3\ARM_GCC_541\Debug\main.o
 .debug_frame   0x0000004c      0x20c .\CortexM3\ARM_GCC_541\Debug\cyfitter_cfg.o
 .debug_frame   0x00000258       0xd8 .\CortexM3\ARM_GCC_541\Debug\Cm3Start.o
 .debug_frame   0x00000330       0x64 .\CortexM3\ARM_GCC_541\Debug\Temp 2.a(Thermistor.o)
 .debug_frame   0x00000394      0x40c .\CortexM3\ARM_GCC_541\Debug\Temp 2.a(ADC_DelSig.o)
 .debug_frame   0x000007a0       0xa0 .\CortexM3\ARM_GCC_541\Debug\Temp 2.a(ADC_DelSig_INT.o)
 .debug_frame   0x00000840       0xb8 .\CortexM3\ARM_GCC_541\Debug\Temp 2.a(Opamp.o)
 .debug_frame   0x000008f8       0xd8 .\CortexM3\ARM_GCC_541\Debug\Temp 2.a(AMux.o)
 .debug_frame   0x000009d0      0x1b4 .\CortexM3\ARM_GCC_541\Debug\Temp 2.a(ADC_DelSig_Ext_CP_Clk.o)
 .debug_frame   0x00000b84      0x200 .\CortexM3\ARM_GCC_541\Debug\Temp 2.a(ADC_DelSig_theACLK.o)
 .debug_frame   0x00000d84      0xc0c .\CortexM3\ARM_GCC_541\Debug\Temp 2.a(CyLib.o)
 .debug_frame   0x00001990      0x234 .\CortexM3\ARM_GCC_541\Debug\Temp 2.a(cyPm.o)
 .debug_frame   0x00001bc4      0x2a0 .\CortexM3\ARM_GCC_541\Debug\Temp 2.a(UART_1.o)
 .debug_frame   0x00001e64      0x230 .\CortexM3\ARM_GCC_541\Debug\Temp 2.a(Timer_1.o)
 .debug_frame   0x00002094      0x1e8 .\CortexM3\ARM_GCC_541\Debug\Temp 2.a(timer_isr.o)
 .debug_frame   0x0000227c      0x210 .\CortexM3\ARM_GCC_541\Debug\Temp 2.a(CyFlash.o)
 .debug_frame   0x0000248c      0x1f8 .\CortexM3\ARM_GCC_541\Debug\Temp 2.a(CySpc.o)
 .debug_frame   0x00002684       0x40 c:/program files (x86)/cypress/psoc creator/4.1/psoc creator/import/gnu/arm/5.4.1/bin/../lib/gcc/arm-none-eabi/5.4.1/../../../../arm-none-eabi/lib/armv7-m\libm.a(lib_a-w_log.o)
 .debug_frame   0x000026c4       0x4c c:/program files (x86)/cypress/psoc creator/4.1/psoc creator/import/gnu/arm/5.4.1/bin/../lib/gcc/arm-none-eabi/5.4.1/../../../../arm-none-eabi/lib/armv7-m\libm.a(lib_a-w_pow.o)
 .debug_frame   0x00002710       0x54 c:/program files (x86)/cypress/psoc creator/4.1/psoc creator/import/gnu/arm/5.4.1/bin/../lib/gcc/arm-none-eabi/5.4.1/../../../../arm-none-eabi/lib/armv7-m\libm.a(lib_a-e_log.o)
 .debug_frame   0x00002764       0x68 c:/program files (x86)/cypress/psoc creator/4.1/psoc creator/import/gnu/arm/5.4.1/bin/../lib/gcc/arm-none-eabi/5.4.1/../../../../arm-none-eabi/lib/armv7-m\libm.a(lib_a-e_pow.o)
 .debug_frame   0x000027cc       0x30 c:/program files (x86)/cypress/psoc creator/4.1/psoc creator/import/gnu/arm/5.4.1/bin/../lib/gcc/arm-none-eabi/5.4.1/../../../../arm-none-eabi/lib/armv7-m\libm.a(lib_a-e_sqrt.o)
 .debug_frame   0x000027fc       0x20 c:/program files (x86)/cypress/psoc creator/4.1/psoc creator/import/gnu/arm/5.4.1/bin/../lib/gcc/arm-none-eabi/5.4.1/../../../../arm-none-eabi/lib/armv7-m\libm.a(lib_a-s_fabs.o)
 .debug_frame   0x0000281c       0x20 c:/program files (x86)/cypress/psoc creator/4.1/psoc creator/import/gnu/arm/5.4.1/bin/../lib/gcc/arm-none-eabi/5.4.1/../../../../arm-none-eabi/lib/armv7-m\libm.a(lib_a-s_finite.o)
 .debug_frame   0x0000283c       0x20 c:/program files (x86)/cypress/psoc creator/4.1/psoc creator/import/gnu/arm/5.4.1/bin/../lib/gcc/arm-none-eabi/5.4.1/../../../../arm-none-eabi/lib/armv7-m\libm.a(lib_a-s_matherr.o)
 .debug_frame   0x0000285c       0x20 c:/program files (x86)/cypress/psoc creator/4.1/psoc creator/import/gnu/arm/5.4.1/bin/../lib/gcc/arm-none-eabi/5.4.1/../../../../arm-none-eabi/lib/armv7-m\libm.a(lib_a-s_nan.o)
 .debug_frame   0x0000287c       0x3c c:/program files (x86)/cypress/psoc creator/4.1/psoc creator/import/gnu/arm/5.4.1/bin/../lib/gcc/arm-none-eabi/5.4.1/../../../../arm-none-eabi/lib/armv7-m\libm.a(lib_a-s_rint.o)
 .debug_frame   0x000028b8       0x30 c:/program files (x86)/cypress/psoc creator/4.1/psoc creator/import/gnu/arm/5.4.1/bin/../lib/gcc/arm-none-eabi/5.4.1/../../../../arm-none-eabi/lib/armv7-m\libm.a(lib_a-s_scalbn.o)
 .debug_frame   0x000028e8       0x20 c:/program files (x86)/cypress/psoc creator/4.1/psoc creator/import/gnu/arm/5.4.1/bin/../lib/gcc/arm-none-eabi/5.4.1/../../../../arm-none-eabi/lib/armv7-m\libm.a(lib_a-s_copysign.o)
 .debug_frame   0x00002908       0x20 c:/program files (x86)/cypress/psoc creator/4.1/psoc creator/import/gnu/arm/5.4.1/bin/../lib/gcc/arm-none-eabi/5.4.1/../../../../arm-none-eabi/lib/armv7-m\libg_nano.a(lib_a-errno.o)
 .debug_frame   0x00002928       0x28 c:/program files (x86)/cypress/psoc creator/4.1/psoc creator/import/gnu/arm/5.4.1/bin/../lib/gcc/arm-none-eabi/5.4.1/../../../../arm-none-eabi/lib/armv7-m\libg_nano.a(lib_a-exit.o)
 .debug_frame   0x00002950       0x2c c:/program files (x86)/cypress/psoc creator/4.1/psoc creator/import/gnu/arm/5.4.1/bin/../lib/gcc/arm-none-eabi/5.4.1/../../../../arm-none-eabi/lib/armv7-m\libg_nano.a(lib_a-init.o)
 .debug_frame   0x0000297c       0x28 c:/program files (x86)/cypress/psoc creator/4.1/psoc creator/import/gnu/arm/5.4.1/bin/../lib/gcc/arm-none-eabi/5.4.1/../../../../arm-none-eabi/lib/armv7-m\libg_nano.a(lib_a-memcpy-stub.o)
 .debug_frame   0x000029a4       0x20 c:/program files (x86)/cypress/psoc creator/4.1/psoc creator/import/gnu/arm/5.4.1/bin/../lib/gcc/arm-none-eabi/5.4.1/../../../../arm-none-eabi/lib/armv7-m\libg_nano.a(lib_a-memset.o)
 .debug_frame   0x000029c4       0x70 c:/program files (x86)/cypress/psoc creator/4.1/psoc creator/import/gnu/arm/5.4.1/bin/../lib/gcc/arm-none-eabi/5.4.1/../../../../arm-none-eabi/lib/armv7-m\libg_nano.a(lib_a-sprintf.o)
 .debug_frame   0x00002a34       0x90 c:/program files (x86)/cypress/psoc creator/4.1/psoc creator/import/gnu/arm/5.4.1/bin/../lib/gcc/arm-none-eabi/5.4.1/../../../../arm-none-eabi/lib/armv7-m\libg_nano.a(lib_a-nano-svfprintf.o)
 .debug_frame   0x00002ac4       0x60 c:/program files (x86)/cypress/psoc creator/4.1/psoc creator/import/gnu/arm/5.4.1/bin/../lib/gcc/arm-none-eabi/5.4.1/../../../../arm-none-eabi/lib/armv7-m\libg_nano.a(lib_a-nano-vfprintf_i.o)
 .debug_frame   0x00002b24       0x28 c:/program files (x86)/cypress/psoc creator/4.1/psoc creator/import/gnu/arm/5.4.1/bin/../lib/gcc/arm-none-eabi/5.4.1/../../../../arm-none-eabi/lib/armv7-m\libg_nano.a(lib_a-memchr-stub.o)
 .debug_frame   0x00002b4c       0x28 c:/program files (x86)/cypress/psoc creator/4.1/psoc creator/import/gnu/arm/5.4.1/bin/../lib/gcc/arm-none-eabi/5.4.1/../../../../arm-none-eabi/lib/armv7-m\libg_nano.a(lib_a-memmove.o)
 .debug_frame   0x00002b74       0x38 c:/program files (x86)/cypress/psoc creator/4.1/psoc creator/import/gnu/arm/5.4.1/bin/../lib/gcc/arm-none-eabi/5.4.1/../../../../arm-none-eabi/lib/armv7-m\libg_nano.a(lib_a-nano-freer.o)
 .debug_frame   0x00002bac       0x2c c:/program files (x86)/cypress/psoc creator/4.1/psoc creator/import/gnu/arm/5.4.1/bin/../lib/gcc/arm-none-eabi/5.4.1/../../../../arm-none-eabi/lib/armv7-m\libg_nano.a(lib_a-nano-mallocr.o)
 .debug_frame   0x00002bd8       0x3c c:/program files (x86)/cypress/psoc creator/4.1/psoc creator/import/gnu/arm/5.4.1/bin/../lib/gcc/arm-none-eabi/5.4.1/../../../../arm-none-eabi/lib/armv7-m\libg_nano.a(lib_a-nano-reallocr.o)
 .debug_frame   0x00002c14       0x2c c:/program files (x86)/cypress/psoc creator/4.1/psoc creator/import/gnu/arm/5.4.1/bin/../lib/gcc/arm-none-eabi/5.4.1/../../../../arm-none-eabi/lib/armv7-m\libg_nano.a(lib_a-sbrkr.o)
 .debug_frame   0x00002c40       0x30 c:/program files (x86)/cypress/psoc creator/4.1/psoc creator/import/gnu/arm/5.4.1/bin/../lib/gcc/arm-none-eabi/5.4.1/../../../../arm-none-eabi/lib/armv7-m\libg_nano.a(lib_a-mlock.o)
 .debug_frame   0x00002c70       0x20 c:/program files (x86)/cypress/psoc creator/4.1/psoc creator/import/gnu/arm/5.4.1/bin/../lib/gcc/arm-none-eabi/5.4.1/../../../../arm-none-eabi/lib/armv7-m\libg_nano.a(lib_a-nano-msizer.o)
 .debug_frame   0x00002c90       0x5c c:/program files (x86)/cypress/psoc creator/4.1/psoc creator/import/gnu/arm/5.4.1/bin/../lib/gcc/arm-none-eabi/5.4.1/../../../../arm-none-eabi/lib/armv7-m\libg_nano.a(lib_a-reent.o)

.debug_str      0x00000000     0x21b1
 *(.debug_str)
 .debug_str     0x00000000      0x187 .\CortexM3\ARM_GCC_541\Debug\main.o
                                0x1db (size before relaxing)
 .debug_str     0x00000187      0x282 .\CortexM3\ARM_GCC_541\Debug\cyfitter_cfg.o
                                0x405 (size before relaxing)
 .debug_str     0x00000409       0x7f .\CortexM3\ARM_GCC_541\Debug\cymetadata.o
                                0x1d9 (size before relaxing)
 .debug_str     0x00000488      0x11e .\CortexM3\ARM_GCC_541\Debug\Cm3Start.o
                                0x2cc (size before relaxing)
 .debug_str     0x000005a6       0x9b .\CortexM3\ARM_GCC_541\Debug\Temp 2.a(Thermistor.o)
                                0x225 (size before relaxing)
 .debug_str     0x00000641      0x3ee .\CortexM3\ARM_GCC_541\Debug\Temp 2.a(ADC_DelSig.o)
                                0x5d0 (size before relaxing)
 .debug_str     0x00000a2f       0x68 .\CortexM3\ARM_GCC_541\Debug\Temp 2.a(ADC_DelSig_INT.o)
                                0x1d8 (size before relaxing)
 .debug_str     0x00000a97       0x71 .\CortexM3\ARM_GCC_541\Debug\Temp 2.a(Opamp.o)
                                0x1ec (size before relaxing)
 .debug_str     0x00000b08       0x78 .\CortexM3\ARM_GCC_541\Debug\Temp 2.a(AMux.o)
                                0x1e1 (size before relaxing)
 .debug_str     0x00000b80      0x208 .\CortexM3\ARM_GCC_541\Debug\Temp 2.a(ADC_DelSig_Ext_CP_Clk.o)
                                0x38b (size before relaxing)
 .debug_str     0x00000d88      0x1ec .\CortexM3\ARM_GCC_541\Debug\Temp 2.a(ADC_DelSig_theACLK.o)
                                0x3b8 (size before relaxing)
 .debug_str     0x00000f74      0x7ee .\CortexM3\ARM_GCC_541\Debug\Temp 2.a(CyLib.o)
                                0x9df (size before relaxing)
 .debug_str     0x00001762      0x371 .\CortexM3\ARM_GCC_541\Debug\Temp 2.a(cyPm.o)
                                0x538 (size before relaxing)
 .debug_str     0x00001ad3      0x1c5 .\CortexM3\ARM_GCC_541\Debug\Temp 2.a(UART_1.o)
                                0x365 (size before relaxing)
 .debug_str     0x00001c98      0x197 .\CortexM3\ARM_GCC_541\Debug\Temp 2.a(Timer_1.o)
                                0x327 (size before relaxing)
 .debug_str     0x00001e2f      0x11e .\CortexM3\ARM_GCC_541\Debug\Temp 2.a(timer_isr.o)
                                0x2d3 (size before relaxing)
 .debug_str     0x00001f4d      0x145 .\CortexM3\ARM_GCC_541\Debug\Temp 2.a(CyFlash.o)
                                0x2eb (size before relaxing)
 .debug_str     0x00002092      0x11f .\CortexM3\ARM_GCC_541\Debug\Temp 2.a(CySpc.o)
                                0x2e8 (size before relaxing)

.debug_loc
 *(.debug_loc)

.debug_macinfo
 *(.debug_macinfo)

.debug_ranges   0x00000000      0x878
 *(.debug_ranges)
 .debug_ranges  0x00000000       0x18 .\CortexM3\ARM_GCC_541\Debug\main.o
 .debug_ranges  0x00000018       0x70 .\CortexM3\ARM_GCC_541\Debug\cyfitter_cfg.o
 .debug_ranges  0x00000088       0x38 .\CortexM3\ARM_GCC_541\Debug\Cm3Start.o
 .debug_ranges  0x000000c0       0x18 .\CortexM3\ARM_GCC_541\Debug\Temp 2.a(Thermistor.o)
 .debug_ranges  0x000000d8       0xd8 .\CortexM3\ARM_GCC_541\Debug\Temp 2.a(ADC_DelSig.o)
 .debug_ranges  0x000001b0       0x28 .\CortexM3\ARM_GCC_541\Debug\Temp 2.a(ADC_DelSig_INT.o)
 .debug_ranges  0x000001d8       0x30 .\CortexM3\ARM_GCC_541\Debug\Temp 2.a(Opamp.o)
 .debug_ranges  0x00000208       0x30 .\CortexM3\ARM_GCC_541\Debug\Temp 2.a(AMux.o)
 .debug_ranges  0x00000238       0x60 .\CortexM3\ARM_GCC_541\Debug\Temp 2.a(ADC_DelSig_Ext_CP_Clk.o)
 .debug_ranges  0x00000298       0x70 .\CortexM3\ARM_GCC_541\Debug\Temp 2.a(ADC_DelSig_theACLK.o)
 .debug_ranges  0x00000308      0x290 .\CortexM3\ARM_GCC_541\Debug\Temp 2.a(CyLib.o)
 .debug_ranges  0x00000598       0x88 .\CortexM3\ARM_GCC_541\Debug\Temp 2.a(cyPm.o)
 .debug_ranges  0x00000620       0x90 .\CortexM3\ARM_GCC_541\Debug\Temp 2.a(UART_1.o)
 .debug_ranges  0x000006b0       0x80 .\CortexM3\ARM_GCC_541\Debug\Temp 2.a(Timer_1.o)
 .debug_ranges  0x00000730       0x70 .\CortexM3\ARM_GCC_541\Debug\Temp 2.a(timer_isr.o)
 .debug_ranges  0x000007a0       0x70 .\CortexM3\ARM_GCC_541\Debug\Temp 2.a(CyFlash.o)
 .debug_ranges  0x00000810       0x68 .\CortexM3\ARM_GCC_541\Debug\Temp 2.a(CySpc.o)

.comment        0x00000000       0x6e
 .comment       0x00000000       0x6e .\CortexM3\ARM_GCC_541\Debug\main.o
                                 0x6f (size before relaxing)
 .comment       0x0000006e       0x6f .\CortexM3\ARM_GCC_541\Debug\cyfitter_cfg.o
 .comment       0x0000006e       0x6f .\CortexM3\ARM_GCC_541\Debug\cymetadata.o
 .comment       0x0000006e       0x6f .\CortexM3\ARM_GCC_541\Debug\Cm3Start.o
 .comment       0x0000006e       0x6f .\CortexM3\ARM_GCC_541\Debug\Temp 2.a(Thermistor.o)
 .comment       0x0000006e       0x6f .\CortexM3\ARM_GCC_541\Debug\Temp 2.a(ADC_DelSig.o)
 .comment       0x0000006e       0x6f .\CortexM3\ARM_GCC_541\Debug\Temp 2.a(ADC_DelSig_INT.o)
 .comment       0x0000006e       0x6f .\CortexM3\ARM_GCC_541\Debug\Temp 2.a(Opamp.o)
 .comment       0x0000006e       0x6f .\CortexM3\ARM_GCC_541\Debug\Temp 2.a(AMux.o)
 .comment       0x0000006e       0x6f .\CortexM3\ARM_GCC_541\Debug\Temp 2.a(ADC_DelSig_Ext_CP_Clk.o)
 .comment       0x0000006e       0x6f .\CortexM3\ARM_GCC_541\Debug\Temp 2.a(ADC_DelSig_theACLK.o)
 .comment       0x0000006e       0x6f .\CortexM3\ARM_GCC_541\Debug\Temp 2.a(CyLib.o)
 .comment       0x0000006e       0x6f .\CortexM3\ARM_GCC_541\Debug\Temp 2.a(cyPm.o)
 .comment       0x0000006e       0x6f .\CortexM3\ARM_GCC_541\Debug\Temp 2.a(UART_1.o)
 .comment       0x0000006e       0x6f .\CortexM3\ARM_GCC_541\Debug\Temp 2.a(Timer_1.o)
 .comment       0x0000006e       0x6f .\CortexM3\ARM_GCC_541\Debug\Temp 2.a(timer_isr.o)
 .comment       0x0000006e       0x6f .\CortexM3\ARM_GCC_541\Debug\Temp 2.a(CyFlash.o)
 .comment       0x0000006e       0x6f .\CortexM3\ARM_GCC_541\Debug\Temp 2.a(CySpc.o)

.debug_weaknames
 *(.debug_weaknames)

.debug_funcnames
 *(.debug_funcnames)

.debug_typenames
 *(.debug_typenames)

.debug_varnames
 *(.debug_varnames)

.note.gnu.arm.ident
 *(.note.gnu.arm.ident)

.ARM.attributes
                0x00000000       0x29
 *(.ARM.attributes)
 .ARM.attributes
                0x00000000       0x1d c:/program files (x86)/cypress/psoc creator/4.1/psoc creator/import/gnu/arm/5.4.1/bin/../lib/gcc/arm-none-eabi/5.4.1/armv7-m/crti.o
 .ARM.attributes
                0x0000001d       0x2d c:/program files (x86)/cypress/psoc creator/4.1/psoc creator/import/gnu/arm/5.4.1/bin/../lib/gcc/arm-none-eabi/5.4.1/armv7-m/crtbegin.o
 .ARM.attributes
                0x0000004a       0x1b c:/program files (x86)/cypress/psoc creator/4.1/psoc creator/import/gnu/arm/5.4.1/bin/../lib/gcc/arm-none-eabi/5.4.1/../../../../arm-none-eabi/lib/armv7-m/crt0.o
 .ARM.attributes
                0x00000065       0x33 .\CortexM3\ARM_GCC_541\Debug\main.o
 .ARM.attributes
                0x00000098       0x33 .\CortexM3\ARM_GCC_541\Debug\cyfitter_cfg.o
 .ARM.attributes
                0x000000cb       0x33 .\CortexM3\ARM_GCC_541\Debug\cymetadata.o
 .ARM.attributes
                0x000000fe       0x33 .\CortexM3\ARM_GCC_541\Debug\Cm3Start.o
 .ARM.attributes
                0x00000131       0x33 .\CortexM3\ARM_GCC_541\Debug\Temp 2.a(Thermistor.o)
 .ARM.attributes
                0x00000164       0x33 .\CortexM3\ARM_GCC_541\Debug\Temp 2.a(ADC_DelSig.o)
 .ARM.attributes
                0x00000197       0x33 .\CortexM3\ARM_GCC_541\Debug\Temp 2.a(ADC_DelSig_INT.o)
 .ARM.attributes
                0x000001ca       0x33 .\CortexM3\ARM_GCC_541\Debug\Temp 2.a(Opamp.o)
 .ARM.attributes
                0x000001fd       0x33 .\CortexM3\ARM_GCC_541\Debug\Temp 2.a(AMux.o)
 .ARM.attributes
                0x00000230       0x33 .\CortexM3\ARM_GCC_541\Debug\Temp 2.a(ADC_DelSig_Ext_CP_Clk.o)
 .ARM.attributes
                0x00000263       0x33 .\CortexM3\ARM_GCC_541\Debug\Temp 2.a(ADC_DelSig_theACLK.o)
 .ARM.attributes
                0x00000296       0x33 .\CortexM3\ARM_GCC_541\Debug\Temp 2.a(CyLib.o)
 .ARM.attributes
                0x000002c9       0x33 .\CortexM3\ARM_GCC_541\Debug\Temp 2.a(cyPm.o)
 .ARM.attributes
                0x000002fc       0x33 .\CortexM3\ARM_GCC_541\Debug\Temp 2.a(UART_1.o)
 .ARM.attributes
                0x0000032f       0x33 .\CortexM3\ARM_GCC_541\Debug\Temp 2.a(Timer_1.o)
 .ARM.attributes
                0x00000362       0x33 .\CortexM3\ARM_GCC_541\Debug\Temp 2.a(timer_isr.o)
 .ARM.attributes
                0x00000395       0x21 .\CortexM3\ARM_GCC_541\Debug\Temp 2.a(CyBootAsmGnu.o)
 .ARM.attributes
                0x000003b6       0x33 .\CortexM3\ARM_GCC_541\Debug\Temp 2.a(CyFlash.o)
 .ARM.attributes
                0x000003e9       0x33 .\CortexM3\ARM_GCC_541\Debug\Temp 2.a(CySpc.o)
 .ARM.attributes
                0x0000041c       0x2d c:/program files (x86)/cypress/psoc creator/4.1/psoc creator/import/gnu/arm/5.4.1/bin/../lib/gcc/arm-none-eabi/5.4.1/../../../../arm-none-eabi/lib/armv7-m\libm.a(lib_a-w_log.o)
 .ARM.attributes
                0x00000449       0x2d c:/program files (x86)/cypress/psoc creator/4.1/psoc creator/import/gnu/arm/5.4.1/bin/../lib/gcc/arm-none-eabi/5.4.1/../../../../arm-none-eabi/lib/armv7-m\libm.a(lib_a-w_pow.o)
 .ARM.attributes
                0x00000476       0x2d c:/program files (x86)/cypress/psoc creator/4.1/psoc creator/import/gnu/arm/5.4.1/bin/../lib/gcc/arm-none-eabi/5.4.1/../../../../arm-none-eabi/lib/armv7-m\libm.a(lib_a-e_log.o)
 .ARM.attributes
                0x000004a3       0x2d c:/program files (x86)/cypress/psoc creator/4.1/psoc creator/import/gnu/arm/5.4.1/bin/../lib/gcc/arm-none-eabi/5.4.1/../../../../arm-none-eabi/lib/armv7-m\libm.a(lib_a-e_pow.o)
 .ARM.attributes
                0x000004d0       0x2d c:/program files (x86)/cypress/psoc creator/4.1/psoc creator/import/gnu/arm/5.4.1/bin/../lib/gcc/arm-none-eabi/5.4.1/../../../../arm-none-eabi/lib/armv7-m\libm.a(lib_a-e_sqrt.o)
 .ARM.attributes
                0x000004fd       0x2d c:/program files (x86)/cypress/psoc creator/4.1/psoc creator/import/gnu/arm/5.4.1/bin/../lib/gcc/arm-none-eabi/5.4.1/../../../../arm-none-eabi/lib/armv7-m\libm.a(lib_a-s_fabs.o)
 .ARM.attributes
                0x0000052a       0x2d c:/program files (x86)/cypress/psoc creator/4.1/psoc creator/import/gnu/arm/5.4.1/bin/../lib/gcc/arm-none-eabi/5.4.1/../../../../arm-none-eabi/lib/armv7-m\libm.a(lib_a-s_finite.o)
 .ARM.attributes
                0x00000557       0x2d c:/program files (x86)/cypress/psoc creator/4.1/psoc creator/import/gnu/arm/5.4.1/bin/../lib/gcc/arm-none-eabi/5.4.1/../../../../arm-none-eabi/lib/armv7-m\libm.a(lib_a-s_lib_ver.o)
 .ARM.attributes
                0x00000584       0x2d c:/program files (x86)/cypress/psoc creator/4.1/psoc creator/import/gnu/arm/5.4.1/bin/../lib/gcc/arm-none-eabi/5.4.1/../../../../arm-none-eabi/lib/armv7-m\libm.a(lib_a-s_matherr.o)
 .ARM.attributes
                0x000005b1       0x2d c:/program files (x86)/cypress/psoc creator/4.1/psoc creator/import/gnu/arm/5.4.1/bin/../lib/gcc/arm-none-eabi/5.4.1/../../../../arm-none-eabi/lib/armv7-m\libm.a(lib_a-s_nan.o)
 .ARM.attributes
                0x000005de       0x2d c:/program files (x86)/cypress/psoc creator/4.1/psoc creator/import/gnu/arm/5.4.1/bin/../lib/gcc/arm-none-eabi/5.4.1/../../../../arm-none-eabi/lib/armv7-m\libm.a(lib_a-s_rint.o)
 .ARM.attributes
                0x0000060b       0x2d c:/program files (x86)/cypress/psoc creator/4.1/psoc creator/import/gnu/arm/5.4.1/bin/../lib/gcc/arm-none-eabi/5.4.1/../../../../arm-none-eabi/lib/armv7-m\libm.a(lib_a-s_scalbn.o)
 .ARM.attributes
                0x00000638       0x2d c:/program files (x86)/cypress/psoc creator/4.1/psoc creator/import/gnu/arm/5.4.1/bin/../lib/gcc/arm-none-eabi/5.4.1/../../../../arm-none-eabi/lib/armv7-m\libm.a(lib_a-s_copysign.o)
 .ARM.attributes
                0x00000665       0x1d c:/program files (x86)/cypress/psoc creator/4.1/psoc creator/import/gnu/arm/5.4.1/bin/../lib/gcc/arm-none-eabi/5.4.1/armv7-m\libgcc.a(_arm_addsubdf3.o)
 .ARM.attributes
                0x00000682       0x1d c:/program files (x86)/cypress/psoc creator/4.1/psoc creator/import/gnu/arm/5.4.1/bin/../lib/gcc/arm-none-eabi/5.4.1/armv7-m\libgcc.a(_arm_muldivdf3.o)
 .ARM.attributes
                0x0000069f       0x1d c:/program files (x86)/cypress/psoc creator/4.1/psoc creator/import/gnu/arm/5.4.1/bin/../lib/gcc/arm-none-eabi/5.4.1/armv7-m\libgcc.a(_arm_cmpdf2.o)
 .ARM.attributes
                0x000006bc       0x1d c:/program files (x86)/cypress/psoc creator/4.1/psoc creator/import/gnu/arm/5.4.1/bin/../lib/gcc/arm-none-eabi/5.4.1/armv7-m\libgcc.a(_arm_unorddf2.o)
 .ARM.attributes
                0x000006d9       0x1d c:/program files (x86)/cypress/psoc creator/4.1/psoc creator/import/gnu/arm/5.4.1/bin/../lib/gcc/arm-none-eabi/5.4.1/armv7-m\libgcc.a(_arm_truncdfsf2.o)
 .ARM.attributes
                0x000006f6       0x1d c:/program files (x86)/cypress/psoc creator/4.1/psoc creator/import/gnu/arm/5.4.1/bin/../lib/gcc/arm-none-eabi/5.4.1/armv7-m\libgcc.a(_arm_addsubsf3.o)
 .ARM.attributes
                0x00000713       0x1d c:/program files (x86)/cypress/psoc creator/4.1/psoc creator/import/gnu/arm/5.4.1/bin/../lib/gcc/arm-none-eabi/5.4.1/armv7-m\libgcc.a(_arm_muldivsf3.o)
 .ARM.attributes
                0x00000730       0x1d c:/program files (x86)/cypress/psoc creator/4.1/psoc creator/import/gnu/arm/5.4.1/bin/../lib/gcc/arm-none-eabi/5.4.1/armv7-m\libgcc.a(_arm_fixsfsi.o)
 .ARM.attributes
                0x0000074d       0x1d c:/program files (x86)/cypress/psoc creator/4.1/psoc creator/import/gnu/arm/5.4.1/bin/../lib/gcc/arm-none-eabi/5.4.1/armv7-m\libgcc.a(_arm_fixunssfsi.o)
 .ARM.attributes
                0x0000076a       0x2d c:/program files (x86)/cypress/psoc creator/4.1/psoc creator/import/gnu/arm/5.4.1/bin/../lib/gcc/arm-none-eabi/5.4.1/../../../../arm-none-eabi/lib/armv7-m\libg_nano.a(lib_a-errno.o)
 .ARM.attributes
                0x00000797       0x2d c:/program files (x86)/cypress/psoc creator/4.1/psoc creator/import/gnu/arm/5.4.1/bin/../lib/gcc/arm-none-eabi/5.4.1/../../../../arm-none-eabi/lib/armv7-m\libg_nano.a(lib_a-exit.o)
 .ARM.attributes
                0x000007c4       0x2d c:/program files (x86)/cypress/psoc creator/4.1/psoc creator/import/gnu/arm/5.4.1/bin/../lib/gcc/arm-none-eabi/5.4.1/../../../../arm-none-eabi/lib/armv7-m\libg_nano.a(lib_a-impure.o)
 .ARM.attributes
                0x000007f1       0x2d c:/program files (x86)/cypress/psoc creator/4.1/psoc creator/import/gnu/arm/5.4.1/bin/../lib/gcc/arm-none-eabi/5.4.1/../../../../arm-none-eabi/lib/armv7-m\libg_nano.a(lib_a-init.o)
 .ARM.attributes
                0x0000081e       0x2d c:/program files (x86)/cypress/psoc creator/4.1/psoc creator/import/gnu/arm/5.4.1/bin/../lib/gcc/arm-none-eabi/5.4.1/../../../../arm-none-eabi/lib/armv7-m\libg_nano.a(lib_a-memcpy-stub.o)
 .ARM.attributes
                0x0000084b       0x2d c:/program files (x86)/cypress/psoc creator/4.1/psoc creator/import/gnu/arm/5.4.1/bin/../lib/gcc/arm-none-eabi/5.4.1/../../../../arm-none-eabi/lib/armv7-m\libg_nano.a(lib_a-memset.o)
 .ARM.attributes
                0x00000878       0x2d c:/program files (x86)/cypress/psoc creator/4.1/psoc creator/import/gnu/arm/5.4.1/bin/../lib/gcc/arm-none-eabi/5.4.1/../../../../arm-none-eabi/lib/armv7-m\libg_nano.a(lib_a-sprintf.o)
 .ARM.attributes
                0x000008a5       0x2d c:/program files (x86)/cypress/psoc creator/4.1/psoc creator/import/gnu/arm/5.4.1/bin/../lib/gcc/arm-none-eabi/5.4.1/../../../../arm-none-eabi/lib/armv7-m\libg_nano.a(lib_a-nano-svfprintf.o)
 .ARM.attributes
                0x000008d2       0x2d c:/program files (x86)/cypress/psoc creator/4.1/psoc creator/import/gnu/arm/5.4.1/bin/../lib/gcc/arm-none-eabi/5.4.1/../../../../arm-none-eabi/lib/armv7-m\libg_nano.a(lib_a-nano-vfprintf_i.o)
 .ARM.attributes
                0x000008ff       0x2d c:/program files (x86)/cypress/psoc creator/4.1/psoc creator/import/gnu/arm/5.4.1/bin/../lib/gcc/arm-none-eabi/5.4.1/../../../../arm-none-eabi/lib/armv7-m\libg_nano.a(lib_a-memchr-stub.o)
 .ARM.attributes
                0x0000092c       0x2d c:/program files (x86)/cypress/psoc creator/4.1/psoc creator/import/gnu/arm/5.4.1/bin/../lib/gcc/arm-none-eabi/5.4.1/../../../../arm-none-eabi/lib/armv7-m\libg_nano.a(lib_a-memmove.o)
 .ARM.attributes
                0x00000959       0x2d c:/program files (x86)/cypress/psoc creator/4.1/psoc creator/import/gnu/arm/5.4.1/bin/../lib/gcc/arm-none-eabi/5.4.1/../../../../arm-none-eabi/lib/armv7-m\libg_nano.a(lib_a-nano-freer.o)
 .ARM.attributes
                0x00000986       0x2d c:/program files (x86)/cypress/psoc creator/4.1/psoc creator/import/gnu/arm/5.4.1/bin/../lib/gcc/arm-none-eabi/5.4.1/../../../../arm-none-eabi/lib/armv7-m\libg_nano.a(lib_a-nano-mallocr.o)
 .ARM.attributes
                0x000009b3       0x2d c:/program files (x86)/cypress/psoc creator/4.1/psoc creator/import/gnu/arm/5.4.1/bin/../lib/gcc/arm-none-eabi/5.4.1/../../../../arm-none-eabi/lib/armv7-m\libg_nano.a(lib_a-nano-reallocr.o)
 .ARM.attributes
                0x000009e0       0x2d c:/program files (x86)/cypress/psoc creator/4.1/psoc creator/import/gnu/arm/5.4.1/bin/../lib/gcc/arm-none-eabi/5.4.1/../../../../arm-none-eabi/lib/armv7-m\libg_nano.a(lib_a-sbrkr.o)
 .ARM.attributes
                0x00000a0d       0x2d c:/program files (x86)/cypress/psoc creator/4.1/psoc creator/import/gnu/arm/5.4.1/bin/../lib/gcc/arm-none-eabi/5.4.1/../../../../arm-none-eabi/lib/armv7-m\libg_nano.a(lib_a-mlock.o)
 .ARM.attributes
                0x00000a3a       0x2d c:/program files (x86)/cypress/psoc creator/4.1/psoc creator/import/gnu/arm/5.4.1/bin/../lib/gcc/arm-none-eabi/5.4.1/../../../../arm-none-eabi/lib/armv7-m\libg_nano.a(lib_a-nano-msizer.o)
 .ARM.attributes
                0x00000a67       0x2d c:/program files (x86)/cypress/psoc creator/4.1/psoc creator/import/gnu/arm/5.4.1/bin/../lib/gcc/arm-none-eabi/5.4.1/../../../../arm-none-eabi/lib/armv7-m\libg_nano.a(lib_a-reent.o)
 .ARM.attributes
                0x00000a94       0x2d c:/program files (x86)/cypress/psoc creator/4.1/psoc creator/import/gnu/arm/5.4.1/bin/../lib/gcc/arm-none-eabi/5.4.1/armv7-m/crtend.o
 .ARM.attributes
                0x00000ac1       0x1d c:/program files (x86)/cypress/psoc creator/4.1/psoc creator/import/gnu/arm/5.4.1/bin/../lib/gcc/arm-none-eabi/5.4.1/armv7-m/crtn.o

/DISCARD/
 *(.note.GNU-stack)
OUTPUT(C:\Users\212596486\Documents\PSoC Creator\Temp 2.cydsn\CortexM3\ARM_GCC_541\Debug\Temp 2.elf elf32-littlearm)
