ARM GAS  C:\Users\212596~1\AppData\Local\Temp\ccc7eKrg.s 			page 1


   1              		.syntax unified
   2              		.cpu cortex-m3
   3              		.fpu softvfp
   4              		.eabi_attribute 20, 1
   5              		.eabi_attribute 21, 1
   6              		.eabi_attribute 23, 3
   7              		.eabi_attribute 24, 1
   8              		.eabi_attribute 25, 1
   9              		.eabi_attribute 26, 1
  10              		.eabi_attribute 30, 6
  11              		.eabi_attribute 34, 1
  12              		.eabi_attribute 18, 4
  13              		.thumb
  14              		.syntax unified
  15              		.file	"Thermistor.c"
  16              		.text
  17              	.Ltext0:
  18              		.cfi_sections	.debug_frame
  19              		.section	.text.Thermistor_GetResistance,"ax",%progbits
  20              		.align	2
  21              		.global	Thermistor_GetResistance
  22              		.thumb
  23              		.thumb_func
  24              		.type	Thermistor_GetResistance, %function
  25              	Thermistor_GetResistance:
  26              	.LFB0:
  27              		.file 1 "Generated_Source\\PSoC5\\Thermistor.c"
   1:Generated_Source\PSoC5/Thermistor.c **** /*******************************************************************************
   2:Generated_Source\PSoC5/Thermistor.c **** * File Name: Thermistor.c
   3:Generated_Source\PSoC5/Thermistor.c **** * Version 1.20
   4:Generated_Source\PSoC5/Thermistor.c **** *
   5:Generated_Source\PSoC5/Thermistor.c **** * Description:
   6:Generated_Source\PSoC5/Thermistor.c **** *  This file provides the source code to the API for the ThermistorCalc
   7:Generated_Source\PSoC5/Thermistor.c **** *  Component.
   8:Generated_Source\PSoC5/Thermistor.c **** *
   9:Generated_Source\PSoC5/Thermistor.c **** * Note:
  10:Generated_Source\PSoC5/Thermistor.c **** *  None.
  11:Generated_Source\PSoC5/Thermistor.c **** *
  12:Generated_Source\PSoC5/Thermistor.c **** ********************************************************************************
  13:Generated_Source\PSoC5/Thermistor.c **** * Copyright 2013, Cypress Semiconductor Corporation.  All rights reserved.
  14:Generated_Source\PSoC5/Thermistor.c **** * You may use this file only in accordance with the license, terms, conditions,
  15:Generated_Source\PSoC5/Thermistor.c **** * disclaimers, and limitations in the end user license agreement accompanying
  16:Generated_Source\PSoC5/Thermistor.c **** * the software package with which this file was provided.
  17:Generated_Source\PSoC5/Thermistor.c **** *******************************************************************************/
  18:Generated_Source\PSoC5/Thermistor.c **** 
  19:Generated_Source\PSoC5/Thermistor.c **** #include "Thermistor.h"
  20:Generated_Source\PSoC5/Thermistor.c **** 
  21:Generated_Source\PSoC5/Thermistor.c **** 
  22:Generated_Source\PSoC5/Thermistor.c **** /*******************************************************************************
  23:Generated_Source\PSoC5/Thermistor.c **** * Function Name: Thermistor_GetResistance
  24:Generated_Source\PSoC5/Thermistor.c **** ********************************************************************************
  25:Generated_Source\PSoC5/Thermistor.c **** *
  26:Generated_Source\PSoC5/Thermistor.c **** * Summary:
  27:Generated_Source\PSoC5/Thermistor.c **** *  The digital values of the voltages across the reference resistor and the
  28:Generated_Source\PSoC5/Thermistor.c **** *  thermistor are passed to this function as parameters. The function returns
  29:Generated_Source\PSoC5/Thermistor.c **** *  the resistance, based on the voltage values.
  30:Generated_Source\PSoC5/Thermistor.c **** *
ARM GAS  C:\Users\212596~1\AppData\Local\Temp\ccc7eKrg.s 			page 2


  31:Generated_Source\PSoC5/Thermistor.c **** * Parameters:
  32:Generated_Source\PSoC5/Thermistor.c **** *  vReference: the voltage across the reference resistor;
  33:Generated_Source\PSoC5/Thermistor.c **** *  vThermistor: the voltage across the thermistor.
  34:Generated_Source\PSoC5/Thermistor.c **** *  The ratio of these two voltages is used by this function. Therefore, the
  35:Generated_Source\PSoC5/Thermistor.c **** *  units for both parameters must be the same.
  36:Generated_Source\PSoC5/Thermistor.c **** *
  37:Generated_Source\PSoC5/Thermistor.c **** * Return:
  38:Generated_Source\PSoC5/Thermistor.c **** *  The return value is the resistance across the thermistor. The value returned
  39:Generated_Source\PSoC5/Thermistor.c **** *  is the resistance in Ohms.
  40:Generated_Source\PSoC5/Thermistor.c **** *
  41:Generated_Source\PSoC5/Thermistor.c **** *******************************************************************************/
  42:Generated_Source\PSoC5/Thermistor.c **** uint32 Thermistor_GetResistance(int16 vReference, int16 vThermistor)
  43:Generated_Source\PSoC5/Thermistor.c ****                                       
  44:Generated_Source\PSoC5/Thermistor.c **** {
  28              		.loc 1 44 0
  29              		.cfi_startproc
  30              		@ args = 0, pretend = 0, frame = 16
  31              		@ frame_needed = 1, uses_anonymous_args = 0
  32              		@ link register save eliminated.
  33 0000 80B4     		push	{r7}
  34              		.cfi_def_cfa_offset 4
  35              		.cfi_offset 7, -4
  36 0002 85B0     		sub	sp, sp, #20
  37              		.cfi_def_cfa_offset 24
  38 0004 00AF     		add	r7, sp, #0
  39              		.cfi_def_cfa_register 7
  40 0006 0346     		mov	r3, r0
  41 0008 0A46     		mov	r2, r1
  42 000a FB80     		strh	r3, [r7, #6]	@ movhi
  43 000c 1346     		mov	r3, r2	@ movhi
  44 000e BB80     		strh	r3, [r7, #4]	@ movhi
  45:Generated_Source\PSoC5/Thermistor.c ****     int32 resT;
  46:Generated_Source\PSoC5/Thermistor.c ****     int16 temp;
  47:Generated_Source\PSoC5/Thermistor.c **** 
  48:Generated_Source\PSoC5/Thermistor.c ****     /* Calculate thermistor resistance from the voltages */
  49:Generated_Source\PSoC5/Thermistor.c ****     resT = Thermistor_REF_RESISTOR * ((int32)vThermistor);
  45              		.loc 1 49 0
  46 0010 B7F90430 		ldrsh	r3, [r7, #4]
  47 0014 42F2EE52 		movw	r2, #9710
  48 0018 02FB03F3 		mul	r3, r2, r3
  49 001c BB60     		str	r3, [r7, #8]
  50:Generated_Source\PSoC5/Thermistor.c ****     if (vReference < 0)
  50              		.loc 1 50 0
  51 001e B7F90630 		ldrsh	r3, [r7, #6]
  52 0022 002B     		cmp	r3, #0
  53 0024 0CDA     		bge	.L2
  51:Generated_Source\PSoC5/Thermistor.c ****     {
  52:Generated_Source\PSoC5/Thermistor.c ****         temp = -vReference;
  54              		.loc 1 52 0
  55 0026 FB88     		ldrh	r3, [r7, #6]
  56 0028 5B42     		negs	r3, r3
  57 002a 9BB2     		uxth	r3, r3
  58 002c FB81     		strh	r3, [r7, #14]	@ movhi
  53:Generated_Source\PSoC5/Thermistor.c ****         temp = (int16)((uint16)((uint16)temp >> 1u));
  59              		.loc 1 53 0
  60 002e FB89     		ldrh	r3, [r7, #14]
  61 0030 5B08     		lsrs	r3, r3, #1
ARM GAS  C:\Users\212596~1\AppData\Local\Temp\ccc7eKrg.s 			page 3


  62 0032 9BB2     		uxth	r3, r3
  63 0034 FB81     		strh	r3, [r7, #14]	@ movhi
  54:Generated_Source\PSoC5/Thermistor.c ****         temp = -temp;
  64              		.loc 1 54 0
  65 0036 FB89     		ldrh	r3, [r7, #14]
  66 0038 5B42     		negs	r3, r3
  67 003a 9BB2     		uxth	r3, r3
  68 003c FB81     		strh	r3, [r7, #14]	@ movhi
  69 003e 03E0     		b	.L3
  70              	.L2:
  55:Generated_Source\PSoC5/Thermistor.c ****     }
  56:Generated_Source\PSoC5/Thermistor.c ****     else
  57:Generated_Source\PSoC5/Thermistor.c ****     {
  58:Generated_Source\PSoC5/Thermistor.c ****         temp = (int16)((uint16)((uint16)vReference >> 1u));
  71              		.loc 1 58 0
  72 0040 FB88     		ldrh	r3, [r7, #6]
  73 0042 5B08     		lsrs	r3, r3, #1
  74 0044 9BB2     		uxth	r3, r3
  75 0046 FB81     		strh	r3, [r7, #14]	@ movhi
  76              	.L3:
  59:Generated_Source\PSoC5/Thermistor.c ****     }
  60:Generated_Source\PSoC5/Thermistor.c ****     resT += temp;
  77              		.loc 1 60 0
  78 0048 B7F90E30 		ldrsh	r3, [r7, #14]
  79 004c BA68     		ldr	r2, [r7, #8]
  80 004e 1344     		add	r3, r3, r2
  81 0050 BB60     		str	r3, [r7, #8]
  61:Generated_Source\PSoC5/Thermistor.c ****     resT /= vReference;
  82              		.loc 1 61 0
  83 0052 B7F90630 		ldrsh	r3, [r7, #6]
  84 0056 BA68     		ldr	r2, [r7, #8]
  85 0058 92FBF3F3 		sdiv	r3, r2, r3
  86 005c BB60     		str	r3, [r7, #8]
  62:Generated_Source\PSoC5/Thermistor.c **** 
  63:Generated_Source\PSoC5/Thermistor.c ****     /* The ordering of Reference resistor value is specifically designed to keep the result from ov
  64:Generated_Source\PSoC5/Thermistor.c ****     return ((uint32)((uint32)resT << Thermistor_REF_RES_SHIFT));
  87              		.loc 1 64 0
  88 005e BB68     		ldr	r3, [r7, #8]
  65:Generated_Source\PSoC5/Thermistor.c **** }
  89              		.loc 1 65 0
  90 0060 1846     		mov	r0, r3
  91 0062 1437     		adds	r7, r7, #20
  92              		.cfi_def_cfa_offset 4
  93 0064 BD46     		mov	sp, r7
  94              		.cfi_def_cfa_register 13
  95              		@ sp needed
  96 0066 80BC     		pop	{r7}
  97              		.cfi_restore 7
  98              		.cfi_def_cfa_offset 0
  99 0068 7047     		bx	lr
 100              		.cfi_endproc
 101              	.LFE0:
 102              		.size	Thermistor_GetResistance, .-Thermistor_GetResistance
 103              		.global	__aeabi_ui2d
 104              		.global	__aeabi_d2f
 105              		.global	__aeabi_f2d
 106              		.global	__aeabi_dmul
ARM GAS  C:\Users\212596~1\AppData\Local\Temp\ccc7eKrg.s 			page 4


 107              		.global	__aeabi_dadd
 108              		.global	__aeabi_ddiv
 109              		.global	__aeabi_dsub
 110              		.global	__aeabi_f2iz
 111 006a 00BF     		.section	.text.Thermistor_GetTemperature,"ax",%progbits
 112              		.align	2
 113              		.global	Thermistor_GetTemperature
 114              		.thumb
 115              		.thumb_func
 116              		.type	Thermistor_GetTemperature, %function
 117              	Thermistor_GetTemperature:
 118              	.LFB1:
  66:Generated_Source\PSoC5/Thermistor.c **** 
  67:Generated_Source\PSoC5/Thermistor.c **** 
  68:Generated_Source\PSoC5/Thermistor.c **** /*******************************************************************************
  69:Generated_Source\PSoC5/Thermistor.c **** * Function Name: Thermistor_GetTemperature
  70:Generated_Source\PSoC5/Thermistor.c **** ********************************************************************************
  71:Generated_Source\PSoC5/Thermistor.c **** *
  72:Generated_Source\PSoC5/Thermistor.c **** * Summary:
  73:Generated_Source\PSoC5/Thermistor.c **** *  The value of the thermistor resistance is passed to this function as a
  74:Generated_Source\PSoC5/Thermistor.c **** *  parameter. The function returns the temperature, based on the resistance
  75:Generated_Source\PSoC5/Thermistor.c **** *  value. The method used to calculate the temperature is dependent on whether
  76:Generated_Source\PSoC5/Thermistor.c **** *  Equation or LUT was selected in the Customizer.
  77:Generated_Source\PSoC5/Thermistor.c **** *
  78:Generated_Source\PSoC5/Thermistor.c **** * Parameters:
  79:Generated_Source\PSoC5/Thermistor.c **** *  resT: the resistance across the thermistor in Ohms.
  80:Generated_Source\PSoC5/Thermistor.c **** *
  81:Generated_Source\PSoC5/Thermistor.c **** * Return:
  82:Generated_Source\PSoC5/Thermistor.c **** *  The return value is the temperature in 1/100ths of degrees C. For example,
  83:Generated_Source\PSoC5/Thermistor.c **** *  the return value is 2345, when the actual temperature is 23.45 degrees C.
  84:Generated_Source\PSoC5/Thermistor.c **** *
  85:Generated_Source\PSoC5/Thermistor.c **** *******************************************************************************/
  86:Generated_Source\PSoC5/Thermistor.c **** int16 Thermistor_GetTemperature(uint32 resT) 
  87:Generated_Source\PSoC5/Thermistor.c **** {
 119              		.loc 1 87 0
 120              		.cfi_startproc
 121              		@ args = 0, pretend = 0, frame = 24
 122              		@ frame_needed = 1, uses_anonymous_args = 0
 123 0000 B0B5     		push	{r4, r5, r7, lr}
 124              		.cfi_def_cfa_offset 16
 125              		.cfi_offset 4, -16
 126              		.cfi_offset 5, -12
 127              		.cfi_offset 7, -8
 128              		.cfi_offset 14, -4
 129 0002 86B0     		sub	sp, sp, #24
 130              		.cfi_def_cfa_offset 40
 131 0004 00AF     		add	r7, sp, #0
 132              		.cfi_def_cfa_register 7
 133 0006 7860     		str	r0, [r7, #4]
  88:Generated_Source\PSoC5/Thermistor.c ****     int16 tempTR;
  89:Generated_Source\PSoC5/Thermistor.c ****     
  90:Generated_Source\PSoC5/Thermistor.c ****     #if (Thermistor_IMPLEMENTATION == Thermistor_EQUATION_METHOD)
  91:Generated_Source\PSoC5/Thermistor.c **** 
  92:Generated_Source\PSoC5/Thermistor.c ****         float32 stEqn;
  93:Generated_Source\PSoC5/Thermistor.c ****         float32 logrT;
  94:Generated_Source\PSoC5/Thermistor.c **** 
  95:Generated_Source\PSoC5/Thermistor.c ****         /* Calculate thermistor resistance from the voltages */
ARM GAS  C:\Users\212596~1\AppData\Local\Temp\ccc7eKrg.s 			page 5


  96:Generated_Source\PSoC5/Thermistor.c ****         #if(!CY_PSOC3)
  97:Generated_Source\PSoC5/Thermistor.c ****             logrT = (float32)log((float64)resT);
 134              		.loc 1 97 0
 135 0008 7868     		ldr	r0, [r7, #4]
 136 000a FFF7FEFF 		bl	__aeabi_ui2d
 137 000e 0346     		mov	r3, r0
 138 0010 0C46     		mov	r4, r1
 139 0012 1846     		mov	r0, r3
 140 0014 2146     		mov	r1, r4
 141 0016 FFF7FEFF 		bl	log
 142 001a 0346     		mov	r3, r0
 143 001c 0C46     		mov	r4, r1
 144 001e 1846     		mov	r0, r3
 145 0020 2146     		mov	r1, r4
 146 0022 FFF7FEFF 		bl	__aeabi_d2f
 147 0026 0346     		mov	r3, r0
 148 0028 7B61     		str	r3, [r7, #20]	@ float
  98:Generated_Source\PSoC5/Thermistor.c ****         #else
  99:Generated_Source\PSoC5/Thermistor.c ****             logrT = log((float32)resT);
 100:Generated_Source\PSoC5/Thermistor.c ****         #endif  /* (!CY_PSOC3) */
 101:Generated_Source\PSoC5/Thermistor.c **** 
 102:Generated_Source\PSoC5/Thermistor.c ****         /* Calculate temperature from the resistance of thermistor using Steinhart-Hart Equation */
 103:Generated_Source\PSoC5/Thermistor.c ****         #if(!CY_PSOC3)
 104:Generated_Source\PSoC5/Thermistor.c ****             stEqn = (float32)(Thermistor_THA + (Thermistor_THB * logrT) + 
 149              		.loc 1 104 0
 150 002a 7869     		ldr	r0, [r7, #20]	@ float
 151 002c FFF7FEFF 		bl	__aeabi_f2d
 152 0030 33A3     		adr	r3, .L7
 153 0032 D3E90023 		ldrd	r2, [r3]
 154 0036 FFF7FEFF 		bl	__aeabi_dmul
 155 003a 0346     		mov	r3, r0
 156 003c 0C46     		mov	r4, r1
 157 003e 1846     		mov	r0, r3
 158 0040 2146     		mov	r1, r4
 159 0042 31A3     		adr	r3, .L7+8
 160 0044 D3E90023 		ldrd	r2, [r3]
 161 0048 FFF7FEFF 		bl	__aeabi_dadd
 162 004c 0346     		mov	r3, r0
 163 004e 0C46     		mov	r4, r1
 164 0050 2546     		mov	r5, r4
 165 0052 1C46     		mov	r4, r3
 105:Generated_Source\PSoC5/Thermistor.c ****                              (Thermistor_THC * pow((float64)logrT, (float32)3)));
 166              		.loc 1 105 0
 167 0054 7869     		ldr	r0, [r7, #20]	@ float
 168 0056 FFF7FEFF 		bl	__aeabi_f2d
 169 005a 4FF00002 		mov	r2, #0
 170 005e 304B     		ldr	r3, .L7+32
 171 0060 FFF7FEFF 		bl	pow
 172 0064 2AA3     		adr	r3, .L7+16
 173 0066 D3E90023 		ldrd	r2, [r3]
 174 006a FFF7FEFF 		bl	__aeabi_dmul
 175 006e 0246     		mov	r2, r0
 176 0070 0B46     		mov	r3, r1
 104:Generated_Source\PSoC5/Thermistor.c ****                              (Thermistor_THC * pow((float64)logrT, (float32)3)));
 177              		.loc 1 104 0
 178 0072 2046     		mov	r0, r4
 179 0074 2946     		mov	r1, r5
ARM GAS  C:\Users\212596~1\AppData\Local\Temp\ccc7eKrg.s 			page 6


 180 0076 FFF7FEFF 		bl	__aeabi_dadd
 181 007a 0346     		mov	r3, r0
 182 007c 0C46     		mov	r4, r1
 183 007e 1846     		mov	r0, r3
 184 0080 2146     		mov	r1, r4
 185 0082 FFF7FEFF 		bl	__aeabi_d2f
 186 0086 0346     		mov	r3, r0
 187 0088 3B61     		str	r3, [r7, #16]	@ float
 106:Generated_Source\PSoC5/Thermistor.c ****         #else
 107:Generated_Source\PSoC5/Thermistor.c ****             stEqn = (float32)(Thermistor_THA + (Thermistor_THB * logrT) + 
 108:Generated_Source\PSoC5/Thermistor.c ****                              (Thermistor_THC * pow(logrT, (float32)3)));
 109:Generated_Source\PSoC5/Thermistor.c ****         #endif  /* (!CY_PSOC3) */
 110:Generated_Source\PSoC5/Thermistor.c **** 
 111:Generated_Source\PSoC5/Thermistor.c ****         tempTR = (int16)((float32)((((1.0 / stEqn) - Thermistor_K2C) * (float32)Thermistor_SCALE) +
 188              		.loc 1 111 0
 189 008a 3869     		ldr	r0, [r7, #16]	@ float
 190 008c FFF7FEFF 		bl	__aeabi_f2d
 191 0090 0346     		mov	r3, r0
 192 0092 0C46     		mov	r4, r1
 193 0094 1A46     		mov	r2, r3
 194 0096 2346     		mov	r3, r4
 195 0098 4FF00000 		mov	r0, #0
 196 009c 2149     		ldr	r1, .L7+36
 197 009e FFF7FEFF 		bl	__aeabi_ddiv
 198 00a2 0346     		mov	r3, r0
 199 00a4 0C46     		mov	r4, r1
 200 00a6 1846     		mov	r0, r3
 201 00a8 2146     		mov	r1, r4
 202 00aa 1BA3     		adr	r3, .L7+24
 203 00ac D3E90023 		ldrd	r2, [r3]
 204 00b0 FFF7FEFF 		bl	__aeabi_dsub
 205 00b4 0346     		mov	r3, r0
 206 00b6 0C46     		mov	r4, r1
 207 00b8 1846     		mov	r0, r3
 208 00ba 2146     		mov	r1, r4
 209 00bc 4FF00002 		mov	r2, #0
 210 00c0 194B     		ldr	r3, .L7+40
 211 00c2 FFF7FEFF 		bl	__aeabi_dmul
 212 00c6 0346     		mov	r3, r0
 213 00c8 0C46     		mov	r4, r1
 214 00ca 1846     		mov	r0, r3
 215 00cc 2146     		mov	r1, r4
 216 00ce 4FF00002 		mov	r2, #0
 217 00d2 164B     		ldr	r3, .L7+44
 218 00d4 FFF7FEFF 		bl	__aeabi_dadd
 219 00d8 0346     		mov	r3, r0
 220 00da 0C46     		mov	r4, r1
 221 00dc 1846     		mov	r0, r3
 222 00de 2146     		mov	r1, r4
 223 00e0 FFF7FEFF 		bl	__aeabi_d2f
 224 00e4 0346     		mov	r3, r0
 225 00e6 1846     		mov	r0, r3
 226 00e8 FFF7FEFF 		bl	__aeabi_f2iz
 227 00ec 0346     		mov	r3, r0
 228 00ee FB81     		strh	r3, [r7, #14]	@ movhi
 112:Generated_Source\PSoC5/Thermistor.c **** 
 113:Generated_Source\PSoC5/Thermistor.c ****     #else /* Thermistor_IMPLEMENTATION == Thermistor_LUT_METHOD */
ARM GAS  C:\Users\212596~1\AppData\Local\Temp\ccc7eKrg.s 			page 7


 114:Generated_Source\PSoC5/Thermistor.c **** 
 115:Generated_Source\PSoC5/Thermistor.c ****         uint16 mid;
 116:Generated_Source\PSoC5/Thermistor.c ****         uint16 first = 0u;
 117:Generated_Source\PSoC5/Thermistor.c ****         uint16 last = Thermistor_LUT_SIZE - 1u;
 118:Generated_Source\PSoC5/Thermistor.c **** 
 119:Generated_Source\PSoC5/Thermistor.c ****         /* Calculate temperature from the resistance of thermistor by using the LUT */
 120:Generated_Source\PSoC5/Thermistor.c ****         while (first < last)
 121:Generated_Source\PSoC5/Thermistor.c ****         {
 122:Generated_Source\PSoC5/Thermistor.c ****             mid = (first + last) >> 1u;
 123:Generated_Source\PSoC5/Thermistor.c **** 
 124:Generated_Source\PSoC5/Thermistor.c ****             if ((0u == mid) || ((Thermistor_LUT_SIZE - 1u) == mid) || (resT == Thermistor_LUT[mid])
 125:Generated_Source\PSoC5/Thermistor.c ****             {
 126:Generated_Source\PSoC5/Thermistor.c ****                 last = mid;
 127:Generated_Source\PSoC5/Thermistor.c ****                 break;
 128:Generated_Source\PSoC5/Thermistor.c ****             }
 129:Generated_Source\PSoC5/Thermistor.c ****             else if (Thermistor_LUT[mid] > resT)
 130:Generated_Source\PSoC5/Thermistor.c ****             {
 131:Generated_Source\PSoC5/Thermistor.c ****                 first = mid + 1u;
 132:Generated_Source\PSoC5/Thermistor.c ****             }
 133:Generated_Source\PSoC5/Thermistor.c ****             else /* (Thermistor_LUT[mid] < resT) */
 134:Generated_Source\PSoC5/Thermistor.c ****             {
 135:Generated_Source\PSoC5/Thermistor.c ****                 last = mid - 1u;
 136:Generated_Source\PSoC5/Thermistor.c ****             }
 137:Generated_Source\PSoC5/Thermistor.c ****         }
 138:Generated_Source\PSoC5/Thermistor.c **** 
 139:Generated_Source\PSoC5/Thermistor.c ****         /* Calculation the closest entry in the LUT */
 140:Generated_Source\PSoC5/Thermistor.c ****         if ((Thermistor_LUT[last] > resT) && (last < (Thermistor_LUT_SIZE - 1u)) &&
 141:Generated_Source\PSoC5/Thermistor.c ****            ((Thermistor_LUT[last] - resT) > (resT - Thermistor_LUT[last + 1u])))
 142:Generated_Source\PSoC5/Thermistor.c ****         {
 143:Generated_Source\PSoC5/Thermistor.c ****             last++;
 144:Generated_Source\PSoC5/Thermistor.c ****         }
 145:Generated_Source\PSoC5/Thermistor.c ****         else if ((Thermistor_LUT[last] < resT) && (last > 0u) &&
 146:Generated_Source\PSoC5/Thermistor.c ****                 ((Thermistor_LUT[last - 1u] - resT) < (resT - Thermistor_LUT[last])))
 147:Generated_Source\PSoC5/Thermistor.c ****         {
 148:Generated_Source\PSoC5/Thermistor.c ****             last--;
 149:Generated_Source\PSoC5/Thermistor.c ****         }
 150:Generated_Source\PSoC5/Thermistor.c ****         else
 151:Generated_Source\PSoC5/Thermistor.c ****         {
 152:Generated_Source\PSoC5/Thermistor.c ****             /* Closest entry in the LUT already found */
 153:Generated_Source\PSoC5/Thermistor.c ****         }
 154:Generated_Source\PSoC5/Thermistor.c **** 
 155:Generated_Source\PSoC5/Thermistor.c ****         tempTR = Thermistor_MIN_TEMP + (int16)((uint16)(last * Thermistor_ACCURACY));
 156:Generated_Source\PSoC5/Thermistor.c **** 
 157:Generated_Source\PSoC5/Thermistor.c ****     #endif /* (Thermistor_IMPLEMENTATION == Thermistor_EQUATION_METHOD) */
 158:Generated_Source\PSoC5/Thermistor.c **** 
 159:Generated_Source\PSoC5/Thermistor.c ****     return (tempTR);
 229              		.loc 1 159 0
 230 00f0 B7F90E30 		ldrsh	r3, [r7, #14]
 160:Generated_Source\PSoC5/Thermistor.c **** }
 231              		.loc 1 160 0
 232 00f4 1846     		mov	r0, r3
 233 00f6 1837     		adds	r7, r7, #24
 234              		.cfi_def_cfa_offset 16
 235 00f8 BD46     		mov	sp, r7
 236              		.cfi_def_cfa_register 13
 237              		@ sp needed
 238 00fa B0BD     		pop	{r4, r5, r7, pc}
ARM GAS  C:\Users\212596~1\AppData\Local\Temp\ccc7eKrg.s 			page 8


 239              	.L8:
 240 00fc AFF30080 		.align	3
 241              	.L7:
 242 0100 4E5710B7 		.word	-1223665842
 243 0104 8596253F 		.word	1059427973
 244 0108 A986037D 		.word	2097383081
 245 010c 37583E3F 		.word	1061050423
 246 0110 9C84CE17 		.word	399410332
 247 0114 A422A03E 		.word	1050682020
 248 0118 66666666 		.word	1717986918
 249 011c 66127140 		.word	1081152102
 250 0120 00000840 		.word	1074266112
 251 0124 0000F03F 		.word	1072693248
 252 0128 00005940 		.word	1079574528
 253 012c 0000E03F 		.word	1071644672
 254              		.cfi_endproc
 255              	.LFE1:
 256              		.size	Thermistor_GetTemperature, .-Thermistor_GetTemperature
 257              		.text
 258              	.Letext0:
 259              		.file 2 "Generated_Source\\PSoC5\\cytypes.h"
 260              		.section	.debug_info,"",%progbits
 261              	.Ldebug_info0:
 262 0000 73010000 		.4byte	0x173
 263 0004 0400     		.2byte	0x4
 264 0006 00000000 		.4byte	.Ldebug_abbrev0
 265 000a 04       		.byte	0x4
 266 000b 01       		.uleb128 0x1
 267 000c 00000000 		.4byte	.LASF27
 268 0010 0C       		.byte	0xc
 269 0011 D5010000 		.4byte	.LASF28
 270 0015 C2000000 		.4byte	.LASF29
 271 0019 00000000 		.4byte	.Ldebug_ranges0+0
 272 001d 00000000 		.4byte	0
 273 0021 00000000 		.4byte	.Ldebug_line0
 274 0025 02       		.uleb128 0x2
 275 0026 04       		.byte	0x4
 276 0027 05       		.byte	0x5
 277 0028 696E7400 		.ascii	"int\000"
 278 002c 03       		.uleb128 0x3
 279 002d 04       		.byte	0x4
 280 002e 07       		.byte	0x7
 281 002f 66010000 		.4byte	.LASF0
 282 0033 03       		.uleb128 0x3
 283 0034 08       		.byte	0x8
 284 0035 05       		.byte	0x5
 285 0036 9F010000 		.4byte	.LASF1
 286 003a 03       		.uleb128 0x3
 287 003b 08       		.byte	0x8
 288 003c 04       		.byte	0x4
 289 003d 07020000 		.4byte	.LASF2
 290 0041 03       		.uleb128 0x3
 291 0042 01       		.byte	0x1
 292 0043 06       		.byte	0x6
 293 0044 13020000 		.4byte	.LASF3
 294 0048 03       		.uleb128 0x3
 295 0049 01       		.byte	0x1
ARM GAS  C:\Users\212596~1\AppData\Local\Temp\ccc7eKrg.s 			page 9


 296 004a 08       		.byte	0x8
 297 004b F9000000 		.4byte	.LASF4
 298 004f 03       		.uleb128 0x3
 299 0050 02       		.byte	0x2
 300 0051 05       		.byte	0x5
 301 0052 B2010000 		.4byte	.LASF5
 302 0056 03       		.uleb128 0x3
 303 0057 02       		.byte	0x2
 304 0058 07       		.byte	0x7
 305 0059 A1000000 		.4byte	.LASF6
 306 005d 03       		.uleb128 0x3
 307 005e 04       		.byte	0x4
 308 005f 05       		.byte	0x5
 309 0060 F9010000 		.4byte	.LASF7
 310 0064 03       		.uleb128 0x3
 311 0065 04       		.byte	0x4
 312 0066 07       		.byte	0x7
 313 0067 13010000 		.4byte	.LASF8
 314 006b 03       		.uleb128 0x3
 315 006c 08       		.byte	0x8
 316 006d 07       		.byte	0x7
 317 006e 73010000 		.4byte	.LASF9
 318 0072 03       		.uleb128 0x3
 319 0073 04       		.byte	0x4
 320 0074 07       		.byte	0x7
 321 0075 96010000 		.4byte	.LASF10
 322 0079 03       		.uleb128 0x3
 323 007a 01       		.byte	0x1
 324 007b 08       		.byte	0x8
 325 007c AD010000 		.4byte	.LASF11
 326 0080 04       		.uleb128 0x4
 327 0081 58010000 		.4byte	.LASF12
 328 0085 02       		.byte	0x2
 329 0086 9301     		.2byte	0x193
 330 0088 56000000 		.4byte	0x56
 331 008c 04       		.uleb128 0x4
 332 008d 5F010000 		.4byte	.LASF13
 333 0091 02       		.byte	0x2
 334 0092 9401     		.2byte	0x194
 335 0094 64000000 		.4byte	0x64
 336 0098 04       		.uleb128 0x4
 337 0099 0D010000 		.4byte	.LASF14
 338 009d 02       		.byte	0x2
 339 009e 9601     		.2byte	0x196
 340 00a0 4F000000 		.4byte	0x4f
 341 00a4 04       		.uleb128 0x4
 342 00a5 2A010000 		.4byte	.LASF15
 343 00a9 02       		.byte	0x2
 344 00aa 9701     		.2byte	0x197
 345 00ac 5D000000 		.4byte	0x5d
 346 00b0 04       		.uleb128 0x4
 347 00b1 B4000000 		.4byte	.LASF16
 348 00b5 02       		.byte	0x2
 349 00b6 9801     		.2byte	0x198
 350 00b8 BC000000 		.4byte	0xbc
 351 00bc 03       		.uleb128 0x3
 352 00bd 04       		.byte	0x4
ARM GAS  C:\Users\212596~1\AppData\Local\Temp\ccc7eKrg.s 			page 10


 353 00be 04       		.byte	0x4
 354 00bf BC000000 		.4byte	.LASF17
 355 00c3 04       		.uleb128 0x4
 356 00c4 8E000000 		.4byte	.LASF18
 357 00c8 02       		.byte	0x2
 358 00c9 9C01     		.2byte	0x19c
 359 00cb CF000000 		.4byte	0xcf
 360 00cf 03       		.uleb128 0x3
 361 00d0 08       		.byte	0x8
 362 00d1 04       		.byte	0x4
 363 00d2 51010000 		.4byte	.LASF19
 364 00d6 05       		.uleb128 0x5
 365 00d7 BC010000 		.4byte	.LASF30
 366 00db 01       		.byte	0x1
 367 00dc 2A       		.byte	0x2a
 368 00dd 8C000000 		.4byte	0x8c
 369 00e1 00000000 		.4byte	.LFB0
 370 00e5 6A000000 		.4byte	.LFE0-.LFB0
 371 00e9 01       		.uleb128 0x1
 372 00ea 9C       		.byte	0x9c
 373 00eb 28010000 		.4byte	0x128
 374 00ef 06       		.uleb128 0x6
 375 00f0 96000000 		.4byte	.LASF20
 376 00f4 01       		.byte	0x1
 377 00f5 2A       		.byte	0x2a
 378 00f6 98000000 		.4byte	0x98
 379 00fa 02       		.uleb128 0x2
 380 00fb 91       		.byte	0x91
 381 00fc 6E       		.sleb128 -18
 382 00fd 06       		.uleb128 0x6
 383 00fe 8A010000 		.4byte	.LASF21
 384 0102 01       		.byte	0x1
 385 0103 2A       		.byte	0x2a
 386 0104 98000000 		.4byte	0x98
 387 0108 02       		.uleb128 0x2
 388 0109 91       		.byte	0x91
 389 010a 6C       		.sleb128 -20
 390 010b 07       		.uleb128 0x7
 391 010c 02020000 		.4byte	.LASF22
 392 0110 01       		.byte	0x1
 393 0111 2D       		.byte	0x2d
 394 0112 A4000000 		.4byte	0xa4
 395 0116 02       		.uleb128 0x2
 396 0117 91       		.byte	0x91
 397 0118 70       		.sleb128 -16
 398 0119 07       		.uleb128 0x7
 399 011a 25010000 		.4byte	.LASF23
 400 011e 01       		.byte	0x1
 401 011f 2E       		.byte	0x2e
 402 0120 98000000 		.4byte	0x98
 403 0124 02       		.uleb128 0x2
 404 0125 91       		.byte	0x91
 405 0126 76       		.sleb128 -10
 406 0127 00       		.byte	0
 407 0128 08       		.uleb128 0x8
 408 0129 30010000 		.4byte	.LASF31
 409 012d 01       		.byte	0x1
ARM GAS  C:\Users\212596~1\AppData\Local\Temp\ccc7eKrg.s 			page 11


 410 012e 56       		.byte	0x56
 411 012f 98000000 		.4byte	0x98
 412 0133 00000000 		.4byte	.LFB1
 413 0137 30010000 		.4byte	.LFE1-.LFB1
 414 013b 01       		.uleb128 0x1
 415 013c 9C       		.byte	0x9c
 416 013d 06       		.uleb128 0x6
 417 013e 02020000 		.4byte	.LASF22
 418 0142 01       		.byte	0x1
 419 0143 56       		.byte	0x56
 420 0144 8C000000 		.4byte	0x8c
 421 0148 02       		.uleb128 0x2
 422 0149 91       		.byte	0x91
 423 014a 5C       		.sleb128 -36
 424 014b 07       		.uleb128 0x7
 425 014c 4A010000 		.4byte	.LASF24
 426 0150 01       		.byte	0x1
 427 0151 58       		.byte	0x58
 428 0152 98000000 		.4byte	0x98
 429 0156 02       		.uleb128 0x2
 430 0157 91       		.byte	0x91
 431 0158 66       		.sleb128 -26
 432 0159 07       		.uleb128 0x7
 433 015a 1F020000 		.4byte	.LASF25
 434 015e 01       		.byte	0x1
 435 015f 5C       		.byte	0x5c
 436 0160 B0000000 		.4byte	0xb0
 437 0164 02       		.uleb128 0x2
 438 0165 91       		.byte	0x91
 439 0166 68       		.sleb128 -24
 440 0167 07       		.uleb128 0x7
 441 0168 07010000 		.4byte	.LASF26
 442 016c 01       		.byte	0x1
 443 016d 5D       		.byte	0x5d
 444 016e B0000000 		.4byte	0xb0
 445 0172 02       		.uleb128 0x2
 446 0173 91       		.byte	0x91
 447 0174 6C       		.sleb128 -20
 448 0175 00       		.byte	0
 449 0176 00       		.byte	0
 450              		.section	.debug_abbrev,"",%progbits
 451              	.Ldebug_abbrev0:
 452 0000 01       		.uleb128 0x1
 453 0001 11       		.uleb128 0x11
 454 0002 01       		.byte	0x1
 455 0003 25       		.uleb128 0x25
 456 0004 0E       		.uleb128 0xe
 457 0005 13       		.uleb128 0x13
 458 0006 0B       		.uleb128 0xb
 459 0007 03       		.uleb128 0x3
 460 0008 0E       		.uleb128 0xe
 461 0009 1B       		.uleb128 0x1b
 462 000a 0E       		.uleb128 0xe
 463 000b 55       		.uleb128 0x55
 464 000c 17       		.uleb128 0x17
 465 000d 11       		.uleb128 0x11
 466 000e 01       		.uleb128 0x1
ARM GAS  C:\Users\212596~1\AppData\Local\Temp\ccc7eKrg.s 			page 12


 467 000f 10       		.uleb128 0x10
 468 0010 17       		.uleb128 0x17
 469 0011 00       		.byte	0
 470 0012 00       		.byte	0
 471 0013 02       		.uleb128 0x2
 472 0014 24       		.uleb128 0x24
 473 0015 00       		.byte	0
 474 0016 0B       		.uleb128 0xb
 475 0017 0B       		.uleb128 0xb
 476 0018 3E       		.uleb128 0x3e
 477 0019 0B       		.uleb128 0xb
 478 001a 03       		.uleb128 0x3
 479 001b 08       		.uleb128 0x8
 480 001c 00       		.byte	0
 481 001d 00       		.byte	0
 482 001e 03       		.uleb128 0x3
 483 001f 24       		.uleb128 0x24
 484 0020 00       		.byte	0
 485 0021 0B       		.uleb128 0xb
 486 0022 0B       		.uleb128 0xb
 487 0023 3E       		.uleb128 0x3e
 488 0024 0B       		.uleb128 0xb
 489 0025 03       		.uleb128 0x3
 490 0026 0E       		.uleb128 0xe
 491 0027 00       		.byte	0
 492 0028 00       		.byte	0
 493 0029 04       		.uleb128 0x4
 494 002a 16       		.uleb128 0x16
 495 002b 00       		.byte	0
 496 002c 03       		.uleb128 0x3
 497 002d 0E       		.uleb128 0xe
 498 002e 3A       		.uleb128 0x3a
 499 002f 0B       		.uleb128 0xb
 500 0030 3B       		.uleb128 0x3b
 501 0031 05       		.uleb128 0x5
 502 0032 49       		.uleb128 0x49
 503 0033 13       		.uleb128 0x13
 504 0034 00       		.byte	0
 505 0035 00       		.byte	0
 506 0036 05       		.uleb128 0x5
 507 0037 2E       		.uleb128 0x2e
 508 0038 01       		.byte	0x1
 509 0039 3F       		.uleb128 0x3f
 510 003a 19       		.uleb128 0x19
 511 003b 03       		.uleb128 0x3
 512 003c 0E       		.uleb128 0xe
 513 003d 3A       		.uleb128 0x3a
 514 003e 0B       		.uleb128 0xb
 515 003f 3B       		.uleb128 0x3b
 516 0040 0B       		.uleb128 0xb
 517 0041 27       		.uleb128 0x27
 518 0042 19       		.uleb128 0x19
 519 0043 49       		.uleb128 0x49
 520 0044 13       		.uleb128 0x13
 521 0045 11       		.uleb128 0x11
 522 0046 01       		.uleb128 0x1
 523 0047 12       		.uleb128 0x12
ARM GAS  C:\Users\212596~1\AppData\Local\Temp\ccc7eKrg.s 			page 13


 524 0048 06       		.uleb128 0x6
 525 0049 40       		.uleb128 0x40
 526 004a 18       		.uleb128 0x18
 527 004b 9742     		.uleb128 0x2117
 528 004d 19       		.uleb128 0x19
 529 004e 01       		.uleb128 0x1
 530 004f 13       		.uleb128 0x13
 531 0050 00       		.byte	0
 532 0051 00       		.byte	0
 533 0052 06       		.uleb128 0x6
 534 0053 05       		.uleb128 0x5
 535 0054 00       		.byte	0
 536 0055 03       		.uleb128 0x3
 537 0056 0E       		.uleb128 0xe
 538 0057 3A       		.uleb128 0x3a
 539 0058 0B       		.uleb128 0xb
 540 0059 3B       		.uleb128 0x3b
 541 005a 0B       		.uleb128 0xb
 542 005b 49       		.uleb128 0x49
 543 005c 13       		.uleb128 0x13
 544 005d 02       		.uleb128 0x2
 545 005e 18       		.uleb128 0x18
 546 005f 00       		.byte	0
 547 0060 00       		.byte	0
 548 0061 07       		.uleb128 0x7
 549 0062 34       		.uleb128 0x34
 550 0063 00       		.byte	0
 551 0064 03       		.uleb128 0x3
 552 0065 0E       		.uleb128 0xe
 553 0066 3A       		.uleb128 0x3a
 554 0067 0B       		.uleb128 0xb
 555 0068 3B       		.uleb128 0x3b
 556 0069 0B       		.uleb128 0xb
 557 006a 49       		.uleb128 0x49
 558 006b 13       		.uleb128 0x13
 559 006c 02       		.uleb128 0x2
 560 006d 18       		.uleb128 0x18
 561 006e 00       		.byte	0
 562 006f 00       		.byte	0
 563 0070 08       		.uleb128 0x8
 564 0071 2E       		.uleb128 0x2e
 565 0072 01       		.byte	0x1
 566 0073 3F       		.uleb128 0x3f
 567 0074 19       		.uleb128 0x19
 568 0075 03       		.uleb128 0x3
 569 0076 0E       		.uleb128 0xe
 570 0077 3A       		.uleb128 0x3a
 571 0078 0B       		.uleb128 0xb
 572 0079 3B       		.uleb128 0x3b
 573 007a 0B       		.uleb128 0xb
 574 007b 27       		.uleb128 0x27
 575 007c 19       		.uleb128 0x19
 576 007d 49       		.uleb128 0x49
 577 007e 13       		.uleb128 0x13
 578 007f 11       		.uleb128 0x11
 579 0080 01       		.uleb128 0x1
 580 0081 12       		.uleb128 0x12
ARM GAS  C:\Users\212596~1\AppData\Local\Temp\ccc7eKrg.s 			page 14


 581 0082 06       		.uleb128 0x6
 582 0083 40       		.uleb128 0x40
 583 0084 18       		.uleb128 0x18
 584 0085 9642     		.uleb128 0x2116
 585 0087 19       		.uleb128 0x19
 586 0088 00       		.byte	0
 587 0089 00       		.byte	0
 588 008a 00       		.byte	0
 589              		.section	.debug_aranges,"",%progbits
 590 0000 24000000 		.4byte	0x24
 591 0004 0200     		.2byte	0x2
 592 0006 00000000 		.4byte	.Ldebug_info0
 593 000a 04       		.byte	0x4
 594 000b 00       		.byte	0
 595 000c 0000     		.2byte	0
 596 000e 0000     		.2byte	0
 597 0010 00000000 		.4byte	.LFB0
 598 0014 6A000000 		.4byte	.LFE0-.LFB0
 599 0018 00000000 		.4byte	.LFB1
 600 001c 30010000 		.4byte	.LFE1-.LFB1
 601 0020 00000000 		.4byte	0
 602 0024 00000000 		.4byte	0
 603              		.section	.debug_ranges,"",%progbits
 604              	.Ldebug_ranges0:
 605 0000 00000000 		.4byte	.LFB0
 606 0004 6A000000 		.4byte	.LFE0
 607 0008 00000000 		.4byte	.LFB1
 608 000c 30010000 		.4byte	.LFE1
 609 0010 00000000 		.4byte	0
 610 0014 00000000 		.4byte	0
 611              		.section	.debug_line,"",%progbits
 612              	.Ldebug_line0:
 613 0000 85000000 		.section	.debug_str,"MS",%progbits,1
 613      02004700 
 613      00000201 
 613      FB0E0D00 
 613      01010101 
 614              	.LASF27:
 615 0000 474E5520 		.ascii	"GNU C11 5.4.1 20160609 (release) [ARM/embedded-5-br"
 615      43313120 
 615      352E342E 
 615      31203230 
 615      31363036 
 616 0033 616E6368 		.ascii	"anch revision 237715] -mcpu=cortex-m3 -mthumb -g -O"
 616      20726576 
 616      6973696F 
 616      6E203233 
 616      37373135 
 617 0066 30202D66 		.ascii	"0 -ffunction-sections -ffat-lto-objects\000"
 617      66756E63 
 617      74696F6E 
 617      2D736563 
 617      74696F6E 
 618              	.LASF18:
 619 008e 666C6F61 		.ascii	"float64\000"
 619      74363400 
 620              	.LASF20:
ARM GAS  C:\Users\212596~1\AppData\Local\Temp\ccc7eKrg.s 			page 15


 621 0096 76526566 		.ascii	"vReference\000"
 621      6572656E 
 621      636500
 622              	.LASF6:
 623 00a1 73686F72 		.ascii	"short unsigned int\000"
 623      7420756E 
 623      7369676E 
 623      65642069 
 623      6E7400
 624              	.LASF16:
 625 00b4 666C6F61 		.ascii	"float32\000"
 625      74333200 
 626              	.LASF17:
 627 00bc 666C6F61 		.ascii	"float\000"
 627      7400
 628              	.LASF29:
 629 00c2 433A5C55 		.ascii	"C:\\Users\\212596486\\Documents\\PSoC Creator\\Temp"
 629      73657273 
 629      5C323132 
 629      35393634 
 629      38365C44 
 630 00f0 20322E63 		.ascii	" 2.cydsn\000"
 630      7964736E 
 630      00
 631              	.LASF4:
 632 00f9 756E7369 		.ascii	"unsigned char\000"
 632      676E6564 
 632      20636861 
 632      7200
 633              	.LASF26:
 634 0107 6C6F6772 		.ascii	"logrT\000"
 634      5400
 635              	.LASF14:
 636 010d 696E7431 		.ascii	"int16\000"
 636      3600
 637              	.LASF8:
 638 0113 6C6F6E67 		.ascii	"long unsigned int\000"
 638      20756E73 
 638      69676E65 
 638      6420696E 
 638      7400
 639              	.LASF23:
 640 0125 74656D70 		.ascii	"temp\000"
 640      00
 641              	.LASF15:
 642 012a 696E7433 		.ascii	"int32\000"
 642      3200
 643              	.LASF31:
 644 0130 54686572 		.ascii	"Thermistor_GetTemperature\000"
 644      6D697374 
 644      6F725F47 
 644      65745465 
 644      6D706572 
 645              	.LASF24:
 646 014a 74656D70 		.ascii	"tempTR\000"
 646      545200
 647              	.LASF19:
ARM GAS  C:\Users\212596~1\AppData\Local\Temp\ccc7eKrg.s 			page 16


 648 0151 646F7562 		.ascii	"double\000"
 648      6C6500
 649              	.LASF12:
 650 0158 75696E74 		.ascii	"uint16\000"
 650      313600
 651              	.LASF13:
 652 015f 75696E74 		.ascii	"uint32\000"
 652      333200
 653              	.LASF0:
 654 0166 756E7369 		.ascii	"unsigned int\000"
 654      676E6564 
 654      20696E74 
 654      00
 655              	.LASF9:
 656 0173 6C6F6E67 		.ascii	"long long unsigned int\000"
 656      206C6F6E 
 656      6720756E 
 656      7369676E 
 656      65642069 
 657              	.LASF21:
 658 018a 76546865 		.ascii	"vThermistor\000"
 658      726D6973 
 658      746F7200 
 659              	.LASF10:
 660 0196 73697A65 		.ascii	"sizetype\000"
 660      74797065 
 660      00
 661              	.LASF1:
 662 019f 6C6F6E67 		.ascii	"long long int\000"
 662      206C6F6E 
 662      6720696E 
 662      7400
 663              	.LASF11:
 664 01ad 63686172 		.ascii	"char\000"
 664      00
 665              	.LASF5:
 666 01b2 73686F72 		.ascii	"short int\000"
 666      7420696E 
 666      7400
 667              	.LASF30:
 668 01bc 54686572 		.ascii	"Thermistor_GetResistance\000"
 668      6D697374 
 668      6F725F47 
 668      65745265 
 668      73697374 
 669              	.LASF28:
 670 01d5 47656E65 		.ascii	"Generated_Source\\PSoC5\\Thermistor.c\000"
 670      72617465 
 670      645F536F 
 670      75726365 
 670      5C50536F 
 671              	.LASF7:
 672 01f9 6C6F6E67 		.ascii	"long int\000"
 672      20696E74 
 672      00
 673              	.LASF22:
 674 0202 72657354 		.ascii	"resT\000"
ARM GAS  C:\Users\212596~1\AppData\Local\Temp\ccc7eKrg.s 			page 17


 674      00
 675              	.LASF2:
 676 0207 6C6F6E67 		.ascii	"long double\000"
 676      20646F75 
 676      626C6500 
 677              	.LASF3:
 678 0213 7369676E 		.ascii	"signed char\000"
 678      65642063 
 678      68617200 
 679              	.LASF25:
 680 021f 73744571 		.ascii	"stEqn\000"
 680      6E00
 681              		.ident	"GCC: (GNU Tools for ARM Embedded Processors) 5.4.1 20160609 (release) [ARM/embedded-5-bran
